
 Start         Length     Name                   Class
 0001:00000000 00011CCCH .text                   CODE
 0002:00000000 0000019CH .data                   DATA
 0002:0000019C 000000BDH .bss                    BSS


Detailed map of segments

 0001:00000000 000001CE C=CODE     S=.text    G=(none)   M=System   ACBP=A9
 0001:000001D0 000001EC C=CODE     S=.text    G=(none)   M=SysInit  ACBP=A9
 0001:000003BC 000001A8 C=CODE     S=.text    G=(none)   M=Windows  ACBP=A9
 0001:00000564 0000000E C=CODE     S=.text    G=(none)   M=Types    ACBP=A9
 0001:00000574 00000038 C=CODE     S=.text    G=(none)   M=Messages ACBP=A9
 0001:000005AC 0000011E C=CODE     S=.text    G=(none)   M=Classes  ACBP=A9
 0001:000006CC 0000000E C=CODE     S=.text    G=(none)   M=ActiveX  ACBP=A9
 0001:000006DC 0000000E C=CODE     S=.text    G=(none)   M=TypInfo  ACBP=A9
 0001:000006EC 0000004E C=CODE     S=.text    G=(none)   M=SysUtils ACBP=A9
 0001:0000073C 0000000E C=CODE     S=.text    G=(none)   M=SysConst ACBP=A9
 0001:0000074C 0000000E C=CODE     S=.text    G=(none)   M=Variants ACBP=A9
 0001:0000075C 0000000E C=CODE     S=.text    G=(none)   M=VarUtils ACBP=A9
 0001:0000076C 0000000E C=CODE     S=.text    G=(none)   M=RTLConsts ACBP=A9
 0001:0000077C 00000016 C=CODE     S=.text    G=(none)   M=IniFiles ACBP=A9
 0001:00000794 00000046 C=CODE     S=.text    G=(none)   M=Registry ACBP=A9
 0001:000007DC 0000009E C=CODE     S=.text    G=(none)   M=Graphics ACBP=A9
 0001:0000087C 0000000E C=CODE     S=.text    G=(none)   M=Consts   ACBP=A9
 0001:0000088C 0000038E C=CODE     S=.text    G=(none)   M=Controls ACBP=A9
 0001:00000C1C 0000000E C=CODE     S=.text    G=(none)   M=ActnList ACBP=A9
 0001:00000C2C 0000000E C=CODE     S=.text    G=(none)   M=Contnrs  ACBP=A9
 0001:00000C3C 0000000E C=CODE     S=.text    G=(none)   M=Math     ACBP=A9
 0001:00000C4C 0000000E C=CODE     S=.text    G=(none)   M=ImgList  ACBP=A9
 0001:00000C5C 00000038 C=CODE     S=.text    G=(none)   M=CommCtrl ACBP=A9
 0001:00000C94 00000146 C=CODE     S=.text    G=(none)   M=Forms    ACBP=A9
 0001:00000DDC 0000000E C=CODE     S=.text    G=(none)   M=HelpIntfs ACBP=A9
 0001:00000DEC 0000000E C=CODE     S=.text    G=(none)   M=MultiMon ACBP=A9
 0001:00000DFC 00000038 C=CODE     S=.text    G=(none)   M=Imm      ACBP=A9
 0001:00000E34 0000000E C=CODE     S=.text    G=(none)   M=Menus    ACBP=A9
 0001:00000E44 0000000E C=CODE     S=.text    G=(none)   M=Themes   ACBP=A9
 0001:00000E54 0000000E C=CODE     S=.text    G=(none)   M=UxTheme  ACBP=A9
 0001:00000E64 0000000E C=CODE     S=.text    G=(none)   M=SyncObjs ACBP=A9
 0001:00000E74 0000000E C=CODE     S=.text    G=(none)   M=ComCtrls ACBP=A9
 0001:00000E84 00000038 C=CODE     S=.text    G=(none)   M=ShlObj   ACBP=A9
 0001:00000EBC 00000038 C=CODE     S=.text    G=(none)   M=UrlMon   ACBP=A9
 0001:00000EF4 00000038 C=CODE     S=.text    G=(none)   M=WinInet  ACBP=A9
 0001:00000F2C 00000038 C=CODE     S=.text    G=(none)   M=RegStr   ACBP=A9
 0001:00000F64 00000038 C=CODE     S=.text    G=(none)   M=ShellAPI ACBP=A9
 0001:00000F9C 0000000E C=CODE     S=.text    G=(none)   M=ListActns ACBP=A9
 0001:00000FAC 0000005E C=CODE     S=.text    G=(none)   M=ExtCtrls ACBP=A9
 0001:0000100C 00000116 C=CODE     S=.text    G=(none)   M=StdCtrls ACBP=A9
 0001:00001124 0000000E C=CODE     S=.text    G=(none)   M=WinHelpViewer ACBP=A9
 0001:00001134 0000000E C=CODE     S=.text    G=(none)   M=StdActns ACBP=A9
 0001:00001144 0000001E C=CODE     S=.text    G=(none)   M=Dialogs  ACBP=A9
 0001:00001164 0000000E C=CODE     S=.text    G=(none)   M=Printers ACBP=A9
 0001:00001174 00000038 C=CODE     S=.text    G=(none)   M=WinSpool ACBP=A9
 0001:000011AC 00000038 C=CODE     S=.text    G=(none)   M=CommDlg  ACBP=A9
 0001:000011E4 00000038 C=CODE     S=.text    G=(none)   M=Dlgs     ACBP=A9
 0001:0000121C 0000000E C=CODE     S=.text    G=(none)   M=StrUtils ACBP=A9
 0001:0000122C 0000000E C=CODE     S=.text    G=(none)   M=Clipbrd  ACBP=A9
 0001:0000123C 0000000E C=CODE     S=.text    G=(none)   M=FlatSB   ACBP=A9
 0001:0000124C 0000000E C=CODE     S=.text    G=(none)   M=ToolWin  ACBP=A9
 0001:0000125C 00000038 C=CODE     S=.text    G=(none)   M=RichEdit ACBP=A9
 0001:00001294 0000000E C=CODE     S=.text    G=(none)   M=ExtActns ACBP=A9
 0001:000012A4 0000000E C=CODE     S=.text    G=(none)   M=ExtDlgs  ACBP=A9
 0001:000012B4 0000000E C=CODE     S=.text    G=(none)   M=Buttons  ACBP=A9
 0001:000012C4 0000000E C=CODE     S=.text    G=(none)   M=Mapi     ACBP=A9
 0001:000012D4 0000000E C=CODE     S=.text    G=(none)   M=ComStrs  ACBP=A9
 0001:000012E4 00001638 C=CODE     S=.text    G=(none)   M=CPortEsc ACBP=A9
 0001:0000291C 000005F8 C=CODE     S=.text    G=(none)   M=CPortTrmSet ACBP=A9
 0001:00002F14 000063A4 C=CODE     S=.text    G=(none)   M=CPortCtl ACBP=A9
 0001:000092B8 000003A0 C=CODE     S=.text    G=(none)   M=CPortSetup ACBP=A9
 0001:00009658 0000844C C=CODE     S=.text    G=(none)   M=CPort    ACBP=A9
 0001:00011AA4 00000225 C=CODE     S=.text    G=(none)   M=CPortLib7 ACBP=A9
 0002:00000000 0000002C C=DATA     S=.data    G=DGROUP   M=SysInit  ACBP=A9
 0002:0000002C 00000040 C=DATA     S=.data    G=DGROUP   M=CPortCtl ACBP=A9
 0002:0000006C 00000128 C=DATA     S=.data    G=DGROUP   M=CPort    ACBP=A9
 0002:00001000 00000010 C=BSS      S=.bss     G=DGROUP   M=SysInit  ACBP=A9
 0002:00001010 00000004 C=BSS      S=.bss     G=DGROUP   M=Windows  ACBP=A9
 0002:00001014 00000004 C=BSS      S=.bss     G=DGROUP   M=Messages ACBP=A9
 0002:00001018 00000004 C=BSS      S=.bss     G=DGROUP   M=CommCtrl ACBP=A9
 0002:0000101C 00000004 C=BSS      S=.bss     G=DGROUP   M=Imm      ACBP=A9
 0002:00001020 00000004 C=BSS      S=.bss     G=DGROUP   M=ShlObj   ACBP=A9
 0002:00001024 00000004 C=BSS      S=.bss     G=DGROUP   M=UrlMon   ACBP=A9
 0002:00001028 00000004 C=BSS      S=.bss     G=DGROUP   M=WinInet  ACBP=A9
 0002:0000102C 00000004 C=BSS      S=.bss     G=DGROUP   M=RegStr   ACBP=A9
 0002:00001030 00000004 C=BSS      S=.bss     G=DGROUP   M=ShellAPI ACBP=A9
 0002:00001034 00000004 C=BSS      S=.bss     G=DGROUP   M=WinSpool ACBP=A9
 0002:00001038 00000004 C=BSS      S=.bss     G=DGROUP   M=CommDlg  ACBP=A9
 0002:0000103C 00000004 C=BSS      S=.bss     G=DGROUP   M=Dlgs     ACBP=A9
 0002:00001040 00000004 C=BSS      S=.bss     G=DGROUP   M=RichEdit ACBP=A9
 0002:00001044 00000004 C=BSS      S=.bss     G=DGROUP   M=CPortEsc ACBP=A9
 0002:00001048 00000004 C=BSS      S=.bss     G=DGROUP   M=CPortTrmSet ACBP=A9
 0002:0000104C 00000008 C=BSS      S=.bss     G=DGROUP   M=CPortCtl ACBP=A9
 0002:00001054 00000004 C=BSS      S=.bss     G=DGROUP   M=CPortSetup ACBP=A9
 0002:00001058 00000064 C=BSS      S=.bss     G=DGROUP   M=CPort    ACBP=A9


  Address         Publics by Name

 0002:00001018       .1
 0002:00001024       .1
 0002:00001020       .1
 0002:0000101C       .1
 0002:0000103C       .1
 0002:00001008       .1
 0002:0000102C       .1
 0002:00001038       .1
 0002:00001030       .1
 0002:00001014       .1
 0002:00001028       .1
 0002:00001040       .1
 0002:00001048       .2
 0002:00001054       .2
 0002:00001058       .21
 0002:00001010       .3
 0002:00001034       .3
 0002:00001044       .4
 0002:00001050       .8
 0001:00011CA4       @GetPackageInfoTable
 0001:00000308       @InitPkg
 0001:00011CAC       @PackageLoad
 0001:0000036C       @PackageLoad
 0001:00000378       @PackageUnload
 0001:00011CB8       @PackageUnload
 0001:00000208       AllocTlsBuffer
 0001:00007C08       AllOff
 0001:00008E48       AppendLineFeeds
 0002:00000114       BaudRateStrings
 0001:000110C8       BaudRateToStr
 0001:0000D1D8       BoolToStr
 0002:00000064       BorderStyles
 0002:0000008C       CBaudRate
 0002:000000EC       CControlDTR
 0002:000000DC       CControlRTS
 0002:000000CC       CDataBits
 0001:0000D508       CharToStr
 0001:0000FB88       CheckLinks
 0001:000003D4       ClearCommError
 0001:000003DC       CloseHandle
 0001:00002574       CodeDevice
 0001:00002474       CodeEraseLine
 0001:000023F4       CodeEraseScreen
 0001:00002604       CodeIdentify
 0001:000024F4       CodeTab
 0002:0000105C       ComErrorMessages
 0001:0000B0C4       ComErrorsToStr
 0001:00000C8C       CommCtrl
 0001:000011DC       CommDlg
 0002:0000104C       ComTerminalFont
 0002:0000006C       CParityBits
 0001:00011318       CPort
 0001:0000925C       CPortCtl
 0001:00002914       CPortEsc
 0001:00011CC4       CPortLib7
 0001:00009650       CPortSetup
 0001:00002F0C       CPortTrmSet
 0001:0000049C       CreateCaret
 0001:000003E4       CreateEvent
 0001:000003EC       CreateFile
 0002:00000080       CStopBits
 0002:00000160       DataBitsStrings
 0001:00011154       DataBitsToStr
 0001:000004A4       DefWindowProc
 0001:000004AC       DestroyCaret
 0001:00010384       DiscardPacketToPos
 0001:00001214       Dlgs
 0001:00010B84       DoneAsync
 0002:000000F8       DTRStrings
 0001:0000D2AC       DTRToStr
 0001:0000B040       e
 0001:000109E0       EComPort.Create
 0001:00010ABC       EComPort.CreateNoWinCode
 0001:00009514       EditComPort
 0001:00002BCC       EditComTerminal
 0001:000105A4       EndPacket
 0001:00010BB4       EnumComPorts
 0001:0000CF24       ErrorCode
 0001:000003F4       EscapeCommFunction
 0001:0000B24C       EventsToInt
 0001:000002B4       ExitProcessTLS
 0001:0000028C       ExitThreadTLS
 0001:0000125C       Finalization
 0001:00000DFC       Finalization
 0001:00000384       Finalization
 0001:00000E84       Finalization
 0001:000011E4       Finalization
 0001:00000EBC       Finalization
 0001:00009620       Finalization
 0001:000011AC       Finalization
 0001:00000EF4       Finalization
 0001:00000F2C       Finalization
 0001:00001174       Finalization
 0001:00000F64       Finalization
 0001:00000C5C       Finalization
 0001:0001123C       Finalization
 0001:00000574       Finalization
 0001:00002EDC       Finalization
 0001:000028E4       Finalization
 0001:0000052C       Finalization
 0001:000091F8       Finalization
 0002:00000184       FlowControlStrings
 0001:00011220       FlowControlToStr
 0001:00008EF8       Force7BitData
 0001:00008F44       Force8BitData
 0001:00010428       FormPacket
 0001:000001D0       FreeLibrary
 0001:000003FC       GetCommModemStatus
 0001:000004B4       GetDC
 0001:00000404       GetLastError
 0001:0000040C       GetOverlappedResult
 0001:000004BC       GetScrollPos
 0001:000004C4       GetScrollRange
 0001:000004CC       GetSystemMetrics
 0001:00000484       GetTextMetrics
 0001:00000214       GetTlsSize
 0001:0000C4C8       GetTOValue
 0001:000004D4       HideCaret
 0002:00001004       HInstance
 0001:00000E2C       Imm
 0001:00010B44       InitAsync
 0001:000002D8       InitializeModule
 0001:00000260       InitProcessTLS
 0001:0000021C       InitThreadTLS
 0001:000004DC       InSendMessage
 0001:0000B2B8       IntToEvents
 0001:000004E4       InvalidateRect
 0001:00010714       IsBufferTooLarge
 0001:000001D8       LocalAlloc
 0001:000001E0       LocalFree
 0001:0000569C       Max
 0001:000005A4       Messages
 0001:00005694       Min
 0002:00000004       Module
 0002:00001000       ModuleIsLib
 0002:00001001       ModuleIsPackage
 0001:00000414       MultiByteToWideChar
 0002:00000048       OffBitmaps
 0002:0000002C       OnBitmaps
 0002:00000170       ParityBitsStrings
 0001:000111BC       ParityToStr
 0001:00002338       ParseParams
 0001:0000048C       PatBlt
 0001:0000FB44       PerformRead
 0001:0000C924       PrepareAsync
 0001:0000041C       PurgeComm
 0001:00000424       ReadFile
 0001:000003BC       RegCloseKey
 0001:000003C4       RegEnumValue
 0001:000003CC       RegOpenKeyEx
 0001:00000F5C       RegStr
 0001:000004EC       ReleaseDC
 0001:000004F4       ReplyMessage
 0001:0000128C       RichEdit
 0002:00000104       RTSStrings
 0001:0000D30C       RTSToStr
 0001:00008264       ScrollBarVisible
 0001:000004FC       ScrollWindowEx
 0001:00000494       SelectObject
 0001:00000504       SendMessage
 0001:0000050C       SetCaretPos
 0001:0000042C       SetCommMask
 0001:00000434       SetCommState
 0001:0000043C       SetCommTimeouts
 0001:00000444       SetEvent
 0001:000082FC       SetHorzRange
 0001:000082D4       SetRange
 0001:0000F344       SetRegistry
 0001:00000514       SetScrollPos
 0001:0000051C       SetScrollRange
 0001:0000044C       SetupComm
 0001:00008360       SetVertRange
 0001:00000F94       ShellAPI
 0001:00000EB4       ShlObj
 0001:00000524       ShowCaret
 0001:000104B8       StartPacket
 0002:00000154       StopBitsStrings
 0001:00011108       StopBitsToStr
 0001:00010D18       StrToBaudRate
 0001:0000D214       StrToBool
 0001:0000D440       StrToChar
 0001:00010E30       StrToDataBits
 0001:0000D3B4       StrToDTR
 0001:00010F48       StrToFlowControl
 0001:00010EBC       StrToParity
 0001:0000D328       StrToRTS
 0001:00010DA4       StrToStopBits
 0001:000003B4       SysInit
 0001:0000BC14       TComBuffer.AssignTo
 0001:0000BBD0       TComBuffer.Create
 0001:0000BC48       TComBuffer.SetComPort
 0001:0000BC4C       TComBuffer.SetInputSize
 0001:0000BC80       TComBuffer.SetOutputSize
 0001:00005C9C       TComComboBox.ApplySettings
 0001:00005D14       TComComboBox.Change
 0001:00005C04       TComComboBox.Create
 0001:00005C6C       TComComboBox.Destroy
 0001:00005DA0       TComComboBox.GetAutoApply
 0001:00005D94       TComComboBox.GetComPort
 0001:00005E78       TComComboBox.GetComProperty
 0001:00005DB8       TComComboBox.GetText
 0001:00005CCC       TComComboBox.Notification
 0001:00005DAC       TComComboBox.SetAutoApply
 0001:00005D6C       TComComboBox.SetComPort
 0001:00005E28       TComComboBox.SetComProperty
 0001:00005DF4       TComComboBox.SetText
 0001:00005CA8       TComComboBox.UpdateSettings
 0001:000101A4       TComDataPacket.AddData
 0001:00010268       TComDataPacket.CheckIncludeStrings
 0001:0001010C       TComDataPacket.Create
 0001:0001016C       TComDataPacket.Destroy
 0001:00010238       TComDataPacket.DoCustomStart
 0001:00010250       TComDataPacket.DoCustomStop
 0001:00010208       TComDataPacket.DoDiscard
 0001:00010220       TComDataPacket.DoPacket
 0001:0001086C       TComDataPacket.EmptyBuffer
 0001:00010744       TComDataPacket.HandleBuffer
 0001:000101DC       TComDataPacket.Notification
 0001:000107DC       TComDataPacket.ResetBuffer
 0001:000107E4       TComDataPacket.RxBuf
 0001:00010900       TComDataPacket.SetCaseInsensitive
 0001:000108C8       TComDataPacket.SetComPort
 0001:00010914       TComDataPacket.SetSize
 0001:00010928       TComDataPacket.SetStartString
 0001:00010954       TComDataPacket.SetStopString
 0001:00010360       TComDataPacket.Upper
 0001:000107B8       TComDataPacket.ValidStop
 0001:0000B888       TComFlowControl.AssignTo
 0001:0000B848       TComFlowControl.Create
 0001:0000BA30       TComFlowControl.GetFlowControl
 0001:0000B8EC       TComFlowControl.SetComPort
 0001:0000B8F0       TComFlowControl.SetControlDTR
 0001:0000B910       TComFlowControl.SetControlRTS
 0001:0000B9B0       TComFlowControl.SetDSRSensitivity
 0001:0000BA88       TComFlowControl.SetFlowControl
 0001:0000B930       TComFlowControl.SetOutCTSFlow
 0001:0000B950       TComFlowControl.SetOutDSRFlow
 0001:0000B9D0       TComFlowControl.SetTxContinueOnXoff
 0001:0000BA10       TComFlowControl.SetXoffChar
 0001:0000B9F0       TComFlowControl.SetXonChar
 0001:0000B970       TComFlowControl.SetXonXoffIn
 0001:0000B990       TComFlowControl.SetXonXoffOut
 0001:000062D8       TComLed.BitmapNeeded
 0001:000067F4       TComLed.BitmapToDraw
 0001:00006448       TComLed.CalcBitmapPos
 0001:000062B0       TComLed.CMEnabledChanged
 0001:000060C4       TComLed.Create
 0001:000061D0       TComLed.Destroy
 0001:000062B8       TComLed.DoChange
 0001:00006294       TComLed.DoTimer
 0001:00006778       TComLed.GetGlyph
 0001:00006818       TComLed.GetRingDuration
 0001:00006508       TComLed.IsStateOn
 0001:00006264       TComLed.Notification
 0001:0000622C       TComLed.Paint
 0001:000064EC       TComLed.RingDetect
 0001:00006400       TComLed.SelectLedBitmap
 0001:000065F4       TComLed.SetComPort
 0001:00006794       TComLed.SetGlyph
 0001:000065CC       TComLed.SetKind
 0001:000066A4       TComLed.SetLedSignal
 0001:00006824       TComLed.SetRingDuration
 0001:0000667C       TComLed.SetState
 0001:0000659C       TComLed.SetStateInternal
 0001:000064C8       TComLed.SignalChange
 0001:000067E8       TComLed.StoredGlyph
 0001:0000BB0C       TComParity.AssignTo
 0001:0000BAD0       TComParity.Create
 0001:0000BB50       TComParity.SetBits
 0001:0000BB70       TComParity.SetCheck
 0001:0000BB4C       TComParity.SetComPort
 0001:0000BB90       TComParity.SetReplace
 0001:0000BBB0       TComParity.SetReplaceChar
 0001:00005F1C       TComRadioGroup.ApplySettings
 0001:00005FA0       TComRadioGroup.Click
 0001:00005E84       TComRadioGroup.Create
 0001:00005EEC       TComRadioGroup.Destroy
 0001:00006054       TComRadioGroup.GetAutoApply
 0001:00006048       TComRadioGroup.GetComPort
 0001:000060B8       TComRadioGroup.GetComProperty
 0001:00005F50       TComRadioGroup.Notification
 0001:00006060       TComRadioGroup.SetAutoApply
 0001:00006020       TComRadioGroup.SetComPort
 0001:0000606C       TComRadioGroup.SetComProperty
 0001:00005F28       TComRadioGroup.UpdateSettings
 0001:0000599C       TComSelect.ApplySettings
 0001:00005910       TComSelect.Change
 0001:000056A4       TComSelect.SelectBaudRate
 0001:0000571C       TComSelect.SelectDataBits
 0001:0000583C       TComSelect.SelectFlowControl
 0001:0000577C       TComSelect.SelectParity
 0001:00005704       TComSelect.SelectPort
 0001:000057DC       TComSelect.SelectStopBits
 0001:0000589C       TComSelect.SetComProperty
 0001:00005A18       TComSelect.UpdateSettings
 0001:00010980       TComStream.Create
 0001:000109BC       TComStream.Read
 0001:000109DC       TComStream.Seek
 0001:000109CC       TComStream.Write
 0001:00006CB4       TComTermBuffer.ClearAllTabs
 0001:00006830       TComTermBuffer.Create
 0001:0000686C       TComTermBuffer.Destroy
 0001:00006ACC       TComTermBuffer.EraseLine
 0001:00006B40       TComTermBuffer.EraseScreen
 0001:000068E8       TComTermBuffer.GetChar
 0001:00006D14       TComTermBuffer.GetLastLine
 0001:00006CC8       TComTermBuffer.GetLineLength
 0001:00006C6C       TComTermBuffer.GetTab
 0001:00006BD0       TComTermBuffer.Init
 0001:00006C7C       TComTermBuffer.NextTab
 0001:00006914       TComTermBuffer.ScrollDown
 0001:000069F8       TComTermBuffer.ScrollUp
 0001:000068A8       TComTermBuffer.SetChar
 0001:00006C74       TComTermBuffer.SetTab
 0001:0000B3B4       TComThread.Create
 0001:0000B42C       TComThread.Destroy
 0001:0000B534       TComThread.DispatchComMsg
 0001:0000B67C       TComThread.DoEvents
 0001:0000B458       TComThread.Execute
 0001:0000B560       TComThread.SendEvents
 0001:0000B520       TComThread.Stop
 0001:0000B75C       TComTimeouts.AssignTo
 0001:0000B710       TComTimeouts.Create
 0001:0000B7A4       TComTimeouts.SetComPort
 0001:0000B7A8       TComTimeouts.SetReadInterval
 0001:0000B7C8       TComTimeouts.SetReadTotalC
 0001:0000B7E8       TComTimeouts.SetReadTotalM
 0001:0000B808       TComTimeouts.SetWriteTotalC
 0001:0000B828       TComTimeouts.SetWriteTotalM
 0001:0000CFEC       TCustomComPort.AbortAllAsync
 0001:0000C564       TCustomComPort.ApplyBuffer
 0001:0000C344       TCustomComPort.ApplyDCB
 0001:0000C4D4       TCustomComPort.ApplyTimeouts
 0001:0000C1F4       TCustomComPort.BeginUpdate
 0001:0000F9F0       TCustomComPort.CallAfterClose
 0001:0000FA10       TCustomComPort.CallAfterOpen
 0001:0000FA38       TCustomComPort.CallBeforeClose
 0001:0000FA54       TCustomComPort.CallBeforeOpen
 0001:0000FA60       TCustomComPort.CallBreak
 0001:0000FA6C       TCustomComPort.CallCTSChange
 0001:0000FA98       TCustomComPort.CallDSRChange
 0001:0000FAF0       TCustomComPort.CallError
 0001:0000BE2C       TCustomComPort.CallException
 0001:0000FB1C       TCustomComPort.CallRing
 0001:0000FAC4       TCustomComPort.CallRLSDChange
 0001:0000FB38       TCustomComPort.CallRx80Full
 0001:0000FC7C       TCustomComPort.CallRxChar
 0001:0000FCC4       TCustomComPort.CallRxFlag
 0001:0000FCE0       TCustomComPort.CallTxEmpty
 0001:0000F984       TCustomComPort.CheckSignals
 0001:0000C800       TCustomComPort.ClearBuffer
 0001:0000C2F0       TCustomComPort.Close
 0001:0000BCB4       TCustomComPort.Create
 0001:0000BF68       TCustomComPort.CreateHandle
 0001:0000BDD8       TCustomComPort.Destroy
 0001:0000C000       TCustomComPort.DestroyHandle
 0001:0000F804       TCustomComPort.DoAfterClose
 0001:0000F7E4       TCustomComPort.DoAfterOpen
 0001:0000F7A4       TCustomComPort.DoBeforeClose
 0001:0000F7C4       TCustomComPort.DoBeforeOpen
 0001:0000F85C       TCustomComPort.DoBreak
 0001:0000F8BC       TCustomComPort.DoCTSChange
 0001:0000F8DC       TCustomComPort.DoDSRChange
 0001:0000F91C       TCustomComPort.DoError
 0001:0000F89C       TCustomComPort.DoRing
 0001:0000F8FC       TCustomComPort.DoRLSDChange
 0001:0000F964       TCustomComPort.DoRx80Full
 0001:0000F83C       TCustomComPort.DoRxBuf
 0001:0000F824       TCustomComPort.DoRxChar
 0001:0000F944       TCustomComPort.DoRxFlag
 0001:0000F87C       TCustomComPort.DoTxEmpty
 0001:0000C1F8       TCustomComPort.EndUpdate
 0001:00010088       TCustomComPort.GetTriggersOnRxChar
 0001:0000FD08       TCustomComPort.HasLink
 0001:0000C5D8       TCustomComPort.InputCount
 0001:0000D014       TCustomComPort.IsAsyncCompleted
 0001:0000C83C       TCustomComPort.LastErrors
 0001:0000C020       TCustomComPort.Loaded
 0001:0000E300       TCustomComPort.LoadIniFile
 0001:0000EC38       TCustomComPort.LoadRegistry
 0001:0000F5D0       TCustomComPort.LoadSettings
 0001:0000FDA4       TCustomComPort.NotifyLink
 0001:0000C210       TCustomComPort.Open
 0001:0000C614       TCustomComPort.OutputCount
 0001:0000CDC8       TCustomComPort.Read
 0001:0000CD34       TCustomComPort.ReadAsync
 0001:0000CE6C       TCustomComPort.ReadStr
 0001:0000CE30       TCustomComPort.ReadStrAsync
 0001:0000CC38       TCustomComPort.ReadUnicodeString
 0001:0000F724       TCustomComPort.RegisterLink
 0001:0000FE38       TCustomComPort.SendSignalToLink
 0001:0000FF54       TCustomComPort.SetBaudRate
 0001:0000C710       TCustomComPort.SetBreak
 0001:000100F0       TCustomComPort.SetBuffer
 0001:0000FF2C       TCustomComPort.SetConnected
 0001:0000FF68       TCustomComPort.SetCustomBaudRate
 0001:0000FF7C       TCustomComPort.SetDataBits
 0001:0000FF90       TCustomComPort.SetDiscardNull
 0001:0000C74C       TCustomComPort.SetDTR
 0001:0000FFA4       TCustomComPort.SetEventChar
 0001:0001005C       TCustomComPort.SetEventThreadPriority
 0001:0001009C       TCustomComPort.SetFlowControl
 0001:000100B8       TCustomComPort.SetParity
 0001:0000FFB8       TCustomComPort.SetPort
 0001:0000C788       TCustomComPort.SetRTS
 0001:0000FFF8       TCustomComPort.SetStopBits
 0001:0001000C       TCustomComPort.SetSyncMethod
 0001:000100D4       TCustomComPort.SetTimeouts
 0001:00010038       TCustomComPort.SetTriggersOnRxChar
 0001:0000C5B0       TCustomComPort.SetupComPort
 0001:0000C7C4       TCustomComPort.SetXonXoff
 0001:0000D1D0       TCustomComPort.ShowSetupDialog
 0001:0000C650       TCustomComPort.Signals
 0001:0000C6D4       TCustomComPort.StateFlags
 0001:0000D580       TCustomComPort.StoreIniFile
 0001:0000DC7C       TCustomComPort.StoreRegistry
 0001:0000F4B0       TCustomComPort.StoreSettings
 0001:0000D1A4       TCustomComPort.TransmitChar
 0001:0000FD44       TCustomComPort.TxNotifyLink
 0001:0000F764       TCustomComPort.UnRegisterLink
 0001:0000CF44       TCustomComPort.WaitForAsync
 0001:0000D080       TCustomComPort.WaitForEvent
 0001:0000C08C       TCustomComPort.WindowMethod
 0001:0000CA10       TCustomComPort.Write
 0001:0000C968       TCustomComPort.WriteAsync
 0001:0000CAF8       TCustomComPort.WriteStr
 0001:0000CA78       TCustomComPort.WriteStrAsync
 0001:0000CB8C       TCustomComPort.WriteUnicodeString
 0001:00007AB0       TCustomComTerminal.AdvanceCaret
 0001:00008A80       TCustomComTerminal.CalculateMetrics
 0001:00007418       TCustomComTerminal.CanAutoSize
 0001:00006ED4       TCustomComTerminal.ClearScreen
 0001:00007340       TCustomComTerminal.CMColorChanged
 0001:00007268       TCustomComTerminal.CMCtl3DChanged
 0001:00007294       TCustomComTerminal.CMFontChanged
 0001:00006D48       TCustomComTerminal.Create
 0001:00008BA0       TCustomComTerminal.CreateEscapeCodes
 0001:000074B8       TCustomComTerminal.CreateParams
 0001:000078B4       TCustomComTerminal.CreateTerminalCaret
 0001:00006E84       TCustomComTerminal.Destroy
 0001:00008ADC       TCustomComTerminal.DoChar
 0001:00008AFC       TCustomComTerminal.DoGetEscapeCodes
 0001:00008B1C       TCustomComTerminal.DoStrRecieved
 0001:00008B3C       TCustomComTerminal.DoUnhandledCode
 0001:0000797C       TCustomComTerminal.DrawChar
 0001:00008C70       TCustomComTerminal.GetCharAttr
 0001:00009028       TCustomComTerminal.GetConnected
 0001:000084B0       TCustomComTerminal.HideCaret
 0001:00008DA0       TCustomComTerminal.InitCaret
 0001:00008018       TCustomComTerminal.InvalidatePortion
 0001:00007530       TCustomComTerminal.KeyDown
 0001:000075FC       TCustomComTerminal.KeyPress
 0001:00007618       TCustomComTerminal.Loaded
 0001:000070B4       TCustomComTerminal.LoadFromStream
 0001:000080B4       TCustomComTerminal.ModifyScrollBar
 0001:00006EFC       TCustomComTerminal.MoveCaret
 0001:0000763C       TCustomComTerminal.Notification
 0001:000077C8       TCustomComTerminal.Paint
 0001:0000772C       TCustomComTerminal.PaintDesign
 0001:0000766C       TCustomComTerminal.PaintTerminal
 0001:00008BFC       TCustomComTerminal.PerformTest
 0001:00008CCC       TCustomComTerminal.PutChar
 0001:000086A4       TCustomComTerminal.PutEscapeCode
 0001:00008DF8       TCustomComTerminal.RestoreAttr
 0001:00008DC8       TCustomComTerminal.RestoreCaretPos
 0001:00008F90       TCustomComTerminal.RxBuf
 0001:00008E20       TCustomComTerminal.SaveAttr
 0001:00008DDC       TCustomComTerminal.SaveCaretPos
 0001:000070FC       TCustomComTerminal.SaveToStream
 0001:00007208       TCustomComTerminal.SelectFont
 0001:000084E8       TCustomComTerminal.SendChar
 0001:00008580       TCustomComTerminal.SendCode
 0001:00008624       TCustomComTerminal.SendCodeNoEcho
 0001:000091DC       TCustomComTerminal.SetAltColor
 0001:00007C4C       TCustomComTerminal.SetAttributes
 0001:00009050       TCustomComTerminal.SetBorderStyle
 0001:00009164       TCustomComTerminal.SetCaret
 0001:00009078       TCustomComTerminal.SetColumns
 0001:00009194       TCustomComTerminal.SetComPort
 0001:0000903C       TCustomComTerminal.SetConnected
 0001:00009138       TCustomComTerminal.SetEmulation
 0001:00007F2C       TCustomComTerminal.SetMode
 0001:000090D8       TCustomComTerminal.SetRows
 0001:00009064       TCustomComTerminal.SetScrollBars
 0001:000084CC       TCustomComTerminal.ShowCaret
 0001:00007260       TCustomComTerminal.ShowSetupDialog
 0001:00007920       TCustomComTerminal.StringReceived
 0001:000081E4       TCustomComTerminal.UpdateScrollPos
 0001:000083C8       TCustomComTerminal.UpdateScrollRange
 0001:00007358       TCustomComTerminal.WMGetDlgCode
 0001:000073F0       TCustomComTerminal.WMHScroll
 0001:00007370       TCustomComTerminal.WMKillFocus
 0001:000073A4       TCustomComTerminal.WMLButtonDown
 0001:00007390       TCustomComTerminal.WMSetFocus
 0001:000073DC       TCustomComTerminal.WMSize
 0001:00007404       TCustomComTerminal.WMVScroll
 0001:00006F94       TCustomComTerminal.Write
 0001:000070A4       TCustomComTerminal.WriteEscCode
 0001:00007088       TCustomComTerminal.WriteStr
 0001:00001714       TEscapeCodes.Create
 0001:00001758       TEscapeCodes.Destroy
 0001:00001788       TEscapeCodes.GetParam
 0001:00002258       TEscapeCodesVT100.DetectCode
 0001:000026D4       TEscapeCodesVT100.DetectExtCode
 0001:00001D3C       TEscapeCodesVT100.EscCodeToStr
 0001:00001C7C       TEscapeCodesVT100.ProcessChar
 0001:00001AE8       TEscapeCodesVT52.DetectCode
 0001:000018B4       TEscapeCodesVT52.EscCodeToStr
 0001:0000181C       TEscapeCodesVT52.ProcessChar
 0001:000001E8       TlsAlloc
 0002:0000100C       tlsBuffer
 0001:000001F0       TlsFree
 0001:000001F8       TlsGetValue
 0002:00000000       TlsIndex
 0002:FFBED000       TlsLast
 0002:0000001C       TlsProc
 0001:00000200       TlsSetValue
 0001:00000454       TransmitCommChar
 0001:000002E4       UninitializeModule
 0001:00000EEC       UrlMon
 0001:0000045C       WaitCommEvent
 0001:00000464       WaitForMultipleObjects
 0001:0000046C       WaitForSingleObject
 0001:00000474       WideCharToMultiByte
 0001:0000055C       Windows
 0001:00000F24       WinInet
 0001:000011A4       WinSpool
 0001:0000047C       WriteFile


  Address         Publics by Value

 0002:FFBED000       TlsLast
 0001:000001D0       FreeLibrary
 0001:000001D8       LocalAlloc
 0001:000001E0       LocalFree
 0001:000001E8       TlsAlloc
 0001:000001F0       TlsFree
 0001:000001F8       TlsGetValue
 0001:00000200       TlsSetValue
 0001:00000208       AllocTlsBuffer
 0001:00000214       GetTlsSize
 0001:0000021C       InitThreadTLS
 0001:00000260       InitProcessTLS
 0001:0000028C       ExitThreadTLS
 0001:000002B4       ExitProcessTLS
 0001:000002D8       InitializeModule
 0001:000002E4       UninitializeModule
 0001:00000308       @InitPkg
 0001:0000036C       @PackageLoad
 0001:00000378       @PackageUnload
 0001:00000384       Finalization
 0001:000003B4       SysInit
 0001:000003BC       RegCloseKey
 0001:000003C4       RegEnumValue
 0001:000003CC       RegOpenKeyEx
 0001:000003D4       ClearCommError
 0001:000003DC       CloseHandle
 0001:000003E4       CreateEvent
 0001:000003EC       CreateFile
 0001:000003F4       EscapeCommFunction
 0001:000003FC       GetCommModemStatus
 0001:00000404       GetLastError
 0001:0000040C       GetOverlappedResult
 0001:00000414       MultiByteToWideChar
 0001:0000041C       PurgeComm
 0001:00000424       ReadFile
 0001:0000042C       SetCommMask
 0001:00000434       SetCommState
 0001:0000043C       SetCommTimeouts
 0001:00000444       SetEvent
 0001:0000044C       SetupComm
 0001:00000454       TransmitCommChar
 0001:0000045C       WaitCommEvent
 0001:00000464       WaitForMultipleObjects
 0001:0000046C       WaitForSingleObject
 0001:00000474       WideCharToMultiByte
 0001:0000047C       WriteFile
 0001:00000484       GetTextMetrics
 0001:0000048C       PatBlt
 0001:00000494       SelectObject
 0001:0000049C       CreateCaret
 0001:000004A4       DefWindowProc
 0001:000004AC       DestroyCaret
 0001:000004B4       GetDC
 0001:000004BC       GetScrollPos
 0001:000004C4       GetScrollRange
 0001:000004CC       GetSystemMetrics
 0001:000004D4       HideCaret
 0001:000004DC       InSendMessage
 0001:000004E4       InvalidateRect
 0001:000004EC       ReleaseDC
 0001:000004F4       ReplyMessage
 0001:000004FC       ScrollWindowEx
 0001:00000504       SendMessage
 0001:0000050C       SetCaretPos
 0001:00000514       SetScrollPos
 0001:0000051C       SetScrollRange
 0001:00000524       ShowCaret
 0001:0000052C       Finalization
 0001:0000055C       Windows
 0001:00000574       Finalization
 0001:000005A4       Messages
 0001:00000C5C       Finalization
 0001:00000C8C       CommCtrl
 0001:00000DFC       Finalization
 0001:00000E2C       Imm
 0001:00000E84       Finalization
 0001:00000EB4       ShlObj
 0001:00000EBC       Finalization
 0001:00000EEC       UrlMon
 0001:00000EF4       Finalization
 0001:00000F24       WinInet
 0001:00000F2C       Finalization
 0001:00000F5C       RegStr
 0001:00000F64       Finalization
 0001:00000F94       ShellAPI
 0001:00001174       Finalization
 0001:000011A4       WinSpool
 0001:000011AC       Finalization
 0001:000011DC       CommDlg
 0001:000011E4       Finalization
 0001:00001214       Dlgs
 0001:0000125C       Finalization
 0001:0000128C       RichEdit
 0001:00001714       TEscapeCodes.Create
 0001:00001758       TEscapeCodes.Destroy
 0001:00001788       TEscapeCodes.GetParam
 0001:0000181C       TEscapeCodesVT52.ProcessChar
 0001:000018B4       TEscapeCodesVT52.EscCodeToStr
 0001:00001AE8       TEscapeCodesVT52.DetectCode
 0001:00001C7C       TEscapeCodesVT100.ProcessChar
 0001:00001D3C       TEscapeCodesVT100.EscCodeToStr
 0001:00002258       TEscapeCodesVT100.DetectCode
 0001:00002338       ParseParams
 0001:000023F4       CodeEraseScreen
 0001:00002474       CodeEraseLine
 0001:000024F4       CodeTab
 0001:00002574       CodeDevice
 0001:00002604       CodeIdentify
 0001:000026D4       TEscapeCodesVT100.DetectExtCode
 0001:000028E4       Finalization
 0001:00002914       CPortEsc
 0001:00002BCC       EditComTerminal
 0001:00002EDC       Finalization
 0001:00002F0C       CPortTrmSet
 0001:00005694       Min
 0001:0000569C       Max
 0001:000056A4       TComSelect.SelectBaudRate
 0001:00005704       TComSelect.SelectPort
 0001:0000571C       TComSelect.SelectDataBits
 0001:0000577C       TComSelect.SelectParity
 0001:000057DC       TComSelect.SelectStopBits
 0001:0000583C       TComSelect.SelectFlowControl
 0001:0000589C       TComSelect.SetComProperty
 0001:00005910       TComSelect.Change
 0001:0000599C       TComSelect.ApplySettings
 0001:00005A18       TComSelect.UpdateSettings
 0001:00005C04       TComComboBox.Create
 0001:00005C6C       TComComboBox.Destroy
 0001:00005C9C       TComComboBox.ApplySettings
 0001:00005CA8       TComComboBox.UpdateSettings
 0001:00005CCC       TComComboBox.Notification
 0001:00005D14       TComComboBox.Change
 0001:00005D6C       TComComboBox.SetComPort
 0001:00005D94       TComComboBox.GetComPort
 0001:00005DA0       TComComboBox.GetAutoApply
 0001:00005DAC       TComComboBox.SetAutoApply
 0001:00005DB8       TComComboBox.GetText
 0001:00005DF4       TComComboBox.SetText
 0001:00005E28       TComComboBox.SetComProperty
 0001:00005E78       TComComboBox.GetComProperty
 0001:00005E84       TComRadioGroup.Create
 0001:00005EEC       TComRadioGroup.Destroy
 0001:00005F1C       TComRadioGroup.ApplySettings
 0001:00005F28       TComRadioGroup.UpdateSettings
 0001:00005F50       TComRadioGroup.Notification
 0001:00005FA0       TComRadioGroup.Click
 0001:00006020       TComRadioGroup.SetComPort
 0001:00006048       TComRadioGroup.GetComPort
 0001:00006054       TComRadioGroup.GetAutoApply
 0001:00006060       TComRadioGroup.SetAutoApply
 0001:0000606C       TComRadioGroup.SetComProperty
 0001:000060B8       TComRadioGroup.GetComProperty
 0001:000060C4       TComLed.Create
 0001:000061D0       TComLed.Destroy
 0001:0000622C       TComLed.Paint
 0001:00006264       TComLed.Notification
 0001:00006294       TComLed.DoTimer
 0001:000062B0       TComLed.CMEnabledChanged
 0001:000062B8       TComLed.DoChange
 0001:000062D8       TComLed.BitmapNeeded
 0001:00006400       TComLed.SelectLedBitmap
 0001:00006448       TComLed.CalcBitmapPos
 0001:000064C8       TComLed.SignalChange
 0001:000064EC       TComLed.RingDetect
 0001:00006508       TComLed.IsStateOn
 0001:0000659C       TComLed.SetStateInternal
 0001:000065CC       TComLed.SetKind
 0001:000065F4       TComLed.SetComPort
 0001:0000667C       TComLed.SetState
 0001:000066A4       TComLed.SetLedSignal
 0001:00006778       TComLed.GetGlyph
 0001:00006794       TComLed.SetGlyph
 0001:000067E8       TComLed.StoredGlyph
 0001:000067F4       TComLed.BitmapToDraw
 0001:00006818       TComLed.GetRingDuration
 0001:00006824       TComLed.SetRingDuration
 0001:00006830       TComTermBuffer.Create
 0001:0000686C       TComTermBuffer.Destroy
 0001:000068A8       TComTermBuffer.SetChar
 0001:000068E8       TComTermBuffer.GetChar
 0001:00006914       TComTermBuffer.ScrollDown
 0001:000069F8       TComTermBuffer.ScrollUp
 0001:00006ACC       TComTermBuffer.EraseLine
 0001:00006B40       TComTermBuffer.EraseScreen
 0001:00006BD0       TComTermBuffer.Init
 0001:00006C6C       TComTermBuffer.GetTab
 0001:00006C74       TComTermBuffer.SetTab
 0001:00006C7C       TComTermBuffer.NextTab
 0001:00006CB4       TComTermBuffer.ClearAllTabs
 0001:00006CC8       TComTermBuffer.GetLineLength
 0001:00006D14       TComTermBuffer.GetLastLine
 0001:00006D48       TCustomComTerminal.Create
 0001:00006E84       TCustomComTerminal.Destroy
 0001:00006ED4       TCustomComTerminal.ClearScreen
 0001:00006EFC       TCustomComTerminal.MoveCaret
 0001:00006F94       TCustomComTerminal.Write
 0001:00007088       TCustomComTerminal.WriteStr
 0001:000070A4       TCustomComTerminal.WriteEscCode
 0001:000070B4       TCustomComTerminal.LoadFromStream
 0001:000070FC       TCustomComTerminal.SaveToStream
 0001:00007208       TCustomComTerminal.SelectFont
 0001:00007260       TCustomComTerminal.ShowSetupDialog
 0001:00007268       TCustomComTerminal.CMCtl3DChanged
 0001:00007294       TCustomComTerminal.CMFontChanged
 0001:00007340       TCustomComTerminal.CMColorChanged
 0001:00007358       TCustomComTerminal.WMGetDlgCode
 0001:00007370       TCustomComTerminal.WMKillFocus
 0001:00007390       TCustomComTerminal.WMSetFocus
 0001:000073A4       TCustomComTerminal.WMLButtonDown
 0001:000073DC       TCustomComTerminal.WMSize
 0001:000073F0       TCustomComTerminal.WMHScroll
 0001:00007404       TCustomComTerminal.WMVScroll
 0001:00007418       TCustomComTerminal.CanAutoSize
 0001:000074B8       TCustomComTerminal.CreateParams
 0001:00007530       TCustomComTerminal.KeyDown
 0001:000075FC       TCustomComTerminal.KeyPress
 0001:00007618       TCustomComTerminal.Loaded
 0001:0000763C       TCustomComTerminal.Notification
 0001:0000766C       TCustomComTerminal.PaintTerminal
 0001:0000772C       TCustomComTerminal.PaintDesign
 0001:000077C8       TCustomComTerminal.Paint
 0001:000078B4       TCustomComTerminal.CreateTerminalCaret
 0001:00007920       TCustomComTerminal.StringReceived
 0001:0000797C       TCustomComTerminal.DrawChar
 0001:00007AB0       TCustomComTerminal.AdvanceCaret
 0001:00007C08       AllOff
 0001:00007C4C       TCustomComTerminal.SetAttributes
 0001:00007F2C       TCustomComTerminal.SetMode
 0001:00008018       TCustomComTerminal.InvalidatePortion
 0001:000080B4       TCustomComTerminal.ModifyScrollBar
 0001:000081E4       TCustomComTerminal.UpdateScrollPos
 0001:00008264       ScrollBarVisible
 0001:000082D4       SetRange
 0001:000082FC       SetHorzRange
 0001:00008360       SetVertRange
 0001:000083C8       TCustomComTerminal.UpdateScrollRange
 0001:000084B0       TCustomComTerminal.HideCaret
 0001:000084CC       TCustomComTerminal.ShowCaret
 0001:000084E8       TCustomComTerminal.SendChar
 0001:00008580       TCustomComTerminal.SendCode
 0001:00008624       TCustomComTerminal.SendCodeNoEcho
 0001:000086A4       TCustomComTerminal.PutEscapeCode
 0001:00008A80       TCustomComTerminal.CalculateMetrics
 0001:00008ADC       TCustomComTerminal.DoChar
 0001:00008AFC       TCustomComTerminal.DoGetEscapeCodes
 0001:00008B1C       TCustomComTerminal.DoStrRecieved
 0001:00008B3C       TCustomComTerminal.DoUnhandledCode
 0001:00008BA0       TCustomComTerminal.CreateEscapeCodes
 0001:00008BFC       TCustomComTerminal.PerformTest
 0001:00008C70       TCustomComTerminal.GetCharAttr
 0001:00008CCC       TCustomComTerminal.PutChar
 0001:00008DA0       TCustomComTerminal.InitCaret
 0001:00008DC8       TCustomComTerminal.RestoreCaretPos
 0001:00008DDC       TCustomComTerminal.SaveCaretPos
 0001:00008DF8       TCustomComTerminal.RestoreAttr
 0001:00008E20       TCustomComTerminal.SaveAttr
 0001:00008E48       AppendLineFeeds
 0001:00008EF8       Force7BitData
 0001:00008F44       Force8BitData
 0001:00008F90       TCustomComTerminal.RxBuf
 0001:00009028       TCustomComTerminal.GetConnected
 0001:0000903C       TCustomComTerminal.SetConnected
 0001:00009050       TCustomComTerminal.SetBorderStyle
 0001:00009064       TCustomComTerminal.SetScrollBars
 0001:00009078       TCustomComTerminal.SetColumns
 0001:000090D8       TCustomComTerminal.SetRows
 0001:00009138       TCustomComTerminal.SetEmulation
 0001:00009164       TCustomComTerminal.SetCaret
 0001:00009194       TCustomComTerminal.SetComPort
 0001:000091DC       TCustomComTerminal.SetAltColor
 0001:000091F8       Finalization
 0001:0000925C       CPortCtl
 0001:00009514       EditComPort
 0001:00009620       Finalization
 0001:00009650       CPortSetup
 0001:0000B040       e
 0001:0000B0C4       ComErrorsToStr
 0001:0000B24C       EventsToInt
 0001:0000B2B8       IntToEvents
 0001:0000B3B4       TComThread.Create
 0001:0000B42C       TComThread.Destroy
 0001:0000B458       TComThread.Execute
 0001:0000B520       TComThread.Stop
 0001:0000B534       TComThread.DispatchComMsg
 0001:0000B560       TComThread.SendEvents
 0001:0000B67C       TComThread.DoEvents
 0001:0000B710       TComTimeouts.Create
 0001:0000B75C       TComTimeouts.AssignTo
 0001:0000B7A4       TComTimeouts.SetComPort
 0001:0000B7A8       TComTimeouts.SetReadInterval
 0001:0000B7C8       TComTimeouts.SetReadTotalC
 0001:0000B7E8       TComTimeouts.SetReadTotalM
 0001:0000B808       TComTimeouts.SetWriteTotalC
 0001:0000B828       TComTimeouts.SetWriteTotalM
 0001:0000B848       TComFlowControl.Create
 0001:0000B888       TComFlowControl.AssignTo
 0001:0000B8EC       TComFlowControl.SetComPort
 0001:0000B8F0       TComFlowControl.SetControlDTR
 0001:0000B910       TComFlowControl.SetControlRTS
 0001:0000B930       TComFlowControl.SetOutCTSFlow
 0001:0000B950       TComFlowControl.SetOutDSRFlow
 0001:0000B970       TComFlowControl.SetXonXoffIn
 0001:0000B990       TComFlowControl.SetXonXoffOut
 0001:0000B9B0       TComFlowControl.SetDSRSensitivity
 0001:0000B9D0       TComFlowControl.SetTxContinueOnXoff
 0001:0000B9F0       TComFlowControl.SetXonChar
 0001:0000BA10       TComFlowControl.SetXoffChar
 0001:0000BA30       TComFlowControl.GetFlowControl
 0001:0000BA88       TComFlowControl.SetFlowControl
 0001:0000BAD0       TComParity.Create
 0001:0000BB0C       TComParity.AssignTo
 0001:0000BB4C       TComParity.SetComPort
 0001:0000BB50       TComParity.SetBits
 0001:0000BB70       TComParity.SetCheck
 0001:0000BB90       TComParity.SetReplace
 0001:0000BBB0       TComParity.SetReplaceChar
 0001:0000BBD0       TComBuffer.Create
 0001:0000BC14       TComBuffer.AssignTo
 0001:0000BC48       TComBuffer.SetComPort
 0001:0000BC4C       TComBuffer.SetInputSize
 0001:0000BC80       TComBuffer.SetOutputSize
 0001:0000BCB4       TCustomComPort.Create
 0001:0000BDD8       TCustomComPort.Destroy
 0001:0000BE2C       TCustomComPort.CallException
 0001:0000BF68       TCustomComPort.CreateHandle
 0001:0000C000       TCustomComPort.DestroyHandle
 0001:0000C020       TCustomComPort.Loaded
 0001:0000C08C       TCustomComPort.WindowMethod
 0001:0000C1F4       TCustomComPort.BeginUpdate
 0001:0000C1F8       TCustomComPort.EndUpdate
 0001:0000C210       TCustomComPort.Open
 0001:0000C2F0       TCustomComPort.Close
 0001:0000C344       TCustomComPort.ApplyDCB
 0001:0000C4C8       GetTOValue
 0001:0000C4D4       TCustomComPort.ApplyTimeouts
 0001:0000C564       TCustomComPort.ApplyBuffer
 0001:0000C5B0       TCustomComPort.SetupComPort
 0001:0000C5D8       TCustomComPort.InputCount
 0001:0000C614       TCustomComPort.OutputCount
 0001:0000C650       TCustomComPort.Signals
 0001:0000C6D4       TCustomComPort.StateFlags
 0001:0000C710       TCustomComPort.SetBreak
 0001:0000C74C       TCustomComPort.SetDTR
 0001:0000C788       TCustomComPort.SetRTS
 0001:0000C7C4       TCustomComPort.SetXonXoff
 0001:0000C800       TCustomComPort.ClearBuffer
 0001:0000C83C       TCustomComPort.LastErrors
 0001:0000C924       PrepareAsync
 0001:0000C968       TCustomComPort.WriteAsync
 0001:0000CA10       TCustomComPort.Write
 0001:0000CA78       TCustomComPort.WriteStrAsync
 0001:0000CAF8       TCustomComPort.WriteStr
 0001:0000CB8C       TCustomComPort.WriteUnicodeString
 0001:0000CC38       TCustomComPort.ReadUnicodeString
 0001:0000CD34       TCustomComPort.ReadAsync
 0001:0000CDC8       TCustomComPort.Read
 0001:0000CE30       TCustomComPort.ReadStrAsync
 0001:0000CE6C       TCustomComPort.ReadStr
 0001:0000CF24       ErrorCode
 0001:0000CF44       TCustomComPort.WaitForAsync
 0001:0000CFEC       TCustomComPort.AbortAllAsync
 0001:0000D014       TCustomComPort.IsAsyncCompleted
 0001:0000D080       TCustomComPort.WaitForEvent
 0001:0000D1A4       TCustomComPort.TransmitChar
 0001:0000D1D0       TCustomComPort.ShowSetupDialog
 0001:0000D1D8       BoolToStr
 0001:0000D214       StrToBool
 0001:0000D2AC       DTRToStr
 0001:0000D30C       RTSToStr
 0001:0000D328       StrToRTS
 0001:0000D3B4       StrToDTR
 0001:0000D440       StrToChar
 0001:0000D508       CharToStr
 0001:0000D580       TCustomComPort.StoreIniFile
 0001:0000DC7C       TCustomComPort.StoreRegistry
 0001:0000E300       TCustomComPort.LoadIniFile
 0001:0000EC38       TCustomComPort.LoadRegistry
 0001:0000F344       SetRegistry
 0001:0000F4B0       TCustomComPort.StoreSettings
 0001:0000F5D0       TCustomComPort.LoadSettings
 0001:0000F724       TCustomComPort.RegisterLink
 0001:0000F764       TCustomComPort.UnRegisterLink
 0001:0000F7A4       TCustomComPort.DoBeforeClose
 0001:0000F7C4       TCustomComPort.DoBeforeOpen
 0001:0000F7E4       TCustomComPort.DoAfterOpen
 0001:0000F804       TCustomComPort.DoAfterClose
 0001:0000F824       TCustomComPort.DoRxChar
 0001:0000F83C       TCustomComPort.DoRxBuf
 0001:0000F85C       TCustomComPort.DoBreak
 0001:0000F87C       TCustomComPort.DoTxEmpty
 0001:0000F89C       TCustomComPort.DoRing
 0001:0000F8BC       TCustomComPort.DoCTSChange
 0001:0000F8DC       TCustomComPort.DoDSRChange
 0001:0000F8FC       TCustomComPort.DoRLSDChange
 0001:0000F91C       TCustomComPort.DoError
 0001:0000F944       TCustomComPort.DoRxFlag
 0001:0000F964       TCustomComPort.DoRx80Full
 0001:0000F984       TCustomComPort.CheckSignals
 0001:0000F9F0       TCustomComPort.CallAfterClose
 0001:0000FA10       TCustomComPort.CallAfterOpen
 0001:0000FA38       TCustomComPort.CallBeforeClose
 0001:0000FA54       TCustomComPort.CallBeforeOpen
 0001:0000FA60       TCustomComPort.CallBreak
 0001:0000FA6C       TCustomComPort.CallCTSChange
 0001:0000FA98       TCustomComPort.CallDSRChange
 0001:0000FAC4       TCustomComPort.CallRLSDChange
 0001:0000FAF0       TCustomComPort.CallError
 0001:0000FB1C       TCustomComPort.CallRing
 0001:0000FB38       TCustomComPort.CallRx80Full
 0001:0000FB44       PerformRead
 0001:0000FB88       CheckLinks
 0001:0000FC7C       TCustomComPort.CallRxChar
 0001:0000FCC4       TCustomComPort.CallRxFlag
 0001:0000FCE0       TCustomComPort.CallTxEmpty
 0001:0000FD08       TCustomComPort.HasLink
 0001:0000FD44       TCustomComPort.TxNotifyLink
 0001:0000FDA4       TCustomComPort.NotifyLink
 0001:0000FE38       TCustomComPort.SendSignalToLink
 0001:0000FF2C       TCustomComPort.SetConnected
 0001:0000FF54       TCustomComPort.SetBaudRate
 0001:0000FF68       TCustomComPort.SetCustomBaudRate
 0001:0000FF7C       TCustomComPort.SetDataBits
 0001:0000FF90       TCustomComPort.SetDiscardNull
 0001:0000FFA4       TCustomComPort.SetEventChar
 0001:0000FFB8       TCustomComPort.SetPort
 0001:0000FFF8       TCustomComPort.SetStopBits
 0001:0001000C       TCustomComPort.SetSyncMethod
 0001:00010038       TCustomComPort.SetTriggersOnRxChar
 0001:0001005C       TCustomComPort.SetEventThreadPriority
 0001:00010088       TCustomComPort.GetTriggersOnRxChar
 0001:0001009C       TCustomComPort.SetFlowControl
 0001:000100B8       TCustomComPort.SetParity
 0001:000100D4       TCustomComPort.SetTimeouts
 0001:000100F0       TCustomComPort.SetBuffer
 0001:0001010C       TComDataPacket.Create
 0001:0001016C       TComDataPacket.Destroy
 0001:000101A4       TComDataPacket.AddData
 0001:000101DC       TComDataPacket.Notification
 0001:00010208       TComDataPacket.DoDiscard
 0001:00010220       TComDataPacket.DoPacket
 0001:00010238       TComDataPacket.DoCustomStart
 0001:00010250       TComDataPacket.DoCustomStop
 0001:00010268       TComDataPacket.CheckIncludeStrings
 0001:00010360       TComDataPacket.Upper
 0001:00010384       DiscardPacketToPos
 0001:00010428       FormPacket
 0001:000104B8       StartPacket
 0001:000105A4       EndPacket
 0001:00010714       IsBufferTooLarge
 0001:00010744       TComDataPacket.HandleBuffer
 0001:000107B8       TComDataPacket.ValidStop
 0001:000107DC       TComDataPacket.ResetBuffer
 0001:000107E4       TComDataPacket.RxBuf
 0001:0001086C       TComDataPacket.EmptyBuffer
 0001:000108C8       TComDataPacket.SetComPort
 0001:00010900       TComDataPacket.SetCaseInsensitive
 0001:00010914       TComDataPacket.SetSize
 0001:00010928       TComDataPacket.SetStartString
 0001:00010954       TComDataPacket.SetStopString
 0001:00010980       TComStream.Create
 0001:000109BC       TComStream.Read
 0001:000109CC       TComStream.Write
 0001:000109DC       TComStream.Seek
 0001:000109E0       EComPort.Create
 0001:00010ABC       EComPort.CreateNoWinCode
 0001:00010B44       InitAsync
 0001:00010B84       DoneAsync
 0001:00010BB4       EnumComPorts
 0001:00010D18       StrToBaudRate
 0001:00010DA4       StrToStopBits
 0001:00010E30       StrToDataBits
 0001:00010EBC       StrToParity
 0001:00010F48       StrToFlowControl
 0001:000110C8       BaudRateToStr
 0001:00011108       StopBitsToStr
 0001:00011154       DataBitsToStr
 0001:000111BC       ParityToStr
 0001:00011220       FlowControlToStr
 0001:0001123C       Finalization
 0001:00011318       CPort
 0001:00011CA4       @GetPackageInfoTable
 0001:00011CAC       @PackageLoad
 0001:00011CB8       @PackageUnload
 0001:00011CC4       CPortLib7
 0002:00000000       TlsIndex
 0002:00000004       Module
 0002:0000001C       TlsProc
 0002:0000002C       OnBitmaps
 0002:00000048       OffBitmaps
 0002:00000064       BorderStyles
 0002:0000006C       CParityBits
 0002:00000080       CStopBits
 0002:0000008C       CBaudRate
 0002:000000CC       CDataBits
 0002:000000DC       CControlRTS
 0002:000000EC       CControlDTR
 0002:000000F8       DTRStrings
 0002:00000104       RTSStrings
 0002:00000114       BaudRateStrings
 0002:00000154       StopBitsStrings
 0002:00000160       DataBitsStrings
 0002:00000170       ParityBitsStrings
 0002:00000184       FlowControlStrings
 0002:00001000       ModuleIsLib
 0002:00001001       ModuleIsPackage
 0002:00001004       HInstance
 0002:00001008       .1
 0002:0000100C       tlsBuffer
 0002:00001010       .3
 0002:00001014       .1
 0002:00001018       .1
 0002:0000101C       .1
 0002:00001020       .1
 0002:00001024       .1
 0002:00001028       .1
 0002:0000102C       .1
 0002:00001030       .1
 0002:00001034       .3
 0002:00001038       .1
 0002:0000103C       .1
 0002:00001040       .1
 0002:00001044       .4
 0002:00001048       .2
 0002:0000104C       ComTerminalFont
 0002:00001050       .8
 0002:00001054       .2
 0002:00001058       .21
 0002:0000105C       ComErrorMessages


Line numbers for CPortEsc(CPortEsc.pas) segment .text

    83 0001:00001714    84 0001:00001726    85 0001:0000172F    86 0001:00001755
    89 0001:00001758    90 0001:00001763    91 0001:0000176B    92 0001:00001782
    95 0001:00001788    96 0001:000017A2    97 0001:000017B1    99 0001:000017B8
   100 0001:000017C6   102 0001:000017EC   104 0001:00001815   114 0001:0000181C
   115 0001:0000183C   116 0001:0000183E   118 0001:00001844   120 0001:0000184A
   121 0001:00001852   124 0001:00001858   125 0001:0000185E   129 0001:00001862
   130 0001:00001878   131 0001:00001882   133 0001:00001886   134 0001:00001889
   135 0001:0000188D   138 0001:000018AE   142 0001:000018B4   143 0001:000018D5
   144 0001:00001941   145 0001:00001952   146 0001:00001963   147 0001:00001974
   148 0001:00001985   149 0001:00001996   150 0001:000019A7   151 0001:000019B8
   152 0001:000019C6   153 0001:000019D4   154 0001:000019E2   157 0001:00001A33
   159 0001:00001A5C   163 0001:00001AE8   164 0001:00001B0E   165 0001:00001B10
   166 0001:00001B8B   167 0001:00001B92   168 0001:00001B99   169 0001:00001BA0
   170 0001:00001BA7   171 0001:00001BAE   172 0001:00001BB5   173 0001:00001BBC
   174 0001:00001BC3   176 0001:00001BC7   177 0001:00001BD2   179 0001:00001BD6
   180 0001:00001BF2   183 0001:00001BF6   184 0001:00001C03   187 0001:00001C07
   188 0001:00001C09   189 0001:00001C26   193 0001:00001C67   203 0001:00001C7C
   204 0001:00001C9C   205 0001:00001C9E   207 0001:00001CA4   209 0001:00001CAA
   210 0001:00001CB2   213 0001:00001CB8   214 0001:00001CBE   218 0001:00001CC2
   219 0001:00001CD8   220 0001:00001CDA   221 0001:00001CE0   224 0001:00001CEC
   225 0001:00001CF4   227 0001:00001CFA   228 0001:00001D04   230 0001:00001D08
   231 0001:00001D0B   232 0001:00001D0F   233 0001:00001D13   236 0001:00001D34
   241 0001:00001D3C   242 0001:00001D4C   243 0001:00001DF0   244 0001:00001E01
   245 0001:00001E2C   246 0001:00001E3D   247 0001:00001E81   248 0001:00001E92
   249 0001:00001EA3   250 0001:00001EB4   251 0001:00001EC5   252 0001:00001ED6
   253 0001:00001EE7   254 0001:00001EF8   255 0001:00001F09   256 0001:00001F1A
   257 0001:00001F2B   258 0001:00001F3C   259 0001:00001F4D   260 0001:00001F91
   261 0001:00001FA2   262 0001:00001FB3   263 0001:00001FC4   264 0001:00001FD5
   265 0001:00001FE6   266 0001:00001FF7   267 0001:00002008   268 0001:00002016
   269 0001:00002024   270 0001:00002032   271 0001:00002040   272 0001:0000204E
   273 0001:0000205C   274 0001:0000206A   275 0001:00002078   277 0001:00002086
   279 0001:0000208D   283 0001:00002258   284 0001:00002276   285 0001:00002281
   286 0001:000022A9   287 0001:000022AD   288 0001:000022B1   289 0001:000022B5
   290 0001:000022B9   291 0001:000022BD   293 0001:000022C1   297 0001:000022C5
   298 0001:000022C7   299 0001:000022D6   300 0001:000022D8   301 0001:000022E0
   302 0001:000022F8   303 0001:000022FC   304 0001:00002300   305 0001:00002304
   308 0001:00002325   320 0001:00002338   321 0001:0000235C   322 0001:00002361
   325 0001:0000236B   327 0001:0000237D   328 0001:0000238B   331 0001:00002395
   332 0001:000023AA   323 0001:000023AB   334 0001:000023B7   335 0001:000023BD
   336 0001:000023ED   341 0001:000023F4   342 0001:00002408   343 0001:00002417
   346 0001:0000241B   347 0001:0000242B   348 0001:0000243A   349 0001:0000243E
   351 0001:00002442   354 0001:00002444   355 0001:0000246E   360 0001:00002474
   361 0001:00002488   362 0001:00002497   365 0001:0000249B   366 0001:000024AB
   367 0001:000024BA   368 0001:000024BE   370 0001:000024C2   373 0001:000024C4
   374 0001:000024EE   379 0001:000024F4   380 0001:00002508   381 0001:00002517
   384 0001:0000251B   385 0001:0000252B   386 0001:0000253A   387 0001:0000253E
   389 0001:00002542   392 0001:00002544   393 0001:0000256E   398 0001:00002574
   399 0001:00002588   400 0001:00002597   403 0001:0000259B   404 0001:000025AB
   405 0001:000025C2   406 0001:000025C6   407 0001:000025CA   408 0001:000025CE
   410 0001:000025D2   413 0001:000025D4   414 0001:000025FE   417 0001:00002604
   418 0001:0000261A   421 0001:00002656   423 0001:0000265A   424 0001:0000268C
   426 0001:00002690   427 0001:000026B6   429 0001:000026D4   430 0001:000026FC
   431 0001:00002700   433 0001:0000270F   434 0001:00002721   435 0001:00002730
   436 0001:0000273E   437 0001:00002766   438 0001:00002800   439 0001:00002809
   440 0001:0000280F   441 0001:00002815   442 0001:0000281B   443 0001:00002821
   444 0001:00002827   445 0001:00002833   446 0001:0000283F   447 0001:0000284B
   448 0001:00002851   449 0001:00002857   450 0001:0000285D   451 0001:00002863
   452 0001:00002869   453 0001:00002875   454 0001:00002881   456 0001:00002887
   458 0001:0000288B   460 0001:000028A3   462 0001:000028DB   464 0001:00002914
   464 0001:0000291B

Line numbers for CPortTrmSet(CPortTrmSet.pas) segment .text

    53 0001:00002BCC    54 0001:00002BEB    56 0001:00002BFC    57 0001:00002C16
    58 0001:00002C30    59 0001:00002C4A    60 0001:00002C64    61 0001:00002C7E
    62 0001:00002C9A    63 0001:00002CB6    64 0001:00002CD8    65 0001:00002CFA
    66 0001:00002D16    68 0001:00002D28    69 0001:00002D42    70 0001:00002D5C
    71 0001:00002D76    72 0001:00002D90    73 0001:00002DAA    74 0001:00002DC5
    75 0001:00002DE0    76 0001:00002DEE    78 0001:00002E20    80 0001:00002E32
    81 0001:00002E40    83 0001:00002E72    85 0001:00002E84    87 0001:00002E9E
    89 0001:00002ED5    91 0001:00002F0C    91 0001:00002F13

Line numbers for CPortCtl(CPortCtl.pas) segment .text

   602 0001:00005694   605 0001:00005698   606 0001:0000569A   610 0001:0000569C
   613 0001:000056A0   614 0001:000056A2   624 0001:000056A4   625 0001:000056BB
   626 0001:000056C3   627 0001:000056C5   626 0001:000056DB   628 0001:000056FD
   632 0001:00005704   633 0001:00005707   634 0001:0000570F   635 0001:00005717
   641 0001:0000571C   642 0001:00005733   643 0001:0000573B   644 0001:0000573D
   643 0001:00005753   645 0001:00005775   651 0001:0000577C   652 0001:00005793
   653 0001:0000579B   654 0001:0000579D   653 0001:000057B3   655 0001:000057D5
   661 0001:000057DC   662 0001:000057F3   663 0001:000057FB   664 0001:000057FD
   663 0001:00005813   665 0001:00005835   671 0001:0000583C   672 0001:00005853
   673 0001:0000585B   674 0001:0000585D   673 0001:00005873   675 0001:00005895
   679 0001:0000589C   680 0001:0000589F   681 0001:000058A4   682 0001:000058CF
   683 0001:000058D8   684 0001:000058E1   685 0001:000058EA   686 0001:000058F3
   687 0001:000058FC   689 0001:00005905   691 0001:0000590D   695 0001:00005910
   696 0001:00005916   697 0001:00005943   698 0001:0000594F   699 0001:0000595B
   700 0001:00005967   701 0001:00005973   702 0001:0000597F   704 0001:00005989
   705 0001:0000598F   706 0001:00005996   711 0001:0000599C   715 0001:000059A3
   716 0001:000059D0   717 0001:000059DB   718 0001:000059E6   719 0001:000059F1
   720 0001:000059FC   721 0001:00005A0A   725 0001:00005A16   729 0001:00005A18
   730 0001:00005A3D   731 0001:00005A48   732 0001:00005A4A   735 0001:00005A7B
   736 0001:00005A88   737 0001:00005A91   741 0001:00005AAE   742 0001:00005AC6
   743 0001:00005ACF   747 0001:00005AEC   748 0001:00005B04   749 0001:00005B0D
   753 0001:00005B2A   754 0001:00005B42   755 0001:00005B4B   759 0001:00005B65
   760 0001:00005B80   761 0001:00005B85   765 0001:00005B9F   766 0001:00005BBC
   767 0001:00005BC1   770 0001:00005BFB   778 0001:00005C04   779 0001:00005C19
   780 0001:00005C2B   781 0001:00005C36   782 0001:00005C45   783 0001:00005C68
   787 0001:00005C6C   788 0001:00005C77   789 0001:00005C83   790 0001:00005C99
   795 0001:00005C9C   796 0001:00005CA7   802 0001:00005CA8   803 0001:00005CAC
   804 0001:00005CB9   805 0001:00005CC6   810 0001:00005CCC   811 0001:00005CD5
   812 0001:00005CE0   814 0001:00005CF0   815 0001:00005CF5   816 0001:00005D04
   818 0001:00005D10   822 0001:00005D14   823 0001:00005D2A   824 0001:00005D42
   825 0001:00005D66   829 0001:00005D6C   830 0001:00005D6F   832 0001:00005D7A
   833 0001:00005D7F   835 0001:00005D83   837 0001:00005D8A   840 0001:00005D91
   844 0001:00005D94   845 0001:00005D9D   849 0001:00005DA0   850 0001:00005DA9
   854 0001:00005DAC   855 0001:00005DB5   858 0001:00005DB8   859 0001:00005DBE
   860 0001:00005DCB   862 0001:00005DD5   863 0001:00005DEE   866 0001:00005DF4
   867 0001:00005DFA   868 0001:00005E0A   869 0001:00005E23   875 0001:00005E28
   876 0001:00005E2C   877 0001:00005E37   878 0001:00005E46   881 0001:00005E52
   882 0001:00005E59   885 0001:00005E68   886 0001:00005E74   890 0001:00005E78
   891 0001:00005E81   899 0001:00005E84   900 0001:00005E99   901 0001:00005EAB
   902 0001:00005EB6   903 0001:00005EC5   904 0001:00005EE6   908 0001:00005EEC
   909 0001:00005EF7   910 0001:00005F03   911 0001:00005F19   916 0001:00005F1C
   917 0001:00005F27   923 0001:00005F28   924 0001:00005F2C   925 0001:00005F39
   926 0001:00005F43   927 0001:00005F4C   932 0001:00005F50   933 0001:00005F59
   934 0001:00005F64   936 0001:00005F74   937 0001:00005F79   939 0001:00005F88
   940 0001:00005F91   943 0001:00005F99   947 0001:00005FA0   948 0001:00005FB7
   950 0001:00005FC5   951 0001:00005FCA   952 0001:00005FE8   954 0001:00005FF4
   955 0001:00006018   959 0001:00006020   960 0001:00006023   962 0001:0000602E
   963 0001:00006033   965 0001:00006037   967 0001:0000603E   970 0001:00006045
   974 0001:00006048   975 0001:00006051   979 0001:00006054   980 0001:0000605D
   984 0001:00006060   985 0001:00006069   991 0001:0000606C   992 0001:00006070
   993 0001:0000607B   994 0001:0000608A   997 0001:00006096   998 0001:0000609D
  1001 0001:000060A9  1002 0001:000060B2  1006 0001:000060B8  1007 0001:000060C1
  1015 0001:000060C4  1016 0001:000060DB  1017 0001:000060E4  1018 0001:000060F1
  1019 0001:000060FD  1020 0001:00006109  1021 0001:0000611D  1022 0001:00006127
  1023 0001:0000613B  1024 0001:00006144  1025 0001:00006151  1026 0001:00006165
  1027 0001:0000616E  1028 0001:0000617B  1029 0001:00006191  1030 0001:0000619A
  1031 0001:000061C4  1035 0001:000061D0  1036 0001:000061DB  1037 0001:000061E6
  1038 0001:000061F1  1039 0001:000061FC  1040 0001:00006205  1041 0001:00006210
  1042 0001:00006227  1048 0001:0000622C  1050 0001:00006232  1052 0001:00006239
  1054 0001:00006242  1055 0001:0000625D  1060 0001:00006264  1061 0001:0000626D
  1062 0001:00006278  1063 0001:00006285  1064 0001:0000628E  1068 0001:00006294
  1069 0001:00006297  1070 0001:000062A4  1071 0001:000062AD  1075 0001:000062B0
  1076 0001:000062B5  1080 0001:000062B8  1081 0001:000062B9  1082 0001:000062C3
  1083 0001:000062D5  1087 0001:000062D8  1088 0001:000062DB  1089 0001:000062F9
  1090 0001:00006306  1098 0001:00006400  1099 0001:00006407  1101 0001:0000640C
  1102 0001:00006429  1104 0001:00006441  1110 0001:00006448  1111 0001:00006452
  1112 0001:0000645B  1113 0001:0000648C  1114 0001:000064BF  1119 0001:000064C8
  1120 0001:000064CC  1122 0001:000064D5  1123 0001:000064DC  1124 0001:000064E8
  1128 0001:000064EC  1129 0001:000064EF  1130 0001:000064FC  1131 0001:00006505
  1135 0001:00006508  1136 0001:0000650B  1137 0001:0000653B  1138 0001:0000654D
  1139 0001:0000655F  1140 0001:00006571  1141 0001:00006575  1142 0001:00006579
  1143 0001:0000657D  1145 0001:00006595  1147 0001:00006597  1151 0001:0000659C
  1152 0001:000065A4  1153 0001:000065AD  1154 0001:000065B3  1155 0001:000065C0
  1156 0001:000065C7  1160 0001:000065CC  1161 0001:000065CF  1163 0001:000065D7
  1164 0001:000065DF  1165 0001:000065E8  1167 0001:000065EF  1171 0001:000065F4
  1172 0001:000065FA  1174 0001:00006604  1175 0001:00006608  1176 0001:00006613
  1177 0001:0000661B  1179 0001:0000661F  1180 0001:00006626  1181 0001:00006637
  1183 0001:0000664F  1184 0001:0000665A  1186 0001:00006665  1189 0001:00006670
  1191 0001:00006679  1196 0001:0000667C  1197 0001:00006685  1198 0001:0000669B
  1199 0001:000066A0  1204 0001:000066A4  1206 0001:000066B0  1207 0001:000066B6
  1208 0001:000066C4  1209 0001:000066CC  1210 0001:000066D4  1211 0001:000066DC
  1212 0001:000066E4  1213 0001:000066EC  1214 0001:000066F4  1215 0001:00006724
  1216 0001:00006730  1217 0001:0000673C  1218 0001:00006748  1219 0001:00006754
  1220 0001:00006760  1221 0001:0000676C  1224 0001:00006776  1228 0001:00006778
  1229 0001:00006781  1230 0001:00006788  1232 0001:0000678F  1234 0001:00006791
  1238 0001:00006794  1239 0001:0000679D  1241 0001:000067A6  1242 0001:000067AF
  1243 0001:000067B8  1244 0001:000067C1  1245 0001:000067D0  1247 0001:000067DD
  1249 0001:000067E4  1253 0001:000067E8  1254 0001:000067F2  1260 0001:000067F4
  1261 0001:000067F7  1262 0001:00006802  1264 0001:00006806  1265 0001:0000680C
  1266 0001:00006816  1270 0001:00006818  1271 0001:00006821  1275 0001:00006824
  1276 0001:0000682F  1284 0001:00006830  1285 0001:00006845  1286 0001:0000684E
  1287 0001:00006868  1291 0001:0000686C  1292 0001:00006877  1294 0001:0000687E
  1295 0001:00006883  1297 0001:0000688B  1298 0001:000068A2  1305 0001:000068A8
  1306 0001:000068BB  1307 0001:000068C9  1311 0001:000068DD  1317 0001:000068E8
  1318 0001:000068EC  1319 0001:000068FA  1323 0001:0000690F  1331 0001:00006914
  1332 0001:0000691B  1333 0001:00006931  1335 0001:00006939  1336 0001:00006943
  1338 0001:0000695E  1342 0001:00006968  1343 0001:0000696D  1344 0001:0000698E
  1345 0001:00006994  1349 0001:000069B5  1350 0001:000069C1  1353 0001:000069CA
  1355 0001:000069F2  1363 0001:000069F8  1364 0001:000069FF  1365 0001:00006A17
  1367 0001:00006A1D  1368 0001:00006A26  1372 0001:00006A3C  1373 0001:00006A41
  1374 0001:00006A62  1375 0001:00006A68  1379 0001:00006A89  1380 0001:00006A95
  1383 0001:00006A9E  1385 0001:00006AC4  1392 0001:00006ACC  1394 0001:00006AD9
  1395 0001:00006AEA  1397 0001:00006AFB  1400 0001:00006B03  1401 0001:00006B0F
  1404 0001:00006B18  1405 0001:00006B36  1412 0001:00006B40  1414 0001:00006B4D
  1416 0001:00006B71  1418 0001:00006B83  1421 0001:00006B8A  1422 0001:00006B96
  1425 0001:00006B9F  1426 0001:00006BC7  1432 0001:00006BD0  1433 0001:00006BD5
  1435 0001:00006BDC  1436 0001:00006BE1  1438 0001:00006BE9  1439 0001:00006C05
  1440 0001:00006C21  1441 0001:00006C34  1442 0001:00006C46  1445 0001:00006C4D
  1446 0001:00006C58  1443 0001:00006C5B  1448 0001:00006C66  1453 0001:00006C6C
  1454 0001:00006C72  1459 0001:00006C74  1460 0001:00006C7A  1466 0001:00006C7C
  1467 0001:00006C80  1469 0001:00006C84  1472 0001:00006C91  1468 0001:00006C92
  1473 0001:00006C9D  1474 0001:00006CA8  1476 0001:00006CAD  1477 0001:00006CAF
  1482 0001:00006CB4  1483 0001:00006CC7  1488 0001:00006CC8  1489 0001:00006CD3
  1490 0001:00006CD8  1491 0001:00006CEA  1492 0001:00006D01  1490 0001:00006D05
  1493 0001:00006D0B  1498 0001:00006D14  1499 0001:00006D1A  1500 0001:00006D1C
  1501 0001:00006D2E  1502 0001:00006D3B  1500 0001:00006D3E  1503 0001:00006D43
  1512 0001:00006D48  1513 0001:00006D61  1514 0001:00006D6A  1515 0001:00006D73
  1516 0001:00006D7C  1517 0001:00006D85  1518 0001:00006D91  1519 0001:00006D9D
  1520 0001:00006DAA  1521 0001:00006DB4  1522 0001:00006DC8  1523 0001:00006DD2
  1524 0001:00006DD9  1525 0001:00006DE3  1526 0001:00006DED  1527 0001:00006E11
  1528 0001:00006E35  1529 0001:00006E3C  1530 0001:00006E50  1531 0001:00006E5C
  1532 0001:00006E7E  1536 0001:00006E84  1537 0001:00006E8F  1538 0001:00006E98
  1539 0001:00006EA3  1540 0001:00006EAE  1541 0001:00006EB9  1542 0001:00006ED0
  1546 0001:00006ED4  1547 0001:00006ED7  1548 0001:00006EE2  1549 0001:00006EF3
  1550 0001:00006EFA  1554 0001:00006EFC  1555 0001:00006EFD  1556 0001:00006F07
  1558 0001:00006F0F  1559 0001:00006F14  1561 0001:00006F20  1563 0001:00006F26
  1564 0001:00006F30  1566 0001:00006F38  1567 0001:00006F3D  1569 0001:00006F49
  1571 0001:00006F4F  1572 0001:00006F58  1574 0001:00006F8F  1582 0001:00006F94
  1583 0001:00006FA4  1584 0001:00006FAC  1586 0001:00006FBA  1588 0001:00006FC9
  1589 0001:00006FD3  1591 0001:00006FE0  1592 0001:00006FE8  1593 0001:00006FEE
  1594 0001:00007002  1596 0001:00007008  1597 0001:00007023  1598 0001:0000703E
  1602 0001:00007051  1603 0001:0000705B  1586 0001:0000705E  1605 0001:00007072
  1607 0001:00007082  1611 0001:00007088  1612 0001:0000708E  1613 0001:000070A0
  1619 0001:000070A4  1620 0001:000070AD  1621 0001:000070B2  1628 0001:000070B4
  1629 0001:000070BD  1630 0001:000070C4  1632 0001:000070D2  1633 0001:000070E0
  1630 0001:000070EA  1635 0001:000070ED  1636 0001:000070F4  1644 0001:000070FC
  1645 0001:0000711E  1646 0001:0000712B  1647 0001:0000713C  1649 0001:0000714F
  1650 0001:0000715F  1652 0001:00007163  1654 0001:00007170  1656 0001:0000718D
  1657 0001:00007193  1658 0001:00007197  1659 0001:000071A7  1652 0001:000071AA
  1662 0001:000071AD  1663 0001:000071B2  1664 0001:000071CE  1647 0001:000071CF
  1665 0001:000071F5  1669 0001:00007208  1670 0001:0000720C  1672 0001:00007222
  1673 0001:00007230  1674 0001:0000723A  1675 0001:00007245  1676 0001:0000724F
  1678 0001:00007256  1683 0001:00007260  1684 0001:00007265  1687 0001:00007268
  1688 0001:0000726E  1689 0001:00007281  1690 0001:00007288  1691 0001:00007291
  1695 0001:00007294  1696 0001:000072AB  1697 0001:000072B2  1698 0001:000072BE
  1699 0001:000072C9  1700 0001:000072E1  1701 0001:000072ED  1703 0001:00007308
  1705 0001:00007313  1706 0001:00007337  1709 0001:00007340  1710 0001:00007343
  1711 0001:0000734A  1712 0001:00007353  1717 0001:00007358  1719 0001:0000735F
  1720 0001:00007368  1721 0001:0000736C  1725 0001:00007370  1727 0001:00007376
  1728 0001:0000737B  1729 0001:00007382  1730 0001:0000738B  1734 0001:00007390
  1735 0001:00007393  1737 0001:0000739A  1738 0001:000073A1  1742 0001:000073A4
  1744 0001:000073AB  1745 0001:000073C3  1746 0001:000073CD  1747 0001:000073D6
  1751 0001:000073DC  1752 0001:000073DF  1753 0001:000073E6  1754 0001:000073ED
  1759 0001:000073F0  1760 0001:00007400  1765 0001:00007404  1766 0001:00007417
  1774 0001:00007418  1775 0001:00007424  1776 0001:00007426  1778 0001:00007433
  1779 0001:00007442  1781 0001:0000744B  1782 0001:00007454  1784 0001:0000745B
  1785 0001:00007460  1788 0001:0000746B  1790 0001:00007472  1791 0001:00007483
  1793 0001:0000748C  1794 0001:00007495  1796 0001:0000749C  1797 0001:000074A1
  1800 0001:000074B0  1807 0001:000074B8  1808 0001:000074BE  1811 0001:000074C7
  1812 0001:000074D9  1814 0001:000074F5  1815 0001:000074FC  1817 0001:00007503
  1818 0001:0000750F  1819 0001:00007516  1820 0001:00007524  1822 0001:0000752B
  1828 0001:00007530  1829 0001:0000753A  1830 0001:00007546  1831 0001:0000756C
  1832 0001:00007570  1833 0001:00007574  1834 0001:00007578  1835 0001:0000757C
  1837 0001:00007580  1839 0001:00007582  1841 0001:0000758B  1842 0001:0000758F
  1843 0001:00007598  1845 0001:000075A5  1848 0001:000075B2  1849 0001:000075C4
  1850 0001:000075D1  1851 0001:000075DE  1852 0001:000075EB  1854 0001:000075F6
  1858 0001:000075FC  1859 0001:00007602  1860 0001:0000760B  1861 0001:00007614
  1864 0001:00007618  1865 0001:0000761B  1866 0001:00007622  1867 0001:00007629
  1868 0001:0000762F  1869 0001:0000763A  1873 0001:0000763C  1874 0001:00007645
  1875 0001:00007650  1876 0001:0000765D  1877 0001:00007666  1884 0001:0000766C
  1885 0001:0000767F  1886 0001:00007692  1887 0001:00007696  1888 0001:000076A9
  1889 0001:000076AD  1891 0001:000076C1  1892 0001:000076CF  1894 0001:000076DC
  1895 0001:000076E5  1896 0001:000076FB  1897 0001:00007702  1898 0001:00007714
  1892 0001:00007715  1899 0001:00007718  1889 0001:0000771B  1900 0001:00007721
  1903 0001:0000772C  1904 0001:0000772F  1905 0001:00007743  1906 0001:00007757
  1907 0001:0000776F  1908 0001:00007783  1909 0001:000077AD  1914 0001:000077C8
  1915 0001:000077CE  1916 0001:000077DC  1917 0001:000077ED  1918 0001:000077F3
  1921 0001:000077FF  1923 0001:00007812  1924 0001:00007830  1925 0001:0000785A
  1926 0001:00007879  1927 0001:000078A3  1929 0001:000078AC  1933 0001:000078B4
  1934 0001:000078B7  1935 0001:000078BF  1936 0001:000078C9  1938 0001:000078D7
  1939 0001:000078DB  1940 0001:000078F1  1942 0001:000078FA  1943 0001:00007917
  1945 0001:0000791E  1949 0001:00007920  1950 0001:00007941  1951 0001:0000794F
  1952 0001:00007976  1959 0001:0000797C  1960 0001:000079AA  1961 0001:000079BA
  1962 0001:000079C6  1963 0001:000079D1  1964 0001:000079E2  1965 0001:000079E8
  1967 0001:00007A0E  1968 0001:00007A34  1969 0001:00007A64  1970 0001:00007A74
  1971 0001:00007AA1  1977 0001:00007AB0  1978 0001:00007AB3  1981 0001:00007AE3
  1983 0001:00007AF1  1984 0001:00007AFE  1986 0001:00007B0C  1987 0001:00007B17
  1990 0001:00007B2E  1993 0001:00007B42  1995 0001:00007B54  1998 0001:00007B68
  1999 0001:00007B76  2001 0001:00007B86  2005 0001:00007B98  2006 0001:00007BA3
  2008 0001:00007BB0  2010 0001:00007BC2  2013 0001:00007BD8  2014 0001:00007BEA
  2015 0001:00007BEE  2019 0001:00007BFF  2022 0001:00007C06  2030 0001:00007C08
  2031 0001:00007C11  2032 0001:00007C21  2033 0001:00007C2E  2034 0001:00007C37
  2035 0001:00007C40  2036 0001:00007C49  2038 0001:00007C4C  2039 0001:00007C5A
  2040 0001:00007C66  2041 0001:00007C6D  2043 0001:00007C84  2044 0001:00007C97
  2045 0001:00007D6F  2046 0001:00007D7B  2047 0001:00007D8A  2048 0001:00007D99
  2049 0001:00007DA8  2050 0001:00007DB7  2051 0001:00007DC6  2053 0001:00007DD5
  2054 0001:00007DE5  2055 0001:00007DF7  2056 0001:00007E09  2057 0001:00007E1B
  2058 0001:00007E2D  2059 0001:00007E3F  2060 0001:00007E51  2061 0001:00007E63
  2062 0001:00007E75  2064 0001:00007E87  2065 0001:00007E97  2066 0001:00007EA6
  2067 0001:00007EB5  2068 0001:00007EC4  2069 0001:00007ED3  2070 0001:00007EE2
  2071 0001:00007EF1  2072 0001:00007F00  2073 0001:00007F0F  2076 0001:00007F1C
  2041 0001:00007F1D  2077 0001:00007F24  2082 0001:00007F2C  2083 0001:00007F4E
  2085 0001:00007F59  2086 0001:00007F65  2087 0001:00007F74  2088 0001:00007F7A
  2090 0001:00007F83  2091 0001:00007F8A  2092 0001:00007F99  2093 0001:00007FA2
  2094 0001:00007FB1  2095 0001:00007FB7  2097 0001:00007FC5  2098 0001:00007FEE
  2104 0001:00008018  2105 0001:00008029  2106 0001:00008043  2107 0001:0000805F
  2108 0001:0000807A  2109 0001:00008096  2110 0001:000080AA  2117 0001:000080B4
  2118 0001:000080C4  2122 0001:000080E1  2123 0001:000080E5  2125 0001:000080F0
  2126 0001:000080F9  2127 0001:00008109  2128 0001:0000810C  2129 0001:00008133
  2130 0001:00008136  2131 0001:00008139  2132 0001:00008148  2134 0001:00008157
  2136 0001:0000815A  2137 0001:0000816B  2138 0001:0000817B  2140 0001:0000817F
  2141 0001:00008188  2142 0001:00008194  2145 0001:00008198  2146 0001:000081A1
  2147 0001:000081A3  2150 0001:000081B0  2151 0001:000081B9  2154 0001:000081C2
  2155 0001:000081DB  2159 0001:000081E4  2160 0001:000081E7  2162 0001:000081F5
  2163 0001:0000820B  2165 0001:00008224  2167 0001:00008230  2168 0001:00008246
  2170 0001:0000825F  2182 0001:00008264  2183 0001:0000826D  2184 0001:0000826F
  2188 0001:000082A7  2189 0001:000082C4  2191 0001:000082CD  2194 0001:000082D4
  2195 0001:000082DD  2196 0001:000082F5  2203 0001:000082FC  2204 0001:000082FF
  2206 0001:0000830D  2207 0001:00008322  2208 0001:00008332  2211 0001:00008345
  2212 0001:0000834D  2215 0001:0000835B  2221 0001:00008360  2222 0001:00008363
  2224 0001:0000836F  2225 0001:00008384  2226 0001:00008394  2229 0001:000083AA
  2230 0001:000083B2  2233 0001:000083C3  2235 0001:000083C8  2236 0001:000083D1
  2238 0001:000083E1  2239 0001:000083EC  2240 0001:000083F7  2241 0001:00008404
  2242 0001:0000840E  2243 0001:0000841D  2245 0001:00008427  2246 0001:00008433
  2247 0001:0000843D  2248 0001:0000844B  2249 0001:00008452  2250 0001:0000845D
  2251 0001:00008464  2253 0001:00008471  2254 0001:0000847C  2257 0001:00008490
  2260 0001:000084A4  2261 0001:000084AC  2265 0001:000084B0  2266 0001:000084B3
  2267 0001:000084BC  2268 0001:000084C9  2272 0001:000084CC  2273 0001:000084CF
  2274 0001:000084D8  2275 0001:000084E5  2279 0001:000084E8  2280 0001:00008502
  2282 0001:00008512  2283 0001:00008526  2286 0001:0000852F  2287 0001:00008536
  2288 0001:0000853F  2291 0001:00008546  2292 0001:00008554  2294 0001:0000857A
  2298 0001:00008580  2299 0001:000085A4  2301 0001:000085BD  2302 0001:000085DC
  2305 0001:000085E5  2306 0001:000085EC  2307 0001:000085F9  2310 0001:0000861D
  2314 0001:00008624  2315 0001:00008648  2316 0001:00008661  2317 0001:0000869D
  2321 0001:000086A4  2322 0001:000086CB  2323 0001:000086CD  2324 0001:000086D3
  2326 0001:00008778  2327 0001:000087A1  2328 0001:000087CA  2329 0001:000087F3
  2331 0001:0000881C  2332 0001:0000884A  2333 0001:00008858  2334 0001:00008874
  2335 0001:00008890  2338 0001:000088BB  2339 0001:000088D1  2343 0001:000088E8
  2344 0001:000088F0  2345 0001:000088FD  2347 0001:0000890E  2348 0001:00008926
  2349 0001:0000893E  2350 0001:0000894E  2351 0001:0000895D  2352 0001:0000896E
  2355 0001:0000897F  2356 0001:00008987  2357 0001:00008994  2359 0001:000089A3
  2360 0001:000089AF  2361 0001:000089BB  2362 0001:000089CB  2365 0001:000089DB
  2366 0001:000089E3  2367 0001:000089FC  2368 0001:00008A15  2370 0001:00008A23
  2371 0001:00008A30  2373 0001:00008A3B  2375 0001:00008A61  2382 0001:00008A80
  2383 0001:00008A88  2384 0001:00008A91  2385 0001:00008AA2  2386 0001:00008AA9
  2387 0001:00008AB0  2388 0001:00008AB8  2389 0001:00008AC1  2391 0001:00008ACB
  2392 0001:00008AD3  2396 0001:00008ADC  2397 0001:00008ADD  2398 0001:00008AE7
  2399 0001:00008AF9  2404 0001:00008AFC  2405 0001:00008AFD  2406 0001:00008B07
  2407 0001:00008B19  2411 0001:00008B1C  2412 0001:00008B1D  2413 0001:00008B27
  2414 0001:00008B39  2419 0001:00008B3C  2420 0001:00008B5F  2421 0001:00008B69
  2422 0001:00008B9A  2426 0001:00008BA0  2427 0001:00008BA4  2429 0001:00008BAA
  2430 0001:00008BB6  2431 0001:00008BCA  2434 0001:00008BDE  2435 0001:00008BE6
  2438 0001:00008BF7  2445 0001:00008BFC  2448 0001:00008C05  2449 0001:00008C09
  2450 0001:00008C13  2451 0001:00008C1A  2453 0001:00008C1F  2454 0001:00008C31
  2455 0001:00008C40  2454 0001:00008C55  2455 0001:00008C58  2453 0001:00008C59
  2456 0001:00008C5E  2457 0001:00008C65  2463 0001:00008C70  2464 0001:00008C79
  2466 0001:00008C84  2468 0001:00008C8D  2471 0001:00008C98  2472 0001:00008CA1
  2474 0001:00008CAA  2477 0001:00008CB5  2479 0001:00008CBE  2480 0001:00008CC7
  2481 0001:00008CCA  2488 0001:00008CCC  2489 0001:00008CD5  2490 0001:00008D04
  2491 0001:00008D0F  2495 0001:00008D1A  2496 0001:00008D25  2498 0001:00008D30
  2501 0001:00008D3B  2502 0001:00008D44  2503 0001:00008D47  2504 0001:00008D5F
  2506 0001:00008D81  2509 0001:00008D8A  2510 0001:00008D97  2514 0001:00008DA0
  2515 0001:00008DA3  2516 0001:00008DAA  2517 0001:00008DBD  2518 0001:00008DC4
  2523 0001:00008DC8  2524 0001:00008DD9  2529 0001:00008DDC  2530 0001:00008DF4
  2535 0001:00008DF8  2536 0001:00008E1C  2541 0001:00008E20  2542 0001:00008E44
  2553 0001:00008E48  2554 0001:00008E65  2557 0001:00008E6C  2558 0001:00008E75
  2559 0001:00008EB7  2555 0001:00008EB8  2561 0001:00008EE5  2567 0001:00008EF8
  2568 0001:00008F04  2569 0001:00008F11  2570 0001:00008F23  2569 0001:00008F3C
  2571 0001:00008F3F  2576 0001:00008F44  2577 0001:00008F50  2578 0001:00008F5D
  2579 0001:00008F6F  2578 0001:00008F85  2580 0001:00008F88  2582 0001:00008F90
  2583 0001:00008FAB  2584 0001:00008FB6  2587 0001:00008FCA  2588 0001:00008FD3
  2589 0001:00008FDC  2590 0001:00008FE3  2591 0001:00008FEC  2592 0001:00008FF3
  2593 0001:0000901F  2597 0001:00009028  2598 0001:0000902A  2599 0001:00009034
  2600 0001:00009039  2604 0001:0000903C  2605 0001:00009046  2606 0001:0000904D
  2610 0001:00009050  2612 0001:00009058  2613 0001:0000905E  2615 0001:00009063
  2619 0001:00009064  2621 0001:0000906C  2622 0001:00009072  2624 0001:00009077
  2627 0001:00009078  2628 0001:0000907E  2630 0001:00009086  2632 0001:000090A2
  2634 0001:000090AD  2635 0001:000090B4  2637 0001:000090C0  2638 0001:000090CB
  2641 0001:000090D2  2644 0001:000090D8  2645 0001:000090DE  2647 0001:000090E6
  2649 0001:00009102  2651 0001:0000910D  2652 0001:00009114  2654 0001:00009120
  2655 0001:0000912B  2658 0001:00009132  2661 0001:00009138  2662 0001:0000913B
  2664 0001:00009143  2665 0001:00009149  2667 0001:0000914F  2668 0001:0000915A
  2671 0001:00009161  2674 0001:00009164  2675 0001:00009168  2677 0001:00009170
  2678 0001:00009176  2680 0001:00009185  2681 0001:0000918A  2684 0001:00009191
  2687 0001:00009194  2688 0001:0000919A  2690 0001:000091A4  2691 0001:000091A8
  2692 0001:000091B3  2693 0001:000091BB  2695 0001:000091BF  2696 0001:000091C6
  2699 0001:000091D7  2703 0001:000091DC  2705 0001:000091E4  2706 0001:000091EA
  2707 0001:000091F0  2709 0001:000091F5  2719 0001:000091F8  2721 0001:0000925A
  2711 0001:0000925C  2713 0001:00009265  2714 0001:00009276  2715 0001:00009285
  2716 0001:00009294  2718 0001:000092A3

Line numbers for CPortSetup(CPortSetup.pas) segment .text

    57 0001:00009514    58 0001:00009518    60 0001:00009528    61 0001:00009535
[...]
  1826 0001:0000CA5E  1828 0001:0000CA71  1833 0001:0000CA78  1834 0001:0000CA94
  1836 0001:0000CA9F  1844 0001:0000CAB0  1847 0001:0000CACE  1848 0001:0000CAEF
  1853 0001:0000CAF8  1854 0001:0000CB1A  1855 0001:0000CB22  1856 0001:0000CB30
  1857 0001:0000CB3D  1859 0001:0000CB57  1861 0001:0000CB87  1867 0001:0000CB8C
  1868 0001:0000CBA6  1869 0001:0000CBCE  1870 0001:0000CBD8  1871 0001:0000CC04
  1872 0001:0000CC2F  1880 0001:0000CC38  1881 0001:0000CC5A  1882 0001:0000CC62
  1883 0001:0000CC70  1884 0001:0000CC7A  1886 0001:0000CC94  1887 0001:0000CCBA
  1888 0001:0000CCC3  1890 0001:0000CCFC  1892 0001:0000CD2C  1899 0001:0000CD34
  1900 0001:0000CD47  1902 0001:0000CD4C  1903 0001:0000CD5B  1904 0001:0000CD61
  1906 0001:0000CD67  1908 0001:0000CD76  1911 0001:0000CDA1  1913 0001:0000CDA5
  1915 0001:0000CDB9  1916 0001:0000CDBC  1922 0001:0000CDC8  1923 0001:0000CDD7
  1924 0001:0000CDDF  1925 0001:0000CDED  1926 0001:0000CDFC  1928 0001:0000CE16
  1930 0001:0000CE29  1934 0001:0000CE30  1935 0001:0000CE3C  1936 0001:0000CE45
  1937 0001:0000CE49  1939 0001:0000CE61  1940 0001:0000CE63  1948 0001:0000CE6C
  1949 0001:0000CE8E  1950 0001:0000CE96  1951 0001:0000CEA4  1952 0001:0000CEB4
  1953 0001:0000CEC1  1954 0001:0000CECC  1959 0001:0000CED6  1962 0001:0000CEED
  1964 0001:0000CF1D  1968 0001:0000CF24  1969 0001:0000CF26  1970 0001:0000CF31
  1971 0001:0000CF39  1973 0001:0000CF40  1980 0001:0000CF44  1981 0001:0000CF4C
  1983 0001:0000CF51  1985 0001:0000CF60  1986 0001:0000CF6F  1989 0001:0000CF90
  1991 0001:0000CF94  1993 0001:0000CFAD  1994 0001:0000CFC0  1996 0001:0000CFCD
  1997 0001:0000CFD6  1999 0001:0000CFE4  2000 0001:0000CFE7  2004 0001:0000CFEC
  2005 0001:0000CFEF  2007 0001:0000CFFE  2008 0001:0000D012  2014 0001:0000D014
  2015 0001:0000D01C  2017 0001:0000D020  2019 0001:0000D02F  2020 0001:0000D046
  2021 0001:0000D04A  2023 0001:0000D062  2024 0001:0000D078  2035 0001:0000D080
  2037 0001:0000D090  2039 0001:0000D096  2041 0001:0000D0A5  2042 0001:0000D0B4
  2043 0001:0000D0C6  2044 0001:0000D0C9  2046 0001:0000D0CD  2047 0001:0000D0D0
  2050 0001:0000D0D7  2052 0001:0000D0DC  2053 0001:0000D0EA  2055 0001:0000D0FF
  2057 0001:0000D116  2059 0001:0000D126  2061 0001:0000D136  2063 0001:0000D14C
  2066 0001:0000D157  2068 0001:0000D15B  2070 0001:0000D16F  2072 0001:0000D18A
  2074 0001:0000D19B  2078 0001:0000D1A4  2079 0001:0000D1AA  2081 0001:0000D1B8
  2082 0001:0000D1CC  2088 0001:0000D1D0  2089 0001:0000D1D5  2094 0001:0000D1D8
  2095 0001:0000D1DB  2096 0001:0000D1DF  2098 0001:0000D1ED  2099 0001:0000D1F9
  2102 0001:0000D214  2103 0001:0000D22A  2104 0001:0000D243  2106 0001:0000D247
  2107 0001:0000D268  2113 0001:0000D2AC  2114 0001:0000D2B2  2115 0001:0000D2C4
  2121 0001:0000D30C  2122 0001:0000D312  2123 0001:0000D324  2128 0001:0000D328
  2129 0001:0000D34B  2132 0001:0000D34D  2134 0001:0000D37C  2130 0001:0000D37D
  2136 0001:0000D382  2137 0001:0000D387  2139 0001:0000D389  2140 0001:0000D3AD
  2145 0001:0000D3B4  2146 0001:0000D3D7  2149 0001:0000D3D9  2151 0001:0000D408
  2147 0001:0000D409  2153 0001:0000D40E  2154 0001:0000D413  2156 0001:0000D415
  2157 0001:0000D439  2162 0001:0000D440  2163 0001:0000D467  2165 0001:0000D473
  2167 0001:0000D486  2168 0001:0000D494  2170 0001:0000D4C9  2172 0001:0000D4D0
  2175 0001:0000D4D2  2178 0001:0000D4D9  2179 0001:0000D4FF  2182 0001:0000D508
  2186 0001:0000D521  2187 0001:0000D529  2189 0001:0000D534  2190 0001:0000D56C
  2194 0001:0000D580  2195 0001:0000D5A4  2197 0001:0000D5AE  2198 0001:0000D5C1
  2199 0001:0000D5DF  2200 0001:0000D5E5  2201 0001:0000D5F8  2202 0001:0000D616
  2203 0001:0000D634  2204 0001:0000D655  2206 0001:0000D678  2208 0001:0000D67E
  2209 0001:0000D69C  2211 0001:0000D6BA  2213 0001:0000D6C0  2214 0001:0000D6E1
  2215 0001:0000D702  2217 0001:0000D723  2219 0001:0000D729  2220 0001:0000D73F
  2222 0001:0000D755  2224 0001:0000D75B  2225 0001:0000D771  2226 0001:0000D787
  2227 0001:0000D79D  2228 0001:0000D7B3  2230 0001:0000D7C9  2232 0001:0000D7D3
  2233 0001:0000D7F4  2234 0001:0000D815  2235 0001:0000D836  2236 0001:0000D857
  2237 0001:0000D878  2238 0001:0000D899  2239 0001:0000D8BA  2240 0001:0000D8DB
  2241 0001:0000D8FC  2243 0001:0000D93F  2247 0001:0000DC7C  2248 0001:0000DC9F
  2250 0001:0000DCA9  2251 0001:0000DCB8  2252 0001:0000DCD2  2253 0001:0000DCD8
  2254 0001:0000DCE7  2255 0001:0000DD01  2256 0001:0000DD1B  2257 0001:0000DD38
  2259 0001:0000DD57  2261 0001:0000DD5D  2262 0001:0000DD77  2264 0001:0000DD91
  2266 0001:0000DD97  2267 0001:0000DDB4  2268 0001:0000DDD1  2270 0001:0000DDEE
  2272 0001:0000DDF4  2273 0001:0000DE06  2275 0001:0000DE18  2277 0001:0000DE1E
  2278 0001:0000DE30  2279 0001:0000DE42  2280 0001:0000DE54  2281 0001:0000DE66
  2283 0001:0000DE78  2285 0001:0000DE82  2286 0001:0000DE9F  2287 0001:0000DEBC
  2288 0001:0000DED9  2289 0001:0000DEF6  2290 0001:0000DF13  2291 0001:0000DF30
  2292 0001:0000DF4D  2293 0001:0000DF6A  2294 0001:0000DF87  2296 0001:0000DFC6
  2300 0001:0000E300  2301 0001:0000E325  2303 0001:0000E32F  2304 0001:0000E34F
  2305 0001:0000E381  2306 0001:0000E387  2307 0001:0000E3A4  2308 0001:0000E3D6
  2309 0001:0000E408  2310 0001:0000E43E  2313 0001:0000E476  2315 0001:0000E47C
  2316 0001:0000E4AE  2318 0001:0000E4E0  2320 0001:0000E4EA  2321 0001:0000E520
  2322 0001:0000E556  2324 0001:0000E58C  2326 0001:0000E592  2327 0001:0000E5B2
  2329 0001:0000E5D2  2331 0001:0000E5DC  2332 0001:0000E5FC  2333 0001:0000E61C
  2334 0001:0000E63C  2335 0001:0000E65C  2337 0001:0000E67C  2339 0001:0000E686
  2340 0001:0000E6BC  2341 0001:0000E6F2  2342 0001:0000E728  2343 0001:0000E75E
  2344 0001:0000E794  2345 0001:0000E7D0  2346 0001:0000E812  2347 0001:0000E854
  2348 0001:0000E896  2350 0001:0000E8FD  2354 0001:0000EC38  2355 0001:0000EC5C
  2357 0001:0000EC66  2358 0001:0000EC7F  2359 0001:0000EC9F  2360 0001:0000ECA5
  2361 0001:0000ECBA  2362 0001:0000ECDA  2363 0001:0000ECFA  2364 0001:0000ED1B
  2366 0001:0000ED3C  2368 0001:0000ED42  2369 0001:0000ED62  2371 0001:0000ED82
  2373 0001:0000ED88  2374 0001:0000EDA9  2375 0001:0000EDCA  2377 0001:0000EDEB
  2379 0001:0000EDF1  2380 0001:0000EE07  2382 0001:0000EE1D  2384 0001:0000EE23
  2385 0001:0000EE39  2386 0001:0000EE4F  2387 0001:0000EE65  2388 0001:0000EE7B
  2390 0001:0000EE91  2392 0001:0000EE9B  2393 0001:0000EEBC  2394 0001:0000EEDD
  2395 0001:0000EEFE  2396 0001:0000EF1F  2397 0001:0000EF40  2398 0001:0000EF61
  2399 0001:0000EF82  2400 0001:0000EFA3  2401 0001:0000EFC4  2403 0001:0000F007
  2410 0001:0000F344  2411 0001:0000F379  2412 0001:0000F388  2414 0001:0000F390
  2415 0001:0000F3A4  2416 0001:0000F3BE  2418 0001:0000F3CC  2419 0001:0000F3E6
  2420 0001:0000F3F2  2421 0001:0000F40D  2422 0001:0000F41F  2423 0001:0000F42C
  2424 0001:0000F437  2426 0001:0000F465  2433 0001:0000F4B0  2434 0001:0000F4D7
  2435 0001:0000F4E5  2437 0001:0000F4E9  2438 0001:0000F4F8  2439 0001:0000F506
  2440 0001:0000F517  2442 0001:0000F52F  2446 0001:0000F53F  2447 0001:0000F551
  2448 0001:0000F55F  2450 0001:0000F577  2455 0001:0000F596  2457 0001:0000F5C8
  2464 0001:0000F5D0  2465 0001:0000F5F7  2466 0001:0000F5FF  2467 0001:0000F60D
  2468 0001:0000F61B  2470 0001:0000F61F  2471 0001:0000F62E  2472 0001:0000F63C
  2473 0001:0000F64D  2475 0001:0000F665  2479 0001:0000F675  2480 0001:0000F687
  2481 0001:0000F695  2483 0001:0000F6AD  2487 0001:0000F6CA  2491 0001:0000F6E9
  2493 0001:0000F71B  2497 0001:0000F724  2498 0001:0000F72B  2500 0001:0000F73A
  2502 0001:0000F74B  2503 0001:0000F755  2504 0001:0000F75F  2508 0001:0000F764
  2509 0001:0000F76B  2511 0001:0000F77A  2513 0001:0000F78B  2514 0001:0000F795
  2515 0001:0000F79F  2520 0001:0000F7A4  2521 0001:0000F7A5  2522 0001:0000F7AF
  2523 0001:0000F7BF  2526 0001:0000F7C4  2527 0001:0000F7C5  2528 0001:0000F7CF
  2529 0001:0000F7DF  2532 0001:0000F7E4  2533 0001:0000F7E5  2534 0001:0000F7EF
  2535 0001:0000F7FF  2538 0001:0000F804  2539 0001:0000F805  2540 0001:0000F80F
  2541 0001:0000F81F  2544 0001:0000F824  2545 0001:0000F825  2546 0001:0000F82C
  2547 0001:0000F838  2550 0001:0000F83C  2551 0001:0000F83D  2552 0001:0000F847
  2553 0001:0000F85A  2556 0001:0000F85C  2557 0001:0000F85D  2558 0001:0000F867
  2559 0001:0000F877  2562 0001:0000F87C  2563 0001:0000F87D  2564 0001:0000F887
  2565 0001:0000F897  2568 0001:0000F89C  2569 0001:0000F89D  2570 0001:0000F8A7
  2571 0001:0000F8B7  2574 0001:0000F8BC  2575 0001:0000F8BD  2576 0001:0000F8C7
  2577 0001:0000F8D9  2580 0001:0000F8DC  2581 0001:0000F8DD  2582 0001:0000F8E7
  2583 0001:0000F8F9  2586 0001:0000F8FC  2587 0001:0000F8FD  2588 0001:0000F907
  2589 0001:0000F919  2592 0001:0000F91C  2593 0001:0000F921  2594 0001:0000F92B
  2595 0001:0000F93E  2598 0001:0000F944  2599 0001:0000F945  2600 0001:0000F94F
  2601 0001:0000F95F  2604 0001:0000F964  2605 0001:0000F965  2606 0001:0000F96F
  2607 0001:0000F97F  2612 0001:0000F984  2613 0001:0000F988  2615 0001:0000F98C
  2616 0001:0000F993  2617 0001:0000F99A  2620 0001:0000F9A4  2621 0001:0000F9AF
  2622 0001:0000F9BA  2623 0001:0000F9C5  2624 0001:0000F9D2  2625 0001:0000F9DF
  2627 0001:0000F9EC  2632 0001:0000F9F0  2633 0001:0000F9F4  2634 0001:0000F9FF
  2635 0001:0000FA0A  2638 0001:0000FA10  2639 0001:0000FA14  2640 0001:0000FA1F
  2641 0001:0000FA2A  2642 0001:0000FA33  2645 0001:0000FA38  2647 0001:0000FA3C
  2648 0001:0000FA45  2649 0001:0000FA50  2652 0001:0000FA54  2653 0001:0000FA55
  2654 0001:0000FA5E  2657 0001:0000FA60  2658 0001:0000FA61  2659 0001:0000FA6A
  2664 0001:0000FA6C  2665 0001:0000FA70  2667 0001:0000FA7C  2668 0001:0000FA87
  2669 0001:0000FA94  2674 0001:0000FA98  2675 0001:0000FA9C  2677 0001:0000FAA8
  2678 0001:0000FAB3  2679 0001:0000FAC0  2684 0001:0000FAC4  2685 0001:0000FAC8
  2687 0001:0000FAD4  2688 0001:0000FADF  2689 0001:0000FAEC  2694 0001:0000FAF0
  2695 0001:0000FAF4  2696 0001:0000FAFD  2697 0001:0000FB06  2698 0001:0000FB13
  2701 0001:0000FB1C  2702 0001:0000FB20  2703 0001:0000FB29  2704 0001:0000FB34
  2707 0001:0000FB38  2708 0001:0000FB39  2709 0001:0000FB42  2717 0001:0000FB44
  2718 0001:0000FB4B  2719 0001:0000FB58  2721 0001:0000FB6B  2722 0001:0000FB82
  2732 0001:0000FB88  2734 0001:0000FB90  2736 0001:0000FBB0  2737 0001:0000FBB4
  2739 0001:0000FBC2  2741 0001:0000FBDB  2742 0001:0000FBEE  2745 0001:0000FBF5
  2749 0001:0000FBFB  2750 0001:0000FBFF  2753 0001:0000FC0C  2755 0001:0000FC22
  2739 0001:0000FC25  2756 0001:0000FC28  2758 0001:0000FC3A  2759 0001:0000FC3E
  2762 0001:0000FC58  2764 0001:0000FC5E  2766 0001:0000FC66  2770 0001:0000FC76
  2772 0001:0000FC7C  2773 0001:0000FC86  2774 0001:0000FC91  2775 0001:0000FC97
  2776 0001:0000FCA3  2777 0001:0000FCAA  2778 0001:0000FCB0  2779 0001:0000FCBF
  2782 0001:0000FCC4  2783 0001:0000FCC8  2784 0001:0000FCD1  2785 0001:0000FCDC
  2788 0001:0000FCE0  2789 0001:0000FCE4  2790 0001:0000FCEF  2791 0001:0000FCF8
  2792 0001:0000FD03  2799 0001:0000FD08  2800 0001:0000FD0E  2802 0001:0000FD10
  2803 0001:0000FD1A  2805 0001:0000FD24  2806 0001:0000FD2E  2807 0001:0000FD35
  2808 0001:0000FD37  2803 0001:0000FD38  2809 0001:0000FD3D  2816 0001:0000FD44
  2817 0001:0000FD53  2818 0001:0000FD5D  2820 0001:0000FD6D  2821 0001:0000FD79
  2822 0001:0000FD80  2823 0001:0000FD93  2818 0001:0000FD97  2824 0001:0000FD9A
  2832 0001:0000FDA4  2833 0001:0000FDAF  2834 0001:0000FDB9  2836 0001:0000FDC3
  2837 0001:0000FDCD  2838 0001:0000FDD7  2839 0001:0000FDEA  2840 0001:0000FDFA
  2841 0001:0000FE0A  2843 0001:0000FE18  2844 0001:0000FE20  2845 0001:0000FE2A
  2834 0001:0000FE2B  2846 0001:0000FE2E  2854 0001:0000FE38  2855 0001:0000FE47
  2857 0001:0000FE55  2859 0001:0000FE63  2860 0001:0000FE6D  2861 0001:0000FE77
  2862 0001:0000FEA8  2863 0001:0000FEB8  2864 0001:0000FEC8  2865 0001:0000FED8
  2866 0001:0000FEE8  2867 0001:0000FEF8  2870 0001:0000FF06  2871 0001:0000FF0E
  2872 0001:0000FF1C  2857 0001:0000FF1D  2873 0001:0000FF24  2878 0001:0000FF2C
  2880 0001:0000FF38  2881 0001:0000FF3D  2882 0001:0000FF41  2884 0001:0000FF48
  2887 0001:0000FF4E  2888 0001:0000FF51  2892 0001:0000FF54  2893 0001:0000FF55
  2895 0001:0000FF5A  2897 0001:0000FF5D  2899 0001:0000FF66  2903 0001:0000FF68
  2904 0001:0000FF69  2906 0001:0000FF6E  2907 0001:0000FF71  2909 0001:0000FF7A
  2913 0001:0000FF7C  2914 0001:0000FF7D  2916 0001:0000FF82  2917 0001:0000FF85
  2919 0001:0000FF8E  2923 0001:0000FF90  2924 0001:0000FF91  2926 0001:0000FF96
  2927 0001:0000FF99  2929 0001:0000FFA2  2933 0001:0000FFA4  2934 0001:0000FFA5
  2936 0001:0000FFAA  2937 0001:0000FFAD  2939 0001:0000FFB6  2943 0001:0000FFB8
  2946 0001:0000FFBE  2948 0001:0000FFCA  2949 0001:0000FFD4  2952 0001:0000FFE6
  2953 0001:0000FFED  2956 0001:0000FFF4  2960 0001:0000FFF8  2961 0001:0000FFF9
  2963 0001:0000FFFE  2964 0001:00010001  2966 0001:0001000A  2971 0001:0001000C
  2973 0001:00010011  2977 0001:00010023  2979 0001:00010032  2981 0001:00010035
  2985 0001:00010038  2986 0001:0001003E  2988 0001:00010044  2989 0001:00010053
  2990 0001:00010056  2995 0001:0001005C  2997 0001:00010061  3001 0001:00010073
  3003 0001:00010082  3005 0001:00010085  3010 0001:00010088  3011 0001:00010099
  3015 0001:0001009C  3016 0001:000100A0  3017 0001:000100A8  3018 0001:000100B3
  3022 0001:000100B8  3023 0001:000100BC  3024 0001:000100C4  3025 0001:000100CF
  3029 0001:000100D4  3030 0001:000100D8  3031 0001:000100E0  3032 0001:000100EB
  3036 0001:000100F0  3037 0001:000100F4  3038 0001:000100FC  3039 0001:00010107
  3047 0001:0001010C  3048 0001:00010123  3049 0001:0001012C  3050 0001:0001013D
  3051 0001:00010147  3052 0001:00010167  3056 0001:0001016C  3057 0001:00010177
  3058 0001:00010180  3059 0001:00010188  3060 0001:0001019F  3064 0001:000101A4
  3065 0001:000101AA  3067 0001:000101B5  3068 0001:000101BF  3071 0001:000101C9
  3072 0001:000101D6  3077 0001:000101DC  3078 0001:000101E5  3079 0001:000101F0
  3080 0001:000101FA  3081 0001:00010203  3085 0001:00010208  3086 0001:00010209
  3087 0001:00010210  3088 0001:0001021C  3092 0001:00010220  3093 0001:00010221
  3094 0001:00010228  3095 0001:00010234  3100 0001:00010238  3101 0001:00010239
  3102 0001:00010240  3103 0001:0001024D  3107 0001:00010250  3108 0001:00010251
  3109 0001:00010258  3110 0001:00010265  3116 0001:00010268  3117 0001:00010287
  3119 0001:00010291  3120 0001:0001029C  3122 0001:000102A6  3123 0001:000102CF
  3125 0001:000102E7  3126 0001:0001031D  3127 0001:00010357  3131 0001:00010360
  3132 0001:00010366  3133 0001:0001036C  3135 0001:00010378  3136 0001:00010381
  3144 0001:00010384  3145 0001:0001039B  3146 0001:000103A5  3148 0001:000103AA
  3149 0001:000103C4  3150 0001:000103F1  3152 0001:00010420  3157 0001:00010428
  3158 0001:00010445  3159 0001:0001045A  3160 0001:0001047B  3161 0001:00010485
  3162 0001:000104B0  3167 0001:000104B8  3169 0001:000104D0  3170 0001:000104D7
  3171 0001:000104F2  3172 0001:000104F8  3173 0001:00010505  3175 0001:0001050B
  3177 0001:0001051D  3178 0001:0001055B  3179 0001:00010561  3182 0001:00010570
  3184 0001:0001059C  3189 0001:000105A4  3191 0001:000105BD  3192 0001:000105C4
  3193 0001:000105DF  3196 0001:000105E5  3197 0001:000105E8  3200 0001:000105F7
  3202 0001:00010601  3203 0001:00010611  3206 0001:00010625  3207 0001:0001062F
  3211 0001:0001063D  3212 0001:0001064D  3214 0001:000106AC  3217 0001:000106B2
  3218 0001:000106C8  3222 0001:000106D2  3223 0001:000106DE  3224 0001:0001070C
  3227 0001:00010714  3228 0001:00010718  3229 0001:00010741  3231 0001:00010744
  3232 0001:0001074B  3233 0001:00010759  3234 0001:00010762  3235 0001:00010769
  3237 0001:00010772  3238 0001:00010779  3239 0001:00010782  3242 0001:00010797
  3243 0001:000107A2  3245 0001:000107B2  3249 0001:000107B8  3250 0001:000107BB
  3252 0001:000107DA  3257 0001:000107DC  3258 0001:000107E1  3263 0001:000107E4
  3264 0001:00010803  3265 0001:0001080D  3266 0001:00010817  3270 0001:0001082A
  3271 0001:00010835  3272 0001:00010861  3276 0001:0001086C  3277 0001:00010874
  3279 0001:0001087D  3280 0001:0001088B  3282 0001:000108AA  3283 0001:000108B5
  3286 0001:000108C4  3290 0001:000108C8  3291 0001:000108CE  3293 0001:000108D5
  3294 0001:000108D9  3295 0001:000108E1  3296 0001:000108E6  3298 0001:000108EA
  3299 0001:000108F1  3302 0001:000108FC  3307 0001:00010900  3309 0001:00010905
  3310 0001:00010908  3311 0001:0001090E  3313 0001:00010913  3318 0001:00010914
  3320 0001:00010919  3321 0001:0001091C  3322 0001:00010922  3324 0001:00010927
  3328 0001:00010928  3329 0001:0001092E  3331 0001:0001093A  3332 0001:00010944
  3333 0001:0001094A  3335 0001:00010951  3339 0001:00010954  3340 0001:0001095A
  3342 0001:00010966  3343 0001:00010970  3344 0001:00010976  3346 0001:0001097D
  3354 0001:00010980  3355 0001:00010995  3356 0001:0001099E  3357 0001:000109B8
  3361 0001:000109BC  3362 0001:000109BD  3363 0001:000109C7  3367 0001:000109CC
  3368 0001:000109CD  3369 0001:000109D7  3374 0001:000109DC  3375 0001:000109DE
  3383 0001:000109E0  3384 0001:00010A15  3385 0001:00010A18  3386 0001:00010A1B
  3387 0001:00010A91  3391 0001:00010ABC  3392 0001:00010AE4  3393 0001:00010AEB
  3394 0001:00010AEE  3395 0001:00010B3D  3403 0001:00010B44  3404 0001:00010B47
  3405 0001:00010B53  3407 0001:00010B57  3408 0001:00010B65  3409 0001:00010B75
  3410 0001:00010B7A  3412 0001:00010B7F  3416 0001:00010B84  3417 0001:00010B88
  3419 0001:00010B8A  3420 0001:00010B93  3421 0001:00010B9A  3423 0001:00010B9F
  3424 0001:00010BAB  3425 0001:00010BAF  3434 0001:00010BB4  3435 0001:00010BD5
  3442 0001:00010BF1  3448 0001:00010BF9  3449 0001:00010C08  3450 0001:00010C16
  3452 0001:00010C18  3453 0001:00010C1F  3454 0001:00010C26  3455 0001:00010C31
  3456 0001:00010C3C  3470 0001:00010C68  3472 0001:00010C6C  3473 0001:00010C78
  3474 0001:00010C83  3477 0001:00010C86  3480 0001:00010C8E  3482 0001:00010C92
  3483 0001:00010C9D  3485 0001:00010CB4  3486 0001:00010CBD  3489 0001:00010CEF
  3495 0001:00010D18  3496 0001:00010D3B  3499 0001:00010D3D  3501 0001:00010D6C
  3497 0001:00010D6D  3503 0001:00010D72  3504 0001:00010D77  3506 0001:00010D79
  3507 0001:00010D9D  3513 0001:00010DA4  3514 0001:00010DC7  3517 0001:00010DC9
  3519 0001:00010DF8  3515 0001:00010DF9  3521 0001:00010DFE  3522 0001:00010E03
  3524 0001:00010E05  3525 0001:00010E29  3531 0001:00010E30  3532 0001:00010E53
  3535 0001:00010E55  3537 0001:00010E84  3533 0001:00010E85  3539 0001:00010E8A
  3540 0001:00010E8F  3542 0001:00010E91  3543 0001:00010EB5  3549 0001:00010EBC
  3550 0001:00010EDF  3553 0001:00010EE1  3555 0001:00010F10  3551 0001:00010F11
  3557 0001:00010F16  3558 0001:00010F1B  3560 0001:00010F1D  3561 0001:00010F41
  3567 0001:00010F48  3568 0001:00010F6B  3571 0001:00010F6D  3573 0001:00010F9C
  3569 0001:00010F9D  3575 0001:00010FA2  3576 0001:00010FA7  3578 0001:00010FA9
  3579 0001:00010FCD  3587 0001:000110C8  3588 0001:000110CE  3589 0001:000110E0
  3595 0001:00011108  3596 0001:0001110E  3597 0001:00011120  3603 0001:00011154
  3604 0001:0001115A  3605 0001:0001116C  3612 0001:000111BC  3613 0001:000111C2
  3614 0001:000111D4  3621 0001:00011220  3622 0001:00011226  3623 0001:00011238
  3625 0001:00011318  3626 0001:00011336  3627 0001:00011345  3628 0001:00011354
  3629 0001:00011363  3630 0001:00011372  3631 0001:00011381  3632 0001:00011390
  3633 0001:0001139F  3634 0001:000113AE  3635 0001:000113BD  3636 0001:000113CC
  3637 0001:000113DB  3638 0001:000113EA  3639 0001:000113F9  3640 0001:00011408
  3641 0001:00011417  3642 0001:00011426  3643 0001:00011435  3644 0001:00011444
  3645 0001:00011453  3646 0001:00011462  3647 0001:00011471  3648 0001:00011480
  3649 0001:0001148F  3652 0001:000114B3

Line numbers for CPortLib7(CPortLib7.dpk) segment .text

    40 0001:00011CC4

Bound resource files

CPortTrmSet.dfm
CPortImg.res
CPortSetup.dfm
CPortLib7.res
C:\TEMP\dtfEA01.tmp


Program entry point at 0001:00011CC4
