
 Start         Length     Name                   Class
 0001:00401000 00017810H .text                   CODE
 0002:00419000 00000B1CH .itext                  ICODE
 0003:0041A000 00000204H .data                   DATA
 0004:0041B000 0000009CH .bss                    BSS
 0005:00000000 00000000H .tls                    TLS
 0006:00400000 00000000H .pdata                  PDATA


Detailed map of segments

 0001:00000000 000001F8 C=CODE     S=.text    G=(none)   M=System   ACBP=A9
 0001:000001F8 000007CC C=CODE     S=.text    G=(none)   M=SysInit  ACBP=A9
 0001:000009C4 000002EC C=CODE     S=.text    G=(none)   M=Winapi.Windows ACBP=A9
 0001:00000CB0 00000008 C=CODE     S=.text    G=(none)   M=System.Internal.ExcUtils ACBP=A9
 0001:00000CB8 00000088 C=CODE     S=.text    G=(none)   M=System.SysUtils ACBP=A9
 0001:00000D40 00000008 C=CODE     S=.text    G=(none)   M=System.VarUtils ACBP=A9
 0001:00000D48 00000008 C=CODE     S=.text    G=(none)   M=System.Variants ACBP=A9
 0001:00000D50 00000008 C=CODE     S=.text    G=(none)   M=System.TypInfo ACBP=A9
 0001:00000D58 00000180 C=CODE     S=.text    G=(none)   M=System.Classes ACBP=A9
 0001:00000ED8 00000008 C=CODE     S=.text    G=(none)   M=System.Math ACBP=A9
 0001:00000EE0 00000008 C=CODE     S=.text    G=(none)   M=System.TimeSpan ACBP=A9
 0001:00000EE8 00000008 C=CODE     S=.text    G=(none)   M=System.SyncObjs ACBP=A9
 0001:00000EF0 00000008 C=CODE     S=.text    G=(none)   M=System.DateUtils ACBP=A9
 0001:00000EF8 00000010 C=CODE     S=.text    G=(none)   M=System.IOUtils ACBP=A9
 0001:00000F08 00000010 C=CODE     S=.text    G=(none)   M=System.IniFiles ACBP=A9
 0001:00000F18 00000048 C=CODE     S=.text    G=(none)   M=System.Win.Registry ACBP=A9
 0001:00000F60 00000008 C=CODE     S=.text    G=(none)   M=System.UIConsts ACBP=A9
 0001:00000F68 00000080 C=CODE     S=.text    G=(none)   M=Vcl.Graphics ACBP=A9
 0001:00000FE8 00000008 C=CODE     S=.text    G=(none)   M=Vcl.ActnList ACBP=A9
 0001:00000FF0 00000008 C=CODE     S=.text    G=(none)   M=System.HelpIntfs ACBP=A9
 0001:00000FF8 00000008 C=CODE     S=.text    G=(none)   M=Winapi.UxTheme ACBP=A9
 0001:00001000 00000008 C=CODE     S=.text    G=(none)   M=Vcl.GraphUtil ACBP=A9
 0001:00001008 000001B8 C=CODE     S=.text    G=(none)   M=Vcl.StdCtrls ACBP=A9
 0001:000011C0 00000010 C=CODE     S=.text    G=(none)   M=System.Win.ComObj ACBP=A9
 0001:000011D0 00000008 C=CODE     S=.text    G=(none)   M=Vcl.Printers ACBP=A9
 0001:000011D8 00000008 C=CODE     S=.text    G=(none)   M=Vcl.Clipbrd ACBP=A9
 0001:000011E0 000000C8 C=CODE     S=.text    G=(none)   M=Vcl.ComCtrls ACBP=A9
 0001:000012A8 00000018 C=CODE     S=.text    G=(none)   M=Vcl.Dialogs ACBP=A9
 0001:000012C0 00000080 C=CODE     S=.text    G=(none)   M=Vcl.ExtCtrls ACBP=A9
 0001:00001340 00000010 C=CODE     S=.text    G=(none)   M=Vcl.Themes ACBP=A9
 0001:00001350 00000008 C=CODE     S=.text    G=(none)   M=Winapi.FlatSB ACBP=A9
 0001:00001358 00000170 C=CODE     S=.text    G=(none)   M=Vcl.Forms ACBP=A9
 0001:000014C8 00000008 C=CODE     S=.text    G=(none)   M=Vcl.Menus ACBP=A9
 0001:000014D0 000003E8 C=CODE     S=.text    G=(none)   M=Vcl.Controls ACBP=A9
 0001:000018B8 00000008 C=CODE     S=.text    G=(none)   M=Vcl.Buttons ACBP=A9
 0001:000018C0 00001C20 C=CODE     S=.text    G=(none)   M=CPortEsc ACBP=A9
 0001:000034E0 00000790 C=CODE     S=.text    G=(none)   M=CPortTrmSet ACBP=A9
 0001:00003C70 000081AC C=CODE     S=.text    G=(none)   M=CPortCtl ACBP=A9
 0001:0000BE1C 000004CC C=CODE     S=.text    G=(none)   M=CPortSetup ACBP=A9
 0001:0000C2E8 0000AE88 C=CODE     S=.text    G=(none)   M=CPort    ACBP=A9
 0001:00017170 000006A0 C=CODE     S=.text    G=(none)   M=.CPortLibDXE2 ACBP=A9
 0002:00000000 00000008 C=ICODE    S=.itext   G=(none)   M=System   ACBP=A9
 0002:00000008 00000008 C=ICODE    S=.itext   G=(none)   M=SysInit  ACBP=A9
 0002:00000010 00000018 C=ICODE    S=.itext   G=(none)   M=Winapi.Windows ACBP=A9
 0002:00000028 00000008 C=ICODE    S=.itext   G=(none)   M=System.Internal.ExcUtils ACBP=A9
 0002:00000030 00000028 C=ICODE    S=.itext   G=(none)   M=System.SysUtils ACBP=A9
 0002:00000058 00000008 C=ICODE    S=.itext   G=(none)   M=System.VarUtils ACBP=A9
 0002:00000060 00000008 C=ICODE    S=.itext   G=(none)   M=System.Variants ACBP=A9
 0002:00000068 00000008 C=ICODE    S=.itext   G=(none)   M=System.TypInfo ACBP=A9
 0002:00000070 00000028 C=ICODE    S=.itext   G=(none)   M=System.Classes ACBP=A9
 0002:00000098 00000008 C=ICODE    S=.itext   G=(none)   M=System.Math ACBP=A9
 0002:000000A0 00000008 C=ICODE    S=.itext   G=(none)   M=System.TimeSpan ACBP=A9
 0002:000000A8 00000008 C=ICODE    S=.itext   G=(none)   M=System.SyncObjs ACBP=A9
 0002:000000B0 00000008 C=ICODE    S=.itext   G=(none)   M=System.DateUtils ACBP=A9
 0002:000000B8 00000010 C=ICODE    S=.itext   G=(none)   M=System.IOUtils ACBP=A9
 0002:000000C8 00000008 C=ICODE    S=.itext   G=(none)   M=System.IniFiles ACBP=A9
 0002:000000D0 00000010 C=ICODE    S=.itext   G=(none)   M=System.Win.Registry ACBP=A9
 0002:000000E0 00000008 C=ICODE    S=.itext   G=(none)   M=System.UIConsts ACBP=A9
 0002:000000E8 00000008 C=ICODE    S=.itext   G=(none)   M=Vcl.Graphics ACBP=A9
 0002:000000F0 00000008 C=ICODE    S=.itext   G=(none)   M=Vcl.ActnList ACBP=A9
 0002:000000F8 00000008 C=ICODE    S=.itext   G=(none)   M=System.HelpIntfs ACBP=A9
 0002:00000100 00000008 C=ICODE    S=.itext   G=(none)   M=Winapi.UxTheme ACBP=A9
 0002:00000108 00000008 C=ICODE    S=.itext   G=(none)   M=Vcl.GraphUtil ACBP=A9
 0002:00000110 00000090 C=ICODE    S=.itext   G=(none)   M=Vcl.StdCtrls ACBP=A9
 0002:000001A0 00000010 C=ICODE    S=.itext   G=(none)   M=System.Win.ComObj ACBP=A9
 0002:000001B0 00000008 C=ICODE    S=.itext   G=(none)   M=Vcl.Printers ACBP=A9
 0002:000001B8 00000008 C=ICODE    S=.itext   G=(none)   M=Vcl.Clipbrd ACBP=A9
 0002:000001C0 000000C8 C=ICODE    S=.itext   G=(none)   M=Vcl.ComCtrls ACBP=A9
 0002:00000288 00000008 C=ICODE    S=.itext   G=(none)   M=Vcl.Dialogs ACBP=A9
 0002:00000290 00000028 C=ICODE    S=.itext   G=(none)   M=Vcl.ExtCtrls ACBP=A9
 0002:000002B8 00000010 C=ICODE    S=.itext   G=(none)   M=Vcl.Themes ACBP=A9
 0002:000002C8 00000008 C=ICODE    S=.itext   G=(none)   M=Winapi.FlatSB ACBP=A9
 0002:000002D0 00000020 C=ICODE    S=.itext   G=(none)   M=Vcl.Forms ACBP=A9
 0002:000002F0 00000008 C=ICODE    S=.itext   G=(none)   M=Vcl.Menus ACBP=A9
 0002:000002F8 00000008 C=ICODE    S=.itext   G=(none)   M=Vcl.Controls ACBP=A9
 0002:00000300 00000008 C=ICODE    S=.itext   G=(none)   M=Vcl.Buttons ACBP=A9
 0002:00000308 00000008 C=ICODE    S=.itext   G=(none)   M=CPortEsc ACBP=A9
 0002:00000310 00000008 C=ICODE    S=.itext   G=(none)   M=CPortTrmSet ACBP=A9
 0002:00000318 00000068 C=ICODE    S=.itext   G=(none)   M=CPortCtl ACBP=A9
 0002:00000380 00000008 C=ICODE    S=.itext   G=(none)   M=CPortSetup ACBP=A9
 0002:00000388 0000078C C=ICODE    S=.itext   G=(none)   M=CPort    ACBP=A9
 0002:00000B14 00000008 C=ICODE    S=.itext   G=(none)   M=.CPortLibDXE2 ACBP=A9
 0003:00000000 00000088 C=DATA     S=.data    G=DGROUP   M=SysInit  ACBP=A9
 0003:00000088 0000000C C=DATA     S=.data    G=DGROUP   M=Winapi.Windows ACBP=A9
 0003:00000094 00000040 C=DATA     S=.data    G=DGROUP   M=CPortCtl ACBP=A9
 0003:000000D4 00000128 C=DATA     S=.data    G=DGROUP   M=CPort    ACBP=A9
 0004:00000000 0000001C C=BSS      S=.bss     G=DGROUP   M=SysInit  ACBP=A9
 0004:0000001C 00000008 C=BSS      S=.bss     G=DGROUP   M=Winapi.Windows ACBP=A9
 0004:00000024 00000004 C=BSS      S=.bss     G=DGROUP   M=CPortEsc ACBP=A9
 0004:00000028 00000004 C=BSS      S=.bss     G=DGROUP   M=CPortTrmSet ACBP=A9
 0004:0000002C 00000008 C=BSS      S=.bss     G=DGROUP   M=CPortCtl ACBP=A9
 0004:00000034 00000004 C=BSS      S=.bss     G=DGROUP   M=CPortSetup ACBP=A9
 0004:00000038 00000064 C=BSS      S=.bss     G=DGROUP   M=CPort    ACBP=A9


  Address             Publics by Name

 0002:00000B14       .CPortLibDXE2..CPortLibDXE2
 0001:000177F0       .CPortLibDXE2.@GetPackageInfoTable
 0001:000177F8       .CPortLibDXE2.@PackageLoad
 0001:00017804       .CPortLibDXE2.@PackageUnload
 0004:00000038       CPort..21
 0001:0000FED8       CPort..EComPort
 0001:0000DA5C       CPort..TComBuffer
 0001:0000F7B0       CPort..TComDataPacket
 0001:0000D468       CPort..TComFlowControl
 0001:0000CD40       CPort..TComLink
 0001:0000D858       CPort..TComParity
 0001:0000F080       CPort..TComPort
 0001:0000FCEC       CPort..TComStream
 0001:0000D088       CPort..TComThread
 0001:0000D1DC       CPort..TComTimeouts
 0001:0000DBF0       CPort..TCustomComPort
 0003:0000017C       CPort.BaudRateStrings
 0001:00016EAC       CPort.BaudRateToStr
 0001:00012398       CPort.BoolToStr
 0003:000000F4       CPort.CBaudRate
 0003:00000154       CPort.CControlDTR
 0003:00000144       CPort.CControlRTS
 0003:00000134       CPort.CDataBits
 0001:0001273C       CPort.CharToStr
 0001:0001588C       CPort.CheckLinks
 0004:0000003C       CPort.ComErrorMessages
 0001:0001010C       CPort.ComErrorsToStr
 0003:000000D4       CPort.CParityBits
 0002:00000388       CPort.CPort
 0003:000000E8       CPort.CStopBits
 0003:000001C8       CPort.DataBitsStrings
 0001:00016F58       CPort.DataBitsToStr
 0001:0001608C       CPort.DiscardPacketToPos
 0001:000168BC       CPort.DoneAsync
 0003:00000160       CPort.DTRStrings
 0001:000124A8       CPort.DTRToStr
 0001:00010084       CPort.e
 0001:00016718       CPort.EComPort.Create
 0001:000167F4       CPort.EComPort.CreateNoWinCode
 0001:000162AC       CPort.EndPacket
 0001:000168EC       CPort.EnumComPorts
 0001:000120E0       CPort.ErrorCode
 0001:00010300       CPort.EventsToInt
 0001:00017094       CPort.Finalization
 0003:000001EC       CPort.FlowControlStrings
 0001:00017078       CPort.FlowControlToStr
 0001:00016130       CPort.FormPacket
 0001:000115B4       CPort.GetTOValue
 0001:0001687C       CPort.InitAsync
 0001:0001036C       CPort.IntToEvents
 0001:0001641C       CPort.IsBufferTooLarge
 0003:000001D8       CPort.ParityBitsStrings
 0001:00016FE8       CPort.ParityToStr
 0001:00015848       CPort.PerformRead
 0001:00011A2C       CPort.PrepareAsync
 0003:0000016C       CPort.RTSStrings
 0001:00012538       CPort.RTSToStr
 0001:00015010       CPort.SetRegistry
 0001:000161C0       CPort.StartPacket
 0003:000001BC       CPort.StopBitsStrings
 0001:00016EFC       CPort.StopBitsToStr
 0001:00016A6C       CPort.StrToBaudRate
 0001:000123E4       CPort.StrToBool
 0001:0001266C       CPort.StrToChar
 0001:00016B84       CPort.StrToDataBits
 0001:000125E0       CPort.StrToDTR
 0001:00016C9C       CPort.StrToFlowControl
 0001:00016C10       CPort.StrToParity
 0001:00012554       CPort.StrToRTS
 0001:00016AF8       CPort.StrToStopBits
 0001:00010CE8       CPort.TComBuffer.AssignTo
 0001:00010CA4       CPort.TComBuffer.Create
 0001:00010D1C       CPort.TComBuffer.SetComPort
 0001:00010D20       CPort.TComBuffer.SetInputSize
 0001:00010D54       CPort.TComBuffer.SetOutputSize
 0001:00015EAC       CPort.TComDataPacket.AddData
 0001:00015F70       CPort.TComDataPacket.CheckIncludeStrings
 0001:00015E14       CPort.TComDataPacket.Create
 0001:00015E74       CPort.TComDataPacket.Destroy
 0001:00015F40       CPort.TComDataPacket.DoCustomStart
 0001:00015F58       CPort.TComDataPacket.DoCustomStop
 0001:00015F10       CPort.TComDataPacket.DoDiscard
 0001:00015F28       CPort.TComDataPacket.DoPacket
 0001:000165A4       CPort.TComDataPacket.EmptyBuffer
 0001:0001644C       CPort.TComDataPacket.HandleBuffer
 0001:00015EE4       CPort.TComDataPacket.Notification
 0001:000164E4       CPort.TComDataPacket.ResetBuffer
 0001:000164EC       CPort.TComDataPacket.RxBuf
 0001:00016638       CPort.TComDataPacket.SetCaseInsensitive
 0001:00016600       CPort.TComDataPacket.SetComPort
 0001:0001664C       CPort.TComDataPacket.SetSize
 0001:00016660       CPort.TComDataPacket.SetStartString
 0001:0001668C       CPort.TComDataPacket.SetStopString
 0001:00016068       CPort.TComDataPacket.Upper
 0001:000164C0       CPort.TComDataPacket.ValidStop
 0001:00010948       CPort.TComFlowControl.AssignTo
 0001:00010904       CPort.TComFlowControl.Create
 0001:00010AFC       CPort.TComFlowControl.GetFlowControl
 0001:000109B8       CPort.TComFlowControl.SetComPort
 0001:000109BC       CPort.TComFlowControl.SetControlDTR
 0001:000109DC       CPort.TComFlowControl.SetControlRTS
 0001:00010A7C       CPort.TComFlowControl.SetDSRSensitivity
 0001:00010B54       CPort.TComFlowControl.SetFlowControl
 0001:000109FC       CPort.TComFlowControl.SetOutCTSFlow
 0001:00010A1C       CPort.TComFlowControl.SetOutDSRFlow
 0001:00010A9C       CPort.TComFlowControl.SetTxContinueOnXoff
 0001:00010ADC       CPort.TComFlowControl.SetXoffChar
 0001:00010ABC       CPort.TComFlowControl.SetXonChar
 0001:00010A3C       CPort.TComFlowControl.SetXonXoffIn
 0001:00010A5C       CPort.TComFlowControl.SetXonXoffOut
 0001:00010BD8       CPort.TComParity.AssignTo
 0001:00010B9C       CPort.TComParity.Create
 0001:00010C24       CPort.TComParity.SetBits
 0001:00010C44       CPort.TComParity.SetCheck
 0001:00010C20       CPort.TComParity.SetComPort
 0001:00010C64       CPort.TComParity.SetReplace
 0001:00010C84       CPort.TComParity.SetReplaceChar
 0001:000166B8       CPort.TComStream.Create
 0001:000166F4       CPort.TComStream.Read
 0001:00016714       CPort.TComStream.Seek
 0001:00016704       CPort.TComStream.Write
 0001:00010470       CPort.TComThread.Create
 0001:000104E8       CPort.TComThread.Destroy
 0001:000105F0       CPort.TComThread.DispatchComMsg
 0001:00010738       CPort.TComThread.DoEvents
 0001:00010514       CPort.TComThread.Execute
 0001:0001061C       CPort.TComThread.SendEvents
 0001:000105DC       CPort.TComThread.Stop
 0001:00010818       CPort.TComTimeouts.AssignTo
 0001:000107CC       CPort.TComTimeouts.Create
 0001:00010860       CPort.TComTimeouts.SetComPort
 0001:00010864       CPort.TComTimeouts.SetReadInterval
 0001:00010884       CPort.TComTimeouts.SetReadTotalC
 0001:000108A4       CPort.TComTimeouts.SetReadTotalM
 0001:000108C4       CPort.TComTimeouts.SetWriteTotalC
 0001:000108E4       CPort.TComTimeouts.SetWriteTotalM
 0001:000121A8       CPort.TCustomComPort.AbortAllAsync
 0001:00011650       CPort.TCustomComPort.ApplyBuffer
 0001:00011430       CPort.TCustomComPort.ApplyDCB
 0001:000115C0       CPort.TCustomComPort.ApplyTimeouts
 0001:000112E0       CPort.TCustomComPort.BeginUpdate
 0001:000156F4       CPort.TCustomComPort.CallAfterClose
 0001:00015714       CPort.TCustomComPort.CallAfterOpen
 0001:0001573C       CPort.TCustomComPort.CallBeforeClose
 0001:00015758       CPort.TCustomComPort.CallBeforeOpen
 0001:00015764       CPort.TCustomComPort.CallBreak
 0001:00015770       CPort.TCustomComPort.CallCTSChange
 0001:0001579C       CPort.TCustomComPort.CallDSRChange
 0001:000157F4       CPort.TCustomComPort.CallError
 0001:00010F0C       CPort.TCustomComPort.CallException
 0001:00015820       CPort.TCustomComPort.CallRing
 0001:000157C8       CPort.TCustomComPort.CallRLSDChange
 0001:0001583C       CPort.TCustomComPort.CallRx80Full
 0001:00015980       CPort.TCustomComPort.CallRxChar
 0001:000159C8       CPort.TCustomComPort.CallRxFlag
 0001:000159E4       CPort.TCustomComPort.CallTxEmpty
 0001:00015688       CPort.TCustomComPort.CheckSignals
 0001:000118F4       CPort.TCustomComPort.ClearBuffer
 0001:000113DC       CPort.TCustomComPort.Close
 0001:00010D88       CPort.TCustomComPort.Create
 0001:0001104C       CPort.TCustomComPort.CreateHandle
 0001:00010EB8       CPort.TCustomComPort.Destroy
 0001:000110EC       CPort.TCustomComPort.DestroyHandle
 0001:00015500       CPort.TCustomComPort.DoAfterClose
 0001:000154E0       CPort.TCustomComPort.DoAfterOpen
 0001:000154A0       CPort.TCustomComPort.DoBeforeClose
 0001:000154C0       CPort.TCustomComPort.DoBeforeOpen
 0001:00015560       CPort.TCustomComPort.DoBreak
 0001:000155C0       CPort.TCustomComPort.DoCTSChange
 0001:000155E0       CPort.TCustomComPort.DoDSRChange
 0001:00015620       CPort.TCustomComPort.DoError
 0001:000155A0       CPort.TCustomComPort.DoRing
 0001:00015600       CPort.TCustomComPort.DoRLSDChange
 0001:00015668       CPort.TCustomComPort.DoRx80Full
 0001:00015540       CPort.TCustomComPort.DoRxBuf
 0001:00015520       CPort.TCustomComPort.DoRxChar
 0001:00015648       CPort.TCustomComPort.DoRxFlag
 0001:00015580       CPort.TCustomComPort.DoTxEmpty
 0001:000112E4       CPort.TCustomComPort.EndUpdate
 0001:00015D90       CPort.TCustomComPort.GetTriggersOnRxChar
 0001:00015A0C       CPort.TCustomComPort.HasLink
 0001:000116C4       CPort.TCustomComPort.InputCount
 0001:000121D0       CPort.TCustomComPort.IsAsyncCompleted
 0001:00011930       CPort.TCustomComPort.LastErrors
 0001:0001110C       CPort.TCustomComPort.Loaded
 0001:00013A94       CPort.TCustomComPort.LoadIniFile
 0001:0001467C       CPort.TCustomComPort.LoadRegistry
 0001:000152CC       CPort.TCustomComPort.LoadSettings
 0001:00015AA8       CPort.TCustomComPort.NotifyLink
 0001:000112FC       CPort.TCustomComPort.Open
 0001:00011700       CPort.TCustomComPort.OutputCount
 0001:00011F54       CPort.TCustomComPort.Read
 0001:00011EC0       CPort.TCustomComPort.ReadAsync
 0001:00011FF8       CPort.TCustomComPort.ReadStr
 0001:00011FBC       CPort.TCustomComPort.ReadStrAsync
 0001:00011DC0       CPort.TCustomComPort.ReadUnicodeString
 0001:00015420       CPort.TCustomComPort.RegisterLink
 0001:00015B3C       CPort.TCustomComPort.SendSignalToLink
 0001:00015C58       CPort.TCustomComPort.SetBaudRate
 0001:00011804       CPort.TCustomComPort.SetBreak
 0001:00015DF8       CPort.TCustomComPort.SetBuffer
 0001:00015C30       CPort.TCustomComPort.SetConnected
 0001:00015C6C       CPort.TCustomComPort.SetCustomBaudRate
 0001:00015C80       CPort.TCustomComPort.SetDataBits
 0001:00015C94       CPort.TCustomComPort.SetDiscardNull
 0001:00011840       CPort.TCustomComPort.SetDTR
 0001:00015CA8       CPort.TCustomComPort.SetEventChar
 0001:00015D64       CPort.TCustomComPort.SetEventThreadPriority
 0001:00015DA4       CPort.TCustomComPort.SetFlowControl
 0001:00015DC0       CPort.TCustomComPort.SetParity
 0001:00015CC0       CPort.TCustomComPort.SetPort
 0001:0001187C       CPort.TCustomComPort.SetRTS
 0001:00015D00       CPort.TCustomComPort.SetStopBits
 0001:00015D14       CPort.TCustomComPort.SetSyncMethod
 0001:00015DDC       CPort.TCustomComPort.SetTimeouts
 0001:00015D40       CPort.TCustomComPort.SetTriggersOnRxChar
 0001:0001169C       CPort.TCustomComPort.SetupComPort
 0001:000118B8       CPort.TCustomComPort.SetXonXoff
 0001:00012390       CPort.TCustomComPort.ShowSetupDialog
 0001:0001173C       CPort.TCustomComPort.Signals
 0001:000117C8       CPort.TCustomComPort.StateFlags
 0001:000127DC       CPort.TCustomComPort.StoreIniFile
 0001:00013174       CPort.TCustomComPort.StoreRegistry
 0001:000151AC       CPort.TCustomComPort.StoreSettings
 0001:00012360       CPort.TCustomComPort.TransmitChar
 0001:00015A48       CPort.TCustomComPort.TxNotifyLink
 0001:00015460       CPort.TCustomComPort.UnRegisterLink
 0001:00012100       CPort.TCustomComPort.WaitForAsync
 0001:0001223C       CPort.TCustomComPort.WaitForEvent
 0001:00011178       CPort.TCustomComPort.WindowMethod
 0001:00011B18       CPort.TCustomComPort.Write
 0001:00011A70       CPort.TCustomComPort.WriteAsync
 0001:00011C68       CPort.TCustomComPort.WriteStr
 0001:00011B80       CPort.TCustomComPort.WriteStrAsync
 0001:00011CFC       CPort.TCustomComPort.WriteUnicodeString
 0004:00000030       CPortCtl..8
 0001:00004104       CPortCtl..TComComboBox
 0001:00005800       CPortCtl..TComLed
 0001:00004C28       CPortCtl..TComRadioGroup
 0001:00003CE0       CPortCtl..TComSelect
 0001:00006060       CPortCtl..TComTermBuffer
 0001:00007410       CPortCtl..TComTerminal
 0001:000068BC       CPortCtl..TCustomComTerminal
 0001:0000A774       CPortCtl.AllOff
 0001:0000B9EC       CPortCtl.AppendLineFeeds
 0003:000000CC       CPortCtl.BorderStyles
 0004:0000002C       CPortCtl.ComTerminalFont
 0002:00000318       CPortCtl.CPortCtl
 0001:0000BDB8       CPortCtl.Finalization
 0001:0000BAA0       CPortCtl.Force7BitData
 0001:0000BAF0       CPortCtl.Force8BitData
 0001:000080F4       CPortCtl.Max
 0001:000080EC       CPortCtl.Min
 0003:000000B0       CPortCtl.OffBitmaps
 0003:00000094       CPortCtl.OnBitmaps
 0001:0000ADEC       CPortCtl.ScrollBarVisible
 0001:0000AE84       CPortCtl.SetHorzRange
 0001:0000AE5C       CPortCtl.SetRange
 0001:0000AEE4       CPortCtl.SetVertRange
 0001:000086F8       CPortCtl.TComComboBox.ApplySettings
 0001:00008770       CPortCtl.TComComboBox.Change
 0001:00008660       CPortCtl.TComComboBox.Create
 0001:000086C8       CPortCtl.TComComboBox.Destroy
 0001:000087FC       CPortCtl.TComComboBox.GetAutoApply
 0001:000087F0       CPortCtl.TComComboBox.GetComPort
 0001:000088D4       CPortCtl.TComComboBox.GetComProperty
 0001:00008814       CPortCtl.TComComboBox.GetText
 0001:00008728       CPortCtl.TComComboBox.Notification
 0001:00008808       CPortCtl.TComComboBox.SetAutoApply
 0001:000087C8       CPortCtl.TComComboBox.SetComPort
 0001:00008884       CPortCtl.TComComboBox.SetComProperty
 0001:00008850       CPortCtl.TComComboBox.SetText
 0001:00008704       CPortCtl.TComComboBox.UpdateSettings
 0001:00008D38       CPortCtl.TComLed.BitmapNeeded
 0001:00009308       CPortCtl.TComLed.BitmapToDraw
 0001:00008F5C       CPortCtl.TComLed.CalcBitmapPos
 0001:00008D0C       CPortCtl.TComLed.CMEnabledChanged
 0001:00008B20       CPortCtl.TComLed.Create
 0001:00008C2C       CPortCtl.TComLed.Destroy
 0001:00008D18       CPortCtl.TComLed.DoChange
 0001:00008CF0       CPortCtl.TComLed.DoTimer
 0001:00009288       CPortCtl.TComLed.GetGlyph
 0001:00009330       CPortCtl.TComLed.GetRingDuration
 0001:00009018       CPortCtl.TComLed.IsStateOn
 0001:00008CC0       CPortCtl.TComLed.Notification
 0001:00008C88       CPortCtl.TComLed.Paint
 0001:00008FFC       CPortCtl.TComLed.RingDetect
 0001:00008F14       CPortCtl.TComLed.SelectLedBitmap
 0001:00009104       CPortCtl.TComLed.SetComPort
 0001:000092A4       CPortCtl.TComLed.SetGlyph
 0001:000090DC       CPortCtl.TComLed.SetKind
 0001:000091B4       CPortCtl.TComLed.SetLedSignal
 0001:0000933C       CPortCtl.TComLed.SetRingDuration
 0001:0000918C       CPortCtl.TComLed.SetState
 0001:000090A8       CPortCtl.TComLed.SetStateInternal
 0001:00008FD8       CPortCtl.TComLed.SignalChange
 0001:000092FC       CPortCtl.TComLed.StoredGlyph
 0001:00008978       CPortCtl.TComRadioGroup.ApplySettings
 0001:000089FC       CPortCtl.TComRadioGroup.Click
 0001:000088E0       CPortCtl.TComRadioGroup.Create
 0001:00008948       CPortCtl.TComRadioGroup.Destroy
 0001:00008AB0       CPortCtl.TComRadioGroup.GetAutoApply
 0001:00008AA4       CPortCtl.TComRadioGroup.GetComPort
 0001:00008B14       CPortCtl.TComRadioGroup.GetComProperty
 0001:000089AC       CPortCtl.TComRadioGroup.Notification
 0001:00008ABC       CPortCtl.TComRadioGroup.SetAutoApply
 0001:00008A7C       CPortCtl.TComRadioGroup.SetComPort
 0001:00008AC8       CPortCtl.TComRadioGroup.SetComProperty
 0001:00008984       CPortCtl.TComRadioGroup.UpdateSettings
 0001:000083F0       CPortCtl.TComSelect.ApplySettings
 0001:00008368       CPortCtl.TComSelect.Change
 0001:000080FC       CPortCtl.TComSelect.SelectBaudRate
 0001:00008174       CPortCtl.TComSelect.SelectDataBits
 0001:00008294       CPortCtl.TComSelect.SelectFlowControl
 0001:000081D4       CPortCtl.TComSelect.SelectParity
 0001:0000815C       CPortCtl.TComSelect.SelectPort
 0001:00008234       CPortCtl.TComSelect.SelectStopBits
 0001:000082F4       CPortCtl.TComSelect.SetComProperty
 0001:00008470       CPortCtl.TComSelect.UpdateSettings
 0001:000097DC       CPortCtl.TComTermBuffer.ClearAllTabs
 0001:00009348       CPortCtl.TComTermBuffer.Create
 0001:00009384       CPortCtl.TComTermBuffer.Destroy
 0001:000095EC       CPortCtl.TComTermBuffer.EraseLine
 0001:00009664       CPortCtl.TComTermBuffer.EraseScreen
 0001:000093FC       CPortCtl.TComTermBuffer.GetChar
 0001:0000983C       CPortCtl.TComTermBuffer.GetLastLine
 0001:000097F0       CPortCtl.TComTermBuffer.GetLineLength
 0001:00009794       CPortCtl.TComTermBuffer.GetTab
 0001:000096F8       CPortCtl.TComTermBuffer.Init
 0001:000097A4       CPortCtl.TComTermBuffer.NextTab
 0001:00009428       CPortCtl.TComTermBuffer.ScrollDown
 0001:00009514       CPortCtl.TComTermBuffer.ScrollUp
 0001:000093BC       CPortCtl.TComTermBuffer.SetChar
 0001:0000979C       CPortCtl.TComTermBuffer.SetTab
 0001:0000A61C       CPortCtl.TCustomComTerminal.AdvanceCaret
 0001:0000B61C       CPortCtl.TCustomComTerminal.CalculateMetrics
 0001:00009F64       CPortCtl.TCustomComTerminal.CanAutoSize
 0001:000099FC       CPortCtl.TCustomComTerminal.ClearScreen
 0001:00009E8C       CPortCtl.TCustomComTerminal.CMColorChanged
 0001:00009DB0       CPortCtl.TCustomComTerminal.CMCtl3DChanged
 0001:00009DDC       CPortCtl.TCustomComTerminal.CMFontChanged
 0001:00009870       CPortCtl.TCustomComTerminal.Create
 0001:0000B73C       CPortCtl.TCustomComTerminal.CreateEscapeCodes
 0001:0000A004       CPortCtl.TCustomComTerminal.CreateParams
 0001:0000A41C       CPortCtl.TCustomComTerminal.CreateTerminalCaret
 0001:000099AC       CPortCtl.TCustomComTerminal.Destroy
 0001:0000B678       CPortCtl.TCustomComTerminal.DoChar
 0001:0000B698       CPortCtl.TCustomComTerminal.DoGetEscapeCodes
 0001:0000B6B8       CPortCtl.TCustomComTerminal.DoStrRecieved
 0001:0000B6D8       CPortCtl.TCustomComTerminal.DoUnhandledCode
 0001:0000A4E8       CPortCtl.TCustomComTerminal.DrawChar
 0001:0000B810       CPortCtl.TCustomComTerminal.GetCharAttr
 0001:0000BBD8       CPortCtl.TCustomComTerminal.GetConnected
 0001:0000B034       CPortCtl.TCustomComTerminal.HideCaret
 0001:0000B944       CPortCtl.TCustomComTerminal.InitCaret
 0001:0000AB9C       CPortCtl.TCustomComTerminal.InvalidatePortion
 0001:0000A07C       CPortCtl.TCustomComTerminal.KeyDown
 0001:0000A148       CPortCtl.TCustomComTerminal.KeyPress
 0001:0000A164       CPortCtl.TCustomComTerminal.Loaded
 0001:00009BEC       CPortCtl.TCustomComTerminal.LoadFromStream
 0001:0000AC38       CPortCtl.TCustomComTerminal.ModifyScrollBar
 0001:00009A28       CPortCtl.TCustomComTerminal.MoveCaret
 0001:0000A188       CPortCtl.TCustomComTerminal.Notification
 0001:0000A330       CPortCtl.TCustomComTerminal.Paint
 0001:0000A278       CPortCtl.TCustomComTerminal.PaintDesign
 0001:0000A1B8       CPortCtl.TCustomComTerminal.PaintTerminal
 0001:0000B798       CPortCtl.TCustomComTerminal.PerformTest
 0001:0000B870       CPortCtl.TCustomComTerminal.PutChar
 0001:0000B234       CPortCtl.TCustomComTerminal.PutEscapeCode
 0001:0000B99C       CPortCtl.TCustomComTerminal.RestoreAttr
 0001:0000B96C       CPortCtl.TCustomComTerminal.RestoreCaretPos
 0001:0000BB3C       CPortCtl.TCustomComTerminal.RxBuf
 0001:0000B9C4       CPortCtl.TCustomComTerminal.SaveAttr
 0001:0000B980       CPortCtl.TCustomComTerminal.SaveCaretPos
 0001:00009C34       CPortCtl.TCustomComTerminal.SaveToStream
 0001:00009D50       CPortCtl.TCustomComTerminal.SelectFont
 0001:0000B06C       CPortCtl.TCustomComTerminal.SendChar
 0001:0000B108       CPortCtl.TCustomComTerminal.SendCode
 0001:0000B1B0       CPortCtl.TCustomComTerminal.SendCodeNoEcho
 0001:0000BD94       CPortCtl.TCustomComTerminal.SetAltColor
 0001:0000A7B8       CPortCtl.TCustomComTerminal.SetAttributes
 0001:0000BC00       CPortCtl.TCustomComTerminal.SetBorderStyle
 0001:0000BD1C       CPortCtl.TCustomComTerminal.SetCaret
 0001:0000BC28       CPortCtl.TCustomComTerminal.SetColumns
 0001:0000BD4C       CPortCtl.TCustomComTerminal.SetComPort
 0001:0000BBEC       CPortCtl.TCustomComTerminal.SetConnected
 0001:0000BCF0       CPortCtl.TCustomComTerminal.SetEmulation
 0001:0000AA98       CPortCtl.TCustomComTerminal.SetMode
 0001:0000BC8C       CPortCtl.TCustomComTerminal.SetRows
 0001:0000BC14       CPortCtl.TCustomComTerminal.SetScrollBars
 0001:0000B050       CPortCtl.TCustomComTerminal.ShowCaret
 0001:00009DA8       CPortCtl.TCustomComTerminal.ShowSetupDialog
 0001:0000A48C       CPortCtl.TCustomComTerminal.StringReceived
 0001:0000AD6C       CPortCtl.TCustomComTerminal.UpdateScrollPos
 0001:0000AF48       CPortCtl.TCustomComTerminal.UpdateScrollRange
 0001:00009EA4       CPortCtl.TCustomComTerminal.WMGetDlgCode
 0001:00009F3C       CPortCtl.TCustomComTerminal.WMHScroll
 0001:00009EBC       CPortCtl.TCustomComTerminal.WMKillFocus
 0001:00009EF0       CPortCtl.TCustomComTerminal.WMLButtonDown
 0001:00009EDC       CPortCtl.TCustomComTerminal.WMSetFocus
 0001:00009F28       CPortCtl.TCustomComTerminal.WMSize
 0001:00009F50       CPortCtl.TCustomComTerminal.WMVScroll
 0001:00009AC0       CPortCtl.TCustomComTerminal.Write
 0001:00009BDC       CPortCtl.TCustomComTerminal.WriteEscCode
 0001:00009BC0       CPortCtl.TCustomComTerminal.WriteStr
 0004:00000024       CPortEsc..4
 0001:00001B2C       CPortEsc..TEscapeCodes
 0001:00001F90       CPortEsc..TEscapeCodesVT100
 0001:00001E28       CPortEsc..TEscapeCodesVT52
 0001:0000311C       CPortEsc.CodeDevice
 0001:00002FF4       CPortEsc.CodeEraseLine
 0001:00002F60       CPortEsc.CodeEraseScreen
 0001:000031C8       CPortEsc.CodeIdentify
 0001:00003088       CPortEsc.CodeTab
 0002:00000308       CPortEsc.CPortEsc
 0001:000034D8       CPortEsc.Finalization
 0001:00002EA0       CPortEsc.ParseParams
 0001:00002114       CPortEsc.TEscapeCodes.Create
 0001:00002158       CPortEsc.TEscapeCodes.Destroy
 0001:00001E20       CPortEsc.TEscapeCodes.EscCodeToStr
 0001:00002184       CPortEsc.TEscapeCodes.GetParam
 0001:00001E18       CPortEsc.TEscapeCodes.ProcessChar
 0001:00002DB4       CPortEsc.TEscapeCodesVT100.DetectCode
 0001:000032A4       CPortEsc.TEscapeCodesVT100.DetectExtCode
 0001:00002788       CPortEsc.TEscapeCodesVT100.EscCodeToStr
 0001:000026D0       CPortEsc.TEscapeCodesVT100.ProcessChar
 0001:00002534       CPortEsc.TEscapeCodesVT52.DetectCode
 0001:000022A8       CPortEsc.TEscapeCodesVT52.EscCodeToStr
 0001:00002218       CPortEsc.TEscapeCodesVT52.ProcessChar
 0004:00000034       CPortSetup..2
 0001:0000BE1C       CPortSetup..TComSetupFrm
 0002:00000380       CPortSetup.CPortSetup
 0001:0000C1D4       CPortSetup.EditComPort
 0001:0000C2E0       CPortSetup.Finalization
 0004:00000028       CPortTrmSet..2
 0001:000034E0       CPortTrmSet..TComTrmSetForm
 0002:00000310       CPortTrmSet.CPortTrmSet
 0001:00003954       CPortTrmSet.EditComTerminal
 0001:00003C68       CPortTrmSet.Finalization
 0001:0000089C       SysInit...
 0001:000008DC       SysInit...
 0001:000009A4       SysInit...
 0001:00000994       SysInit...
 0001:000008EC       SysInit...
 0001:00000970       SysInit...
 0001:00000948       SysInit...
 0001:00000900       SysInit...
 0001:00000930       SysInit...
 0001:000008CC       SysInit...
 0001:000008BC       SysInit...
 0003:00000034       SysInit...
 0001:000008AC       SysInit...
 0004:00000014       SysInit..1
 0001:00000370       SysInit.@InitPkg
 0001:000003D4       SysInit.@PackageLoad
 0001:000003E0       SysInit.@PackageUnload
 0001:000003EC       SysInit.@_delayLoadHelper2
 0001:000006CC       SysInit.@_FUnloadDelayLoadedDLL2
 0001:000007DC       SysInit.@_HrLoadAllImportsForDll
 0004:00000010       SysInit.@_pfnDliFailureHook2
 0004:0000000C       SysInit.@_pfnDliNotifyHook2
 0001:00000260       SysInit.AllocTlsBuffer
 0001:0000031C       SysInit.ExitProcessTLS
 0001:000002E4       SysInit.ExitThreadTLS
 0001:000009B4       SysInit.Finalization
 0001:00000208       SysInit.FreeLibrary
 0001:00000240       SysInit.GetLastError
 0001:00000258       SysInit.GetProcAddress
 0001:0000026C       SysInit.GetTlsSize
 0004:00000004       SysInit.HInstance
 0001:00000340       SysInit.InitializeModule
 0001:000002B8       SysInit.InitProcessTLS
 0001:00000274       SysInit.InitThreadTLS
 0001:000001F8       SysInit.InterlockedExchange
 0001:00000248       SysInit.LoadLibraryA
 0001:00000210       SysInit.LocalAlloc
 0001:00000218       SysInit.LocalFree
 0003:00000008       SysInit.Module
 0004:00000000       SysInit.ModuleIsLib
 0004:00000001       SysInit.ModuleIsPackage
 0003:00000004       SysInit.PtrToNil
 0001:00000250       SysInit.RaiseException
 0001:00000894       SysInit.ShutdownDelayHelp2
 0002:00000008       SysInit.SysInit
 0001:00000220       SysInit.TlsAlloc
 0004:00000018       SysInit.tlsBuffer
 0001:00000228       SysInit.TlsFree
 0001:00000230       SysInit.TlsGetValue
 0003:00000000       SysInit.TlsIndex
 0005:00000000       SysInit.TlsLast
 0003:00000024       SysInit.TlsProc
 0001:00000238       SysInit.TlsSetValue
 0001:0000034C       SysInit.UninitializeModule
 0004:FFFE5000       SysInit.__ImageBase
 0001:00000018       System.@AbstractError
 0001:000000B0       System.@AfterConstruction
 0001:000000B8       System.@BeforeDestruction
 0001:00000068       System.@CallDynaInst
 0001:000000A0       System.@ClassCreate
 0001:000000A8       System.@ClassDestroy
 0001:000000E8       System.@DoneExcept
 0001:00000020       System.@FillChar
 0001:000001D8       System.@FinalizeArray
 0001:00000008       System.@FreeMem
 0001:00000000       System.@GetMem
 0001:000000C0       System.@HandleAnyException
 0001:000000D0       System.@HandleFinally
 0001:000000C8       System.@HandleOnException
 0001:00000060       System.@IsClass
 0001:00000110       System.@LStrClr
 0001:00000150       System.@LStrLen
 0001:00000170       System.@LStrSetLength
 0001:00000168       System.@LStrToPChar
 0001:000000F0       System.@PackageLoad
 0001:000000F8       System.@PackageUnload
 0001:000000E0       System.@RaiseAgain
 0001:000000D8       System.@RaiseExcept
 0001:00000100       System.@RunError
 0001:00000160       System.@UniqueStringA
 0001:00000158       System.@UniqueStringU
 0001:00000128       System.@UStrAddRef
 0001:00000120       System.@UStrArrayClr
 0001:00000130       System.@UStrAsg
 0001:000001A8       System.@UStrCat
 0001:000001B0       System.@UStrCat3
 0001:000001B8       System.@UStrCatN
 0001:00000108       System.@UStrClr
 0001:000001C8       System.@UStrCopy
 0001:000001C0       System.@UStrEqual
 0001:00000190       System.@UStrFromLStr
 0001:00000188       System.@UStrFromWChar
 0001:00000198       System.@UStrFromWStr
 0001:00000138       System.@UStrLAsg
 0001:00000148       System.@UStrLen
 0001:000001A0       System.@UStrSetLength
 0001:00000180       System.@UStrToPWChar
 0001:00000140       System.@WStrAsg
 0001:00000178       System.@WStrCat3
 0001:00000118       System.@WStrClr
 0001:000001F0       System.Finalization
 0001:00000010       System.Move
 0001:000001D0       System.Pos
 0001:000001E0       System.RegisterModule
 0002:00000000       System.System
 0001:00000088       System.TObject.AfterConstruction
 0001:00000090       System.TObject.BeforeDestruction
 0001:00000038       System.TObject.Create
 0001:00000080       System.TObject.DefaultHandler
 0001:00000040       System.TObject.Destroy
 0001:00000098       System.TObject.Dispatch
 0001:00000050       System.TObject.Equals
 0001:00000048       System.TObject.Free
 0001:00000030       System.TObject.FreeInstance
 0001:00000058       System.TObject.GetHashCode
 0001:00000028       System.TObject.NewInstance
 0001:00000070       System.TObject.SafeCallException
 0001:00000078       System.TObject.ToString
 0001:000001E8       System.UnregisterModule
 0001:00000EA8       System.Classes.AllocateHWnd
 0001:00000EB0       System.Classes.DeallocateHWnd
 0001:00000ED0       System.Classes.Finalization
 0001:00000D58       System.Classes.Point
 0001:00000D60       System.Classes.Rect
 0002:00000090       System.Classes.System.Classes
 0002:00000078       System.Classes.TBinaryWriter.Create@
 0001:00000EB8       System.Classes.TBinaryWriter.Destroy@
 0001:00000E28       System.Classes.TComponent.BeforeDestruction
 0001:00000E80       System.Classes.TComponent.CanObserve
 0001:00000E18       System.Classes.TComponent.Create
 0001:00000E40       System.Classes.TComponent.DefineProperties
 0001:00000E20       System.Classes.TComponent.Destroy
 0001:00000E30       System.Classes.TComponent.FreeNotification
 0001:00000E70       System.Classes.TComponent.GetObservers
 0001:00000E48       System.Classes.TComponent.Loaded
 0001:00000E38       System.Classes.TComponent.Notification
 0001:00000E88       System.Classes.TComponent.ObserverAdded
 0001:00000EA0       System.Classes.TComponent.QueryInterface
 0001:00000E50       System.Classes.TComponent.ReadState
 0001:00000E90       System.Classes.TComponent.SafeCallException
 0001:00000E68       System.Classes.TComponent.SetName
 0001:00000E78       System.Classes.TComponent.UpdateAction
 0001:00000E98       System.Classes.TComponent.UpdateRegistry
 0001:00000E60       System.Classes.TComponent.ValidateRename
 0001:00000E58       System.Classes.TComponent.WriteState
 0001:00000D68       System.Classes.TList.Add
 0001:00000D70       System.Classes.TList.Get
 0001:00000D78       System.Classes.TList.IndexOf
 0001:00000D80       System.Classes.TList.Remove
 0002:00000088       System.Classes.TLoginCredentialService.Create@
 0001:00000EC0       System.Classes.TLoginCredentialService.Destroy@
 0002:00000070       System.Classes.TObserverMapping.Create@
 0001:00000EC8       System.Classes.TObserverMapping.Destroy@
 0001:00000D90       System.Classes.TPersistent.Assign
 0001:00000D98       System.Classes.TPersistent.AssignTo
 0001:00000DA0       System.Classes.TPersistent.DefineProperties
 0001:00000D88       System.Classes.TPersistent.Destroy
 0001:00000DB0       System.Classes.TStream.GetSize
 0001:00000DC8       System.Classes.TStream.Seek
 0001:00000DB8       System.Classes.TStream.SetSize
 0001:00000DC0       System.Classes.TStream.SetSize
 0001:00000DA8       System.Classes.TStringList.Create
 0001:00000DE8       System.Classes.TThread.AfterConstruction
 0001:00000DD0       System.Classes.TThread.Create
 0002:00000080       System.Classes.TThread.Create@
 0001:00000DD8       System.Classes.TThread.Destroy
 0001:00000DE0       System.Classes.TThread.Destroy@
 0001:00000DF0       System.Classes.TThread.DoTerminate
 0001:00000E00       System.Classes.TThread.SetPriority
 0001:00000E10       System.Classes.TThread.Sleep
 0001:00000E08       System.Classes.TThread.Synchronize
 0001:00000DF8       System.Classes.TThread.TerminatedSet
 0002:000000B0       System.DateUtils.TTimeZone.Create@
 0001:00000EF0       System.DateUtils.TTimeZone.Destroy@
 0001:00000FF0       System.HelpIntfs.Finalization
 0002:000000F8       System.HelpIntfs.System.HelpIntfs
 0001:00000F10       System.IniFiles.Finalization
 0002:000000C8       System.IniFiles.System.IniFiles
 0001:00000F08       System.IniFiles.TCustomIniFile.Create
 0001:00000CB0       System.Internal.ExcUtils.Finalization
 0002:00000028       System.Internal.ExcUtils.System.Internal.ExcUtils
 0001:00000F00       System.IOUtils.Finalization
 0002:000000C0       System.IOUtils.System.IOUtils
 0002:000000B8       System.IOUtils.TPath.Create@
 0001:00000EF8       System.IOUtils.TPath.Destroy@
 0001:00000ED8       System.Math.Finalization
 0002:00000098       System.Math.System.Math
 0001:00000EE8       System.SyncObjs.Finalization
 0002:000000A8       System.SyncObjs.System.SyncObjs
 0001:00000CC0       System.SysUtils.CharInSet
 0001:00000CE8       System.SysUtils.Exception.Create
 0002:00000040       System.SysUtils.Exception.Create@
 0001:00000CF0       System.SysUtils.Exception.CreateFmt
 0001:00000CF8       System.SysUtils.Exception.Destroy
 0001:00000D18       System.SysUtils.Exception.Destroy@
 0001:00000D00       System.SysUtils.Exception.GetBaseException
 0001:00000D08       System.SysUtils.Exception.RaisingException
 0001:00000D10       System.SysUtils.Exception.ToString
 0001:00000D38       System.SysUtils.Finalization
 0001:00000CE0       System.SysUtils.Format
 0001:00000CD0       System.SysUtils.IntToStr
 0001:00000CD8       System.SysUtils.StrToInt
 0002:00000050       System.SysUtils.System.SysUtils
 0002:00000038       System.SysUtils.TEncoding.Create@
 0001:00000D30       System.SysUtils.TEncoding.Destroy@
 0002:00000030       System.SysUtils.TLanguages.Create@
 0001:00000D28       System.SysUtils.TLanguages.Destroy@
 0002:00000048       System.SysUtils.TOSVersion.Create@
 0001:00000CB8       System.SysUtils.TOSVersion.Destroy@
 0001:00000CC8       System.SysUtils.UpperCase
 0001:00000D20       System.SysUtils.Win32Check
 0002:000000A0       System.TimeSpan.TTimeSpan.Create@
 0001:00000EE0       System.TimeSpan.TTimeSpan.Destroy@
 0001:00000D50       System.TypInfo.Finalization
 0002:00000068       System.TypInfo.System.TypInfo
 0001:00000F60       System.UIConsts.Finalization
 0002:000000E0       System.UIConsts.System.UIConsts
 0001:00000D48       System.Variants.Finalization
 0002:00000060       System.Variants.System.Variants
 0001:00000D40       System.VarUtils.Finalization
 0002:00000058       System.VarUtils.System.VarUtils
 0001:000011C8       System.Win.ComObj.Finalization
 0002:000001A8       System.Win.ComObj.System.Win.ComObj
 0002:000001A0       System.Win.ComObj.TComServerObject.Create@
 0001:000011C0       System.Win.ComObj.TComServerObject.Destroy@
 0001:00000F58       System.Win.Registry.Finalization
 0002:000000D8       System.Win.Registry.System.Win.Registry
 0001:00000F20       System.Win.Registry.TRegistry.Create
 0002:000000D0       System.Win.Registry.TRegistry.Create@
 0001:00000F18       System.Win.Registry.TRegistry.Destroy@
 0001:00000F30       System.Win.Registry.TRegistry.OpenKey
 0001:00000F50       System.Win.Registry.TRegistry.ReadInteger
 0001:00000F40       System.Win.Registry.TRegistry.ReadString
 0001:00000F28       System.Win.Registry.TRegistry.SetRootKey
 0001:00000F48       System.Win.Registry.TRegistry.WriteInteger
 0001:00000F38       System.Win.Registry.TRegistry.WriteString
 0001:00000FE8       Vcl.ActnList.Finalization
 0002:000000F0       Vcl.ActnList.Vcl.ActnList
 0001:000018B8       Vcl.Buttons.Finalization
 0002:00000300       Vcl.Buttons.Vcl.Buttons
 0001:000011D8       Vcl.Clipbrd.Finalization
 0002:000001B8       Vcl.Clipbrd.Vcl.Clipbrd
 0001:000012A0       Vcl.ComCtrls.Finalization
 0002:00000268       Vcl.ComCtrls.TComboBoxEx.Create@
 0001:00001298       Vcl.ComCtrls.TComboBoxEx.Destroy@
 0002:00000248       Vcl.ComCtrls.TCoolBar.Create@
 0001:00001278       Vcl.ComCtrls.TCoolBar.Destroy@
 0002:00000260       Vcl.ComCtrls.TCustomComboBoxEx.Create@
 0001:00001290       Vcl.ComCtrls.TCustomComboBoxEx.Destroy@
 0002:000001D8       Vcl.ComCtrls.TCustomHeaderControl.Create@
 0001:00001200       Vcl.ComCtrls.TCustomHeaderControl.Destroy@
 0002:00000220       Vcl.ComCtrls.TCustomHotKey.Create@
 0001:00001250       Vcl.ComCtrls.TCustomHotKey.Destroy@
 0002:00000230       Vcl.ComCtrls.TCustomListView.Create@
 0001:00001260       Vcl.ComCtrls.TCustomListView.Destroy@
 0002:00000200       Vcl.ComCtrls.TCustomRichEdit.Create@
 0001:00001230       Vcl.ComCtrls.TCustomRichEdit.Destroy@
 0002:000001D0       Vcl.ComCtrls.TCustomStatusBar.Create@
 0001:000011F0       Vcl.ComCtrls.TCustomStatusBar.Destroy@
 0002:000001C0       Vcl.ComCtrls.TCustomTabControl.Create@
 0001:000011E0       Vcl.ComCtrls.TCustomTabControl.Destroy@
 0002:000001E0       Vcl.ComCtrls.TCustomTreeView.Create@
 0001:00001210       Vcl.ComCtrls.TCustomTreeView.Destroy@
 0002:00000210       Vcl.ComCtrls.TCustomUpDown.Create@
 0001:00001240       Vcl.ComCtrls.TCustomUpDown.Destroy@
 0002:00000250       Vcl.ComCtrls.TDateTimePicker.Create@
 0001:00001280       Vcl.ComCtrls.TDateTimePicker.Destroy@
 0002:00000278       Vcl.ComCtrls.THeaderControl.Create@
 0001:00001208       Vcl.ComCtrls.THeaderControl.Destroy@
 0002:00000228       Vcl.ComCtrls.THotKey.Create@
 0001:00001258       Vcl.ComCtrls.THotKey.Destroy@
 0002:00000238       Vcl.ComCtrls.TListView.Create@
 0001:00001268       Vcl.ComCtrls.TListView.Destroy@
 0002:00000258       Vcl.ComCtrls.TPageScroller.Create@
 0001:00001288       Vcl.ComCtrls.TPageScroller.Destroy@
 0002:000001F8       Vcl.ComCtrls.TProgressBar.Create@
 0001:00001228       Vcl.ComCtrls.TProgressBar.Destroy@
 0002:00000208       Vcl.ComCtrls.TRichEdit.Create@
 0001:00001238       Vcl.ComCtrls.TRichEdit.Destroy@
 0002:00000270       Vcl.ComCtrls.TStatusBar.Create@
 0001:000011F8       Vcl.ComCtrls.TStatusBar.Destroy@
 0002:000001C8       Vcl.ComCtrls.TTabControl.Create@
 0001:000011E8       Vcl.ComCtrls.TTabControl.Destroy@
 0002:00000240       Vcl.ComCtrls.TToolBar.Create@
 0001:00001270       Vcl.ComCtrls.TToolBar.Destroy@
 0002:000001F0       Vcl.ComCtrls.TTrackBar.Create@
 0001:00001220       Vcl.ComCtrls.TTrackBar.Destroy@
 0002:000001E8       Vcl.ComCtrls.TTreeView.Create@
 0001:00001218       Vcl.ComCtrls.TTreeView.Destroy@
 0002:00000218       Vcl.ComCtrls.TUpDown.Create@
 0001:00001248       Vcl.ComCtrls.TUpDown.Destroy@
 0002:00000280       Vcl.ComCtrls.Vcl.ComCtrls
 0001:000018B0       Vcl.Controls.Finalization
 0001:000016A8       Vcl.Controls.TControl.AssignTo
 0001:00001630       Vcl.Controls.TControl.CanAutoSize
 0001:00001638       Vcl.Controls.TControl.CanResize
 0001:00001660       Vcl.Controls.TControl.Click
 0001:00001640       Vcl.Controls.TControl.ConstrainedResize
 0001:00001670       Vcl.Controls.TControl.CreateTouchManager
 0001:00001650       Vcl.Controls.TControl.DefaultHandler
 0001:00001658       Vcl.Controls.TControl.DefineProperties
 0001:00001620       Vcl.Controls.TControl.DoGesture
 0001:00001628       Vcl.Controls.TControl.DoGetGestureOptions
 0001:000014E0       Vcl.Controls.TControl.GetAction
 0001:00001550       Vcl.Controls.TControl.GetClientHeight
 0001:00001558       Vcl.Controls.TControl.GetClientOrigin
 0001:00001540       Vcl.Controls.TControl.GetClientRect
 0001:00001548       Vcl.Controls.TControl.GetClientWidth
 0001:00001600       Vcl.Controls.TControl.GetDeviceContext
 0001:000014D0       Vcl.Controls.TControl.GetDragImages
 0001:00001508       Vcl.Controls.TControl.GetDragMode
 0001:000014D8       Vcl.Controls.TControl.GetEnabled
 0001:000016B0       Vcl.Controls.TControl.GetFloating
 0001:000016B8       Vcl.Controls.TControl.GetFloatingDockSiteClass
 0001:00001590       Vcl.Controls.TControl.GetText
 0001:000016C0       Vcl.Controls.TControl.InitiateAction
 0001:00001608       Vcl.Controls.TControl.Invalidate
 0001:000014F0       Vcl.Controls.TControl.IsAnchorsStored
 0001:000015C0       Vcl.Controls.TControl.IsBiDiModeStored
 0001:00001678       Vcl.Controls.TControl.IsCaptionStored
 0001:000015E8       Vcl.Controls.TControl.IsColorStored
 0001:00001680       Vcl.Controls.TControl.IsEnabledStored
 0001:000015B0       Vcl.Controls.TControl.IsFontStored
 0001:00001688       Vcl.Controls.TControl.IsHintStored
 0001:00001698       Vcl.Controls.TControl.IsOnClickStored
 0001:000015B8       Vcl.Controls.TControl.IsShowHintStored
 0001:00001690       Vcl.Controls.TControl.IsVisibleStored
 0001:000016A0       Vcl.Controls.TControl.Loaded
 0001:00001518       Vcl.Controls.TControl.Notification
 0001:00001510       Vcl.Controls.TControl.ReadState
 0001:00001618       Vcl.Controls.TControl.Repaint
 0001:00001500       Vcl.Controls.TControl.RequestAlign
 0001:00001520       Vcl.Controls.TControl.SetAlign
 0001:000014E8       Vcl.Controls.TControl.SetAnchors
 0001:00001560       Vcl.Controls.TControl.SetAutoSize
 0001:000015A0       Vcl.Controls.TControl.SetBiDiMode
 0001:00001528       Vcl.Controls.TControl.SetBounds
 0001:000015E0       Vcl.Controls.TControl.SetColor
 0001:000016C8       Vcl.Controls.TControl.SetConstraints
 0001:000014F8       Vcl.Controls.TControl.SetDragMode
 0001:00001580       Vcl.Controls.TControl.SetEnabled
 0001:000015A8       Vcl.Controls.TControl.SetFont
 0001:00001538       Vcl.Controls.TControl.SetHeight
 0001:00001568       Vcl.Controls.TControl.SetName
 0001:00001570       Vcl.Controls.TControl.SetParent
 0001:000015F8       Vcl.Controls.TControl.SetParentBiDiMode
 0001:000015F0       Vcl.Controls.TControl.SetParentColor
 0001:000015C8       Vcl.Controls.TControl.SetParentFont
 0001:000015D8       Vcl.Controls.TControl.SetParentShowHint
 0001:00001588       Vcl.Controls.TControl.SetPopupMenu
 0001:000015D0       Vcl.Controls.TControl.SetShowHint
 0001:00001598       Vcl.Controls.TControl.SetText
 0001:00001578       Vcl.Controls.TControl.SetVisible
 0001:00001530       Vcl.Controls.TControl.SetWidth
 0001:00001610       Vcl.Controls.TControl.Update
 0001:00001668       Vcl.Controls.TControl.WMLButtonDown
 0001:00001648       Vcl.Controls.TControl.WndProc
 0001:00001890       Vcl.Controls.TCustomControl.Create
 0001:00001898       Vcl.Controls.TCustomControl.Destroy
 0001:000018A0       Vcl.Controls.TCustomControl.PaintWindow
 0001:000018A8       Vcl.Controls.TCustomListControl.MoveSelection
 0001:00001880       Vcl.Controls.TGraphicControl.Create
 0001:00001888       Vcl.Controls.TGraphicControl.Destroy
 0001:000016D8       Vcl.Controls.TWinControl.AdjustClientRect
 0001:000016E0       Vcl.Controls.TWinControl.AlignControls
 0001:00001850       Vcl.Controls.TWinControl.AssignTo
 0001:00001858       Vcl.Controls.TWinControl.CanAutoSize
 0001:00001840       Vcl.Controls.TWinControl.CanResize
 0001:000017A0       Vcl.Controls.TWinControl.CMColorChanged
 0001:000017B0       Vcl.Controls.TWinControl.CMCtl3DChanged
 0001:000017A8       Vcl.Controls.TWinControl.CMFontChanged
 0001:00001848       Vcl.Controls.TWinControl.ConstrainedResize
 0001:00001720       Vcl.Controls.TWinControl.CreateHandle
 0001:000016F0       Vcl.Controls.TWinControl.CreateParams
 0001:00001700       Vcl.Controls.TWinControl.CreateWindowHandle
 0001:000016F8       Vcl.Controls.TWinControl.CreateWnd
 0001:00001728       Vcl.Controls.TWinControl.CustomAlignInsertBefore
 0001:00001730       Vcl.Controls.TWinControl.CustomAlignPosition
 0001:00001758       Vcl.Controls.TWinControl.DefaultHandler
 0001:00001708       Vcl.Controls.TWinControl.DefineProperties
 0001:00001738       Vcl.Controls.TWinControl.DestroyHandle
 0001:00001718       Vcl.Controls.TWinControl.DestroyWindowHandle
 0001:00001710       Vcl.Controls.TWinControl.DestroyWnd
 0001:00001868       Vcl.Controls.TWinControl.DockReplaceDockClient
 0001:00001800       Vcl.Controls.TWinControl.GetClientOrigin
 0001:00001808       Vcl.Controls.TWinControl.GetClientRect
 0001:000017F8       Vcl.Controls.TWinControl.GetControlExtents
 0001:000017C8       Vcl.Controls.TWinControl.GetDeviceContext
 0001:000017F0       Vcl.Controls.TWinControl.GetHandle
 0001:00001828       Vcl.Controls.TWinControl.GetTabOrder
 0001:000017D0       Vcl.Controls.TWinControl.Invalidate
 0001:00001818       Vcl.Controls.TWinControl.IsCtl3DStored
 0001:00001790       Vcl.Controls.TWinControl.KeyDown
 0001:00001798       Vcl.Controls.TWinControl.KeyPress
 0001:000016E8       Vcl.Controls.TWinControl.Notification
 0001:00001760       Vcl.Controls.TWinControl.PaintWindow
 0001:000016D0       Vcl.Controls.TWinControl.ReadState
 0001:00001740       Vcl.Controls.TWinControl.RecreateWnd
 0001:000017E0       Vcl.Controls.TWinControl.Repaint
 0001:00001780       Vcl.Controls.TWinControl.RequestAlign
 0001:000017B8       Vcl.Controls.TWinControl.SetBounds
 0001:00001810       Vcl.Controls.TWinControl.SetCtl3D
 0001:00001788       Vcl.Controls.TWinControl.SetDockSite
 0001:000017E8       Vcl.Controls.TWinControl.SetFocus
 0001:00001878       Vcl.Controls.TWinControl.SetParent
 0001:00001860       Vcl.Controls.TWinControl.SetParentBackground
 0001:00001820       Vcl.Controls.TWinControl.SetParentCtl3D
 0001:00001748       Vcl.Controls.TWinControl.SetParentDoubleBuffered
 0001:00001830       Vcl.Controls.TWinControl.SetTabOrder
 0001:00001838       Vcl.Controls.TWinControl.SetTabStop
 0001:000017C0       Vcl.Controls.TWinControl.ShowControl
 0001:000017D8       Vcl.Controls.TWinControl.Update
 0001:00001870       Vcl.Controls.TWinControl.UpdateControlOriginalParentSize
 0001:00001778       Vcl.Controls.TWinControl.WMKillFocus
 0001:00001770       Vcl.Controls.TWinControl.WMSetFocus
 0001:00001768       Vcl.Controls.TWinControl.WMSize
 0001:00001750       Vcl.Controls.TWinControl.WndProc
 0002:000002F8       Vcl.Controls.Vcl.Controls
 0001:000012B8       Vcl.Dialogs.Finalization
 0001:000012A8       Vcl.Dialogs.TFontDialog.Create
 0001:000012B0       Vcl.Dialogs.TFontDialog.SetFont
 0002:00000288       Vcl.Dialogs.Vcl.Dialogs
 0001:00001338       Vcl.ExtCtrls.Finalization
 0002:00000298       Vcl.ExtCtrls.TCategoryPanelGroup.Create@
 0001:000012C8       Vcl.ExtCtrls.TCategoryPanelGroup.Destroy@
 0002:00000290       Vcl.ExtCtrls.TCustomCategoryPanelGroup.Create@
 0001:000012C0       Vcl.ExtCtrls.TCustomCategoryPanelGroup.Destroy@
 0002:000002A0       Vcl.ExtCtrls.TCustomLinkLabel.Create@
 0001:000012D0       Vcl.ExtCtrls.TCustomLinkLabel.Destroy@
 0001:00001330       Vcl.ExtCtrls.TCustomRadioGroup.CanModify
 0001:00001300       Vcl.ExtCtrls.TCustomRadioGroup.Create
 0001:00001320       Vcl.ExtCtrls.TCustomRadioGroup.CreateWnd
 0001:00001308       Vcl.ExtCtrls.TCustomRadioGroup.Destroy
 0001:00001310       Vcl.ExtCtrls.TCustomRadioGroup.Loaded
 0001:00001318       Vcl.ExtCtrls.TCustomRadioGroup.ReadState
 0001:00001328       Vcl.ExtCtrls.TCustomRadioGroup.SetItemIndex
 0002:000002A8       Vcl.ExtCtrls.TLinkLabel.Create@
 0001:000012D8       Vcl.ExtCtrls.TLinkLabel.Destroy@
 0001:000012E0       Vcl.ExtCtrls.TTimer.Create
 0001:000012E8       Vcl.ExtCtrls.TTimer.SetEnabled
 0001:000012F0       Vcl.ExtCtrls.TTimer.SetInterval
 0001:000012F8       Vcl.ExtCtrls.TTimer.SetOnTimer
 0002:000002B0       Vcl.ExtCtrls.Vcl.ExtCtrls
 0001:000014C0       Vcl.Forms.Finalization
 0001:000014B8       Vcl.Forms.TApplication.HandleException
 0001:000014B0       Vcl.Forms.TApplication.ProcessMessages
 0001:000013A0       Vcl.Forms.TCustomForm.AfterConstruction
 0001:00001430       Vcl.Forms.TCustomForm.AlignControls
 0001:000013B0       Vcl.Forms.TCustomForm.BeforeDestruction
 0001:00001428       Vcl.Forms.TCustomForm.ClientWndProc
 0001:00001480       Vcl.Forms.TCustomForm.CloseQuery
 0001:00001398       Vcl.Forms.TCustomForm.Create
 0002:000002D8       Vcl.Forms.TCustomForm.Create@
 0001:000013A8       Vcl.Forms.TCustomForm.CreateNew
 0001:00001438       Vcl.Forms.TCustomForm.CreateParams
 0001:00001448       Vcl.Forms.TCustomForm.CreateWindowHandle
 0001:00001440       Vcl.Forms.TCustomForm.CreateWnd
 0001:00001460       Vcl.Forms.TCustomForm.DefaultHandler
 0001:000013E8       Vcl.Forms.TCustomForm.DefineProperties
 0001:000013B8       Vcl.Forms.TCustomForm.Destroy
 0001:00001360       Vcl.Forms.TCustomForm.Destroy@
 0001:00001450       Vcl.Forms.TCustomForm.DestroyHandle
 0001:00001458       Vcl.Forms.TCustomForm.DestroyWindowHandle
 0001:000013C0       Vcl.Forms.TCustomForm.DoCreate
 0001:000013C8       Vcl.Forms.TCustomForm.DoDestroy
 0001:000013F0       Vcl.Forms.TCustomForm.GetClientRect
 0001:000013F8       Vcl.Forms.TCustomForm.GetFloating
 0001:000013D0       Vcl.Forms.TCustomForm.Loaded
 0001:000013D8       Vcl.Forms.TCustomForm.Notification
 0001:00001470       Vcl.Forms.TCustomForm.PaintWindow
 0001:000014A8       Vcl.Forms.TCustomForm.QueryInterface
 0001:000013E0       Vcl.Forms.TCustomForm.ReadState
 0001:000014A0       Vcl.Forms.TCustomForm.RequestAlign
 0001:00001478       Vcl.Forms.TCustomForm.Resizing
 0001:00001488       Vcl.Forms.TCustomForm.SetFocus
 0001:00001468       Vcl.Forms.TCustomForm.SetFocusedControl
 0001:00001410       Vcl.Forms.TCustomForm.SetParent
 0001:00001400       Vcl.Forms.TCustomForm.SetParentBiDiMode
 0001:00001490       Vcl.Forms.TCustomForm.ShowModal
 0001:00001498       Vcl.Forms.TCustomForm.UpdateActions
 0001:00001418       Vcl.Forms.TCustomForm.ValidateRename
 0001:00001408       Vcl.Forms.TCustomForm.WantChildKey
 0001:00001420       Vcl.Forms.TCustomForm.WndProc
 0002:000002E0       Vcl.Forms.TForm.Create@
 0001:00001368       Vcl.Forms.TForm.Destroy@
 0002:000002D0       Vcl.Forms.TScrollBox.Create@
 0001:00001358       Vcl.Forms.TScrollBox.Destroy@
 0001:00001390       Vcl.Forms.TScrollingWinControl.AdjustClientRect
 0001:00001370       Vcl.Forms.TScrollingWinControl.AutoScrollEnabled
 0001:00001388       Vcl.Forms.TScrollingWinControl.AutoScrollInView
 0001:00001378       Vcl.Forms.TScrollingWinControl.DoGesture
 0001:00001380       Vcl.Forms.TScrollingWinControl.DoGetGestureOptions
 0002:000002E8       Vcl.Forms.Vcl.Forms
 0001:00000FE0       Vcl.Graphics.Finalization
 0001:00000FC8       Vcl.Graphics.TBitmap.Create
 0001:00000FD0       Vcl.Graphics.TBitmap.LoadFromResourceName
 0001:00000FD8       Vcl.Graphics.TBitmap.SetTransparentMode
 0001:00000FA8       Vcl.Graphics.TBrush.GetColor
 0001:00000FB0       Vcl.Graphics.TBrush.SetColor
 0001:00000FC0       Vcl.Graphics.TCanvas.GetHandle
 0001:00000FB8       Vcl.Graphics.TCanvas.SetFont
 0001:00000F68       Vcl.Graphics.TFont.Create
 0001:00000F78       Vcl.Graphics.TFont.GetHandle
 0001:00000F80       Vcl.Graphics.TFont.GetName
 0001:00000F98       Vcl.Graphics.TFont.GetStyle
 0001:00000F70       Vcl.Graphics.TFont.SetColor
 0001:00000F88       Vcl.Graphics.TFont.SetName
 0001:00000F90       Vcl.Graphics.TFont.SetSize
 0001:00000FA0       Vcl.Graphics.TFont.SetStyle
 0002:000000E8       Vcl.Graphics.Vcl.Graphics
 0001:00001000       Vcl.GraphUtil.Finalization
 0002:00000108       Vcl.GraphUtil.Vcl.GraphUtil
 0001:000014C8       Vcl.Menus.Finalization
 0002:000002F0       Vcl.Menus.Vcl.Menus
 0001:000011D0       Vcl.Printers.Finalization
 0002:000001B0       Vcl.Printers.Vcl.Printers
 0002:00000180       Vcl.StdCtrls.TButton.Create@
 0001:00001050       Vcl.StdCtrls.TButton.Destroy@
 0002:00000188       Vcl.StdCtrls.TCheckBox.Create@
 0001:00001060       Vcl.StdCtrls.TCheckBox.Destroy@
 0002:00000178       Vcl.StdCtrls.TComboBox.Create@
 0001:00001040       Vcl.StdCtrls.TComboBox.Destroy@
 0002:00000130       Vcl.StdCtrls.TCustomButton.Create@
 0001:00001048       Vcl.StdCtrls.TCustomButton.Destroy@
 0002:00000138       Vcl.StdCtrls.TCustomCheckBox.Create@
 0001:00001058       Vcl.StdCtrls.TCustomCheckBox.Destroy@
 0001:00001140       Vcl.StdCtrls.TCustomCombo.AddItem
 0001:00001108       Vcl.StdCtrls.TCustomCombo.AdjustDropDown
 0001:000010B0       Vcl.StdCtrls.TCustomCombo.Clear
 0001:00001118       Vcl.StdCtrls.TCustomCombo.ClearSelection
 0001:00001120       Vcl.StdCtrls.TCustomCombo.CopySelection
 0001:00001128       Vcl.StdCtrls.TCustomCombo.DeleteSelected
 0001:000010B8       Vcl.StdCtrls.TCustomCombo.DestroyWindowHandle
 0001:000010E8       Vcl.StdCtrls.TCustomCombo.EditWndProc
 0001:00001130       Vcl.StdCtrls.TCustomCombo.GetCount
 0001:000010C8       Vcl.StdCtrls.TCustomCombo.GetItemIndex
 0001:00001100       Vcl.StdCtrls.TCustomCombo.Loaded
 0001:000010C0       Vcl.StdCtrls.TCustomCombo.SelectAll
 0001:00001138       Vcl.StdCtrls.TCustomCombo.SetDropDownCount
 0001:000010D8       Vcl.StdCtrls.TCustomCombo.SetItemHeight
 0001:000010D0       Vcl.StdCtrls.TCustomCombo.SetItemIndex
 0001:00001110       Vcl.StdCtrls.TCustomCombo.SetItems
 0001:00001198       Vcl.StdCtrls.TCustomComboBox.CanObserve
 0001:000010E0       Vcl.StdCtrls.TCustomComboBox.Change
 0001:000011A0       Vcl.StdCtrls.TCustomComboBox.ComboWndProc
 0001:00001148       Vcl.StdCtrls.TCustomComboBox.Create
 0002:00000128       Vcl.StdCtrls.TCustomComboBox.Create@
 0001:00001170       Vcl.StdCtrls.TCustomComboBox.CreateParams
 0001:00001178       Vcl.StdCtrls.TCustomComboBox.CreateWnd
 0001:00001150       Vcl.StdCtrls.TCustomComboBox.Destroy
 0001:00001038       Vcl.StdCtrls.TCustomComboBox.Destroy@
 0001:00001180       Vcl.StdCtrls.TCustomComboBox.DestroyWnd
 0001:00001188       Vcl.StdCtrls.TCustomComboBox.DoSetTextHint
 0001:000010F8       Vcl.StdCtrls.TCustomComboBox.DrawItem
 0001:000011B0       Vcl.StdCtrls.TCustomComboBox.GetItemCount
 0001:00001160       Vcl.StdCtrls.TCustomComboBox.GetItemHt
 0001:000011B8       Vcl.StdCtrls.TCustomComboBox.GetItemsClass
 0001:00001168       Vcl.StdCtrls.TCustomComboBox.IsItemHeightStored
 0001:00001190       Vcl.StdCtrls.TCustomComboBox.MeasureItem
 0001:000010F0       Vcl.StdCtrls.TCustomComboBox.SetCharCase
 0001:00001158       Vcl.StdCtrls.TCustomComboBox.SetStyle
 0001:000011A8       Vcl.StdCtrls.TCustomComboBox.WndProc
 0002:00000118       Vcl.StdCtrls.TCustomEdit.Create@
 0001:00001018       Vcl.StdCtrls.TCustomEdit.Destroy@
 0001:00001098       Vcl.StdCtrls.TCustomGroupBox.AdjustClientRect
 0002:00000110       Vcl.StdCtrls.TCustomGroupBox.Create@
 0001:000010A0       Vcl.StdCtrls.TCustomGroupBox.CreateParams
 0001:00001008       Vcl.StdCtrls.TCustomGroupBox.Destroy@
 0001:000010A8       Vcl.StdCtrls.TCustomGroupBox.Paint
 0002:00000148       Vcl.StdCtrls.TCustomListBox.Create@
 0001:00001070       Vcl.StdCtrls.TCustomListBox.Destroy@
 0002:00000120       Vcl.StdCtrls.TCustomMemo.Create@
 0001:00001028       Vcl.StdCtrls.TCustomMemo.Destroy@
 0002:00000158       Vcl.StdCtrls.TCustomStaticText.Create@
 0001:00001088       Vcl.StdCtrls.TCustomStaticText.Destroy@
 0002:00000168       Vcl.StdCtrls.TEdit.Create@
 0001:00001020       Vcl.StdCtrls.TEdit.Destroy@
 0002:00000160       Vcl.StdCtrls.TGroupBox.Create@
 0001:00001010       Vcl.StdCtrls.TGroupBox.Destroy@
 0002:00000190       Vcl.StdCtrls.TListBox.Create@
 0001:00001078       Vcl.StdCtrls.TListBox.Destroy@
 0002:00000170       Vcl.StdCtrls.TMemo.Create@
 0001:00001030       Vcl.StdCtrls.TMemo.Destroy@
 0002:00000140       Vcl.StdCtrls.TRadioButton.Create@
 0001:00001068       Vcl.StdCtrls.TRadioButton.Destroy@
 0002:00000150       Vcl.StdCtrls.TScrollBar.Create@
 0001:00001080       Vcl.StdCtrls.TScrollBar.Destroy@
 0002:00000198       Vcl.StdCtrls.TStaticText.Create@
 0001:00001090       Vcl.StdCtrls.TStaticText.Destroy@
 0001:00001348       Vcl.Themes.Finalization
 0002:000002B8       Vcl.Themes.TCustomStyleEngine.Create@
 0001:00001340       Vcl.Themes.TCustomStyleEngine.Destroy@
 0002:000002C0       Vcl.Themes.Vcl.Themes
 0001:00001350       Winapi.FlatSB.Finalization
 0002:000002C8       Winapi.FlatSB.Winapi.FlatSB
 0001:00000FF8       Winapi.UxTheme.Finalization
 0002:00000100       Winapi.UxTheme.Winapi.UxTheme
 0004:0000001C       Winapi.Windows..2
 0001:00000AEC       Winapi.Windows.ClearCommError
 0001:00000AF4       Winapi.Windows.CloseHandle
 0001:00000BC4       Winapi.Windows.CreateCaret
 0001:00000AFC       Winapi.Windows.CreateEvent
 0001:00000B04       Winapi.Windows.CreateFile
 0001:00000BCC       Winapi.Windows.DefWindowProc
 0001:00000BD4       Winapi.Windows.DestroyCaret
 0001:00000B0C       Winapi.Windows.EscapeCommFunction
 0001:00000C90       Winapi.Windows.Finalization
 0001:00000B14       Winapi.Windows.FreeLibrary
 0001:00000B1C       Winapi.Windows.GetCommModemStatus
 0001:00000BDC       Winapi.Windows.GetDC
 0001:00000B24       Winapi.Windows.GetLastError
 0001:00000B2C       Winapi.Windows.GetOverlappedResult
 0001:00000BE4       Winapi.Windows.GetScrollPos
 0001:00000BEC       Winapi.Windows.GetScrollRange
 0001:00000BF4       Winapi.Windows.GetSystemMetrics
 0001:00000BAC       Winapi.Windows.GetTextMetrics
 0001:00000B34       Winapi.Windows.GetVersionEx
 0001:00000BFC       Winapi.Windows.HideCaret
 0004:00000020       Winapi.Windows.HtmlHelpModule
 0001:00000C54       Winapi.Windows.InitVersionInfo
 0001:00000C04       Winapi.Windows.InSendMessage
 0001:00000C0C       Winapi.Windows.InvalidateRect
 0001:00000B3C       Winapi.Windows.MultiByteToWideChar
 0001:00000BB4       Winapi.Windows.PatBlt
 0001:00000B44       Winapi.Windows.PurgeComm
 0001:00000B4C       Winapi.Windows.ReadFile
 0001:00000AD4       Winapi.Windows.RegCloseKey
 0001:00000ADC       Winapi.Windows.RegEnumValue
 0001:00000AE4       Winapi.Windows.RegOpenKeyEx
 0001:00000C14       Winapi.Windows.ReleaseDC
 0001:00000C1C       Winapi.Windows.ReplyMessage
 0001:00000C24       Winapi.Windows.ScrollWindowEx
 0001:00000BBC       Winapi.Windows.SelectObject
 0001:00000C2C       Winapi.Windows.SendMessage
 0001:00000C34       Winapi.Windows.SetCaretPos
 0001:00000B54       Winapi.Windows.SetCommMask
 0001:00000B5C       Winapi.Windows.SetCommState
 0001:00000B64       Winapi.Windows.SetCommTimeouts
 0001:00000B6C       Winapi.Windows.SetEvent
 0001:00000C3C       Winapi.Windows.SetScrollPos
 0001:00000C44       Winapi.Windows.SetScrollRange
 0001:00000B74       Winapi.Windows.SetupComm
 0001:00000C4C       Winapi.Windows.ShowCaret
 0001:00000B7C       Winapi.Windows.TransmitCommChar
 0001:00000B84       Winapi.Windows.WaitCommEvent
 0001:00000B8C       Winapi.Windows.WaitForMultipleObjects
 0001:00000B94       Winapi.Windows.WaitForSingleObject
 0001:00000B9C       Winapi.Windows.WideCharToMultiByte
 0003:00000088       Winapi.Windows.Win32MajorVersion
 0003:0000008C       Winapi.Windows.Win32MinorVersion
 0003:00000090       Winapi.Windows.Win32Platform
 0002:00000010       Winapi.Windows.Winapi.Windows
 0001:00000BA4       Winapi.Windows.WriteFile


  Address             Publics by Value

 0001:00000000       System.@GetMem
 0001:00000008       System.@FreeMem
 0001:00000010       System.Move
 0001:00000018       System.@AbstractError
 0001:00000020       System.@FillChar
 0001:00000028       System.TObject.NewInstance
 0001:00000030       System.TObject.FreeInstance
 0001:00000038       System.TObject.Create
 0001:00000040       System.TObject.Destroy
 0001:00000048       System.TObject.Free
 0001:00000050       System.TObject.Equals
 0001:00000058       System.TObject.GetHashCode
 0001:00000060       System.@IsClass
 0001:00000068       System.@CallDynaInst
 0001:00000070       System.TObject.SafeCallException
 0001:00000078       System.TObject.ToString
 0001:00000080       System.TObject.DefaultHandler
 0001:00000088       System.TObject.AfterConstruction
 0001:00000090       System.TObject.BeforeDestruction
 0001:00000098       System.TObject.Dispatch
 0001:000000A0       System.@ClassCreate
 0001:000000A8       System.@ClassDestroy
 0001:000000B0       System.@AfterConstruction
 0001:000000B8       System.@BeforeDestruction
 0001:000000C0       System.@HandleAnyException
 0001:000000C8       System.@HandleOnException
 0001:000000D0       System.@HandleFinally
 0001:000000D8       System.@RaiseExcept
 0001:000000E0       System.@RaiseAgain
 0001:000000E8       System.@DoneExcept
 0001:000000F0       System.@PackageLoad
 0001:000000F8       System.@PackageUnload
 0001:00000100       System.@RunError
 0001:00000108       System.@UStrClr
 0001:00000110       System.@LStrClr
 0001:00000118       System.@WStrClr
 0001:00000120       System.@UStrArrayClr
 0001:00000128       System.@UStrAddRef
 0001:00000130       System.@UStrAsg
 0001:00000138       System.@UStrLAsg
 0001:00000140       System.@WStrAsg
 0001:00000148       System.@UStrLen
 0001:00000150       System.@LStrLen
 0001:00000158       System.@UniqueStringU
 0001:00000160       System.@UniqueStringA
 0001:00000168       System.@LStrToPChar
 0001:00000170       System.@LStrSetLength
 0001:00000178       System.@WStrCat3
 0001:00000180       System.@UStrToPWChar
 0001:00000188       System.@UStrFromWChar
 0001:00000190       System.@UStrFromLStr
 0001:00000198       System.@UStrFromWStr
 0001:000001A0       System.@UStrSetLength
 0001:000001A8       System.@UStrCat
 0001:000001B0       System.@UStrCat3
 0001:000001B8       System.@UStrCatN
 0001:000001C0       System.@UStrEqual
 0001:000001C8       System.@UStrCopy
 0001:000001D0       System.Pos
 0001:000001D8       System.@FinalizeArray
 0001:000001E0       System.RegisterModule
 0001:000001E8       System.UnregisterModule
 0001:000001F0       System.Finalization
 0001:000001F8       SysInit.InterlockedExchange
 0001:00000208       SysInit.FreeLibrary
 0001:00000210       SysInit.LocalAlloc
 0001:00000218       SysInit.LocalFree
 0001:00000220       SysInit.TlsAlloc
 0001:00000228       SysInit.TlsFree
 0001:00000230       SysInit.TlsGetValue
 0001:00000238       SysInit.TlsSetValue
 0001:00000240       SysInit.GetLastError
 0001:00000248       SysInit.LoadLibraryA
 0001:00000250       SysInit.RaiseException
 0001:00000258       SysInit.GetProcAddress
 0001:00000260       SysInit.AllocTlsBuffer
 0001:0000026C       SysInit.GetTlsSize
 0001:00000274       SysInit.InitThreadTLS
 0001:000002B8       SysInit.InitProcessTLS
 0001:000002E4       SysInit.ExitThreadTLS
 0001:0000031C       SysInit.ExitProcessTLS
 0001:00000340       SysInit.InitializeModule
 0001:0000034C       SysInit.UninitializeModule
 0001:00000370       SysInit.@InitPkg
 0001:000003D4       SysInit.@PackageLoad
 0001:000003E0       SysInit.@PackageUnload
 0001:000003EC       SysInit.@_delayLoadHelper2
 0001:000006CC       SysInit.@_FUnloadDelayLoadedDLL2
 0001:000007DC       SysInit.@_HrLoadAllImportsForDll
 0001:00000894       SysInit.ShutdownDelayHelp2
 0001:0000089C       SysInit...
 0001:000008AC       SysInit...
 0001:000008BC       SysInit...
 0001:000008CC       SysInit...
 0001:000008DC       SysInit...
 0001:000008EC       SysInit...
 0001:00000900       SysInit...
 0001:00000930       SysInit...
 0001:00000948       SysInit...
 0001:00000970       SysInit...
 0001:00000994       SysInit...
 0001:000009A4       SysInit...
 0001:000009B4       SysInit.Finalization
 0001:00000AD4       Winapi.Windows.RegCloseKey
 0001:00000ADC       Winapi.Windows.RegEnumValue
 0001:00000AE4       Winapi.Windows.RegOpenKeyEx
 0001:00000AEC       Winapi.Windows.ClearCommError
 0001:00000AF4       Winapi.Windows.CloseHandle
 0001:00000AFC       Winapi.Windows.CreateEvent
 0001:00000B04       Winapi.Windows.CreateFile
 0001:00000B0C       Winapi.Windows.EscapeCommFunction
 0001:00000B14       Winapi.Windows.FreeLibrary
 0001:00000B1C       Winapi.Windows.GetCommModemStatus
 0001:00000B24       Winapi.Windows.GetLastError
 0001:00000B2C       Winapi.Windows.GetOverlappedResult
 0001:00000B34       Winapi.Windows.GetVersionEx
 0001:00000B3C       Winapi.Windows.MultiByteToWideChar
 0001:00000B44       Winapi.Windows.PurgeComm
 0001:00000B4C       Winapi.Windows.ReadFile
 0001:00000B54       Winapi.Windows.SetCommMask
 0001:00000B5C       Winapi.Windows.SetCommState
 0001:00000B64       Winapi.Windows.SetCommTimeouts
 0001:00000B6C       Winapi.Windows.SetEvent
 0001:00000B74       Winapi.Windows.SetupComm
 0001:00000B7C       Winapi.Windows.TransmitCommChar
 0001:00000B84       Winapi.Windows.WaitCommEvent
 0001:00000B8C       Winapi.Windows.WaitForMultipleObjects
 0001:00000B94       Winapi.Windows.WaitForSingleObject
 0001:00000B9C       Winapi.Windows.WideCharToMultiByte
 0001:00000BA4       Winapi.Windows.WriteFile
 0001:00000BAC       Winapi.Windows.GetTextMetrics
 0001:00000BB4       Winapi.Windows.PatBlt
 0001:00000BBC       Winapi.Windows.SelectObject
 0001:00000BC4       Winapi.Windows.CreateCaret
 0001:00000BCC       Winapi.Windows.DefWindowProc
 0001:00000BD4       Winapi.Windows.DestroyCaret
 0001:00000BDC       Winapi.Windows.GetDC
 0001:00000BE4       Winapi.Windows.GetScrollPos
 0001:00000BEC       Winapi.Windows.GetScrollRange
 0001:00000BF4       Winapi.Windows.GetSystemMetrics
 0001:00000BFC       Winapi.Windows.HideCaret
 0001:00000C04       Winapi.Windows.InSendMessage
 0001:00000C0C       Winapi.Windows.InvalidateRect
 0001:00000C14       Winapi.Windows.ReleaseDC
 0001:00000C1C       Winapi.Windows.ReplyMessage
 0001:00000C24       Winapi.Windows.ScrollWindowEx
 0001:00000C2C       Winapi.Windows.SendMessage
 0001:00000C34       Winapi.Windows.SetCaretPos
 0001:00000C3C       Winapi.Windows.SetScrollPos
 0001:00000C44       Winapi.Windows.SetScrollRange
 0001:00000C4C       Winapi.Windows.ShowCaret
 0001:00000C54       Winapi.Windows.InitVersionInfo
 0001:00000C90       Winapi.Windows.Finalization
 0001:00000CB0       System.Internal.ExcUtils.Finalization
 0001:00000CB8       System.SysUtils.TOSVersion.Destroy@
 0001:00000CC0       System.SysUtils.CharInSet
 0001:00000CC8       System.SysUtils.UpperCase
 0001:00000CD0       System.SysUtils.IntToStr
 0001:00000CD8       System.SysUtils.StrToInt
 0001:00000CE0       System.SysUtils.Format
 0001:00000CE8       System.SysUtils.Exception.Create
 0001:00000CF0       System.SysUtils.Exception.CreateFmt
 0001:00000CF8       System.SysUtils.Exception.Destroy
 0001:00000D00       System.SysUtils.Exception.GetBaseException
 0001:00000D08       System.SysUtils.Exception.RaisingException
 0001:00000D10       System.SysUtils.Exception.ToString
 0001:00000D18       System.SysUtils.Exception.Destroy@
 0001:00000D20       System.SysUtils.Win32Check
 0001:00000D28       System.SysUtils.TLanguages.Destroy@
 0001:00000D30       System.SysUtils.TEncoding.Destroy@
 0001:00000D38       System.SysUtils.Finalization
 0001:00000D40       System.VarUtils.Finalization
 0001:00000D48       System.Variants.Finalization
 0001:00000D50       System.TypInfo.Finalization
 0001:00000D58       System.Classes.Point
 0001:00000D60       System.Classes.Rect
 0001:00000D68       System.Classes.TList.Add
 0001:00000D70       System.Classes.TList.Get
 0001:00000D78       System.Classes.TList.IndexOf
 0001:00000D80       System.Classes.TList.Remove
 0001:00000D88       System.Classes.TPersistent.Destroy
 0001:00000D90       System.Classes.TPersistent.Assign
 0001:00000D98       System.Classes.TPersistent.AssignTo
 0001:00000DA0       System.Classes.TPersistent.DefineProperties
 0001:00000DA8       System.Classes.TStringList.Create
 0001:00000DB0       System.Classes.TStream.GetSize
 0001:00000DB8       System.Classes.TStream.SetSize
 0001:00000DC0       System.Classes.TStream.SetSize
 0001:00000DC8       System.Classes.TStream.Seek
 0001:00000DD0       System.Classes.TThread.Create
 0001:00000DD8       System.Classes.TThread.Destroy
 0001:00000DE0       System.Classes.TThread.Destroy@
 0001:00000DE8       System.Classes.TThread.AfterConstruction
 0001:00000DF0       System.Classes.TThread.DoTerminate
 0001:00000DF8       System.Classes.TThread.TerminatedSet
 0001:00000E00       System.Classes.TThread.SetPriority
 0001:00000E08       System.Classes.TThread.Synchronize
 0001:00000E10       System.Classes.TThread.Sleep
 0001:00000E18       System.Classes.TComponent.Create
 0001:00000E20       System.Classes.TComponent.Destroy
 0001:00000E28       System.Classes.TComponent.BeforeDestruction
 0001:00000E30       System.Classes.TComponent.FreeNotification
 0001:00000E38       System.Classes.TComponent.Notification
 0001:00000E40       System.Classes.TComponent.DefineProperties
 0001:00000E48       System.Classes.TComponent.Loaded
 0001:00000E50       System.Classes.TComponent.ReadState
 0001:00000E58       System.Classes.TComponent.WriteState
 0001:00000E60       System.Classes.TComponent.ValidateRename
 0001:00000E68       System.Classes.TComponent.SetName
 0001:00000E70       System.Classes.TComponent.GetObservers
 0001:00000E78       System.Classes.TComponent.UpdateAction
 0001:00000E80       System.Classes.TComponent.CanObserve
 0001:00000E88       System.Classes.TComponent.ObserverAdded
 0001:00000E90       System.Classes.TComponent.SafeCallException
 0001:00000E98       System.Classes.TComponent.UpdateRegistry
 0001:00000EA0       System.Classes.TComponent.QueryInterface
 0001:00000EA8       System.Classes.AllocateHWnd
 0001:00000EB0       System.Classes.DeallocateHWnd
 0001:00000EB8       System.Classes.TBinaryWriter.Destroy@
 0001:00000EC0       System.Classes.TLoginCredentialService.Destroy@
 0001:00000EC8       System.Classes.TObserverMapping.Destroy@
 0001:00000ED0       System.Classes.Finalization
 0001:00000ED8       System.Math.Finalization
 0001:00000EE0       System.TimeSpan.TTimeSpan.Destroy@
 0001:00000EE8       System.SyncObjs.Finalization
 0001:00000EF0       System.DateUtils.TTimeZone.Destroy@
 0001:00000EF8       System.IOUtils.TPath.Destroy@
 0001:00000F00       System.IOUtils.Finalization
 0001:00000F08       System.IniFiles.TCustomIniFile.Create
 0001:00000F10       System.IniFiles.Finalization
 0001:00000F18       System.Win.Registry.TRegistry.Destroy@
 0001:00000F20       System.Win.Registry.TRegistry.Create
 0001:00000F28       System.Win.Registry.TRegistry.SetRootKey
 0001:00000F30       System.Win.Registry.TRegistry.OpenKey
 0001:00000F38       System.Win.Registry.TRegistry.WriteString
 0001:00000F40       System.Win.Registry.TRegistry.ReadString
 0001:00000F48       System.Win.Registry.TRegistry.WriteInteger
 0001:00000F50       System.Win.Registry.TRegistry.ReadInteger
 0001:00000F58       System.Win.Registry.Finalization
 0001:00000F60       System.UIConsts.Finalization
 0001:00000F68       Vcl.Graphics.TFont.Create
 0001:00000F70       Vcl.Graphics.TFont.SetColor
 0001:00000F78       Vcl.Graphics.TFont.GetHandle
 0001:00000F80       Vcl.Graphics.TFont.GetName
 0001:00000F88       Vcl.Graphics.TFont.SetName
 0001:00000F90       Vcl.Graphics.TFont.SetSize
 0001:00000F98       Vcl.Graphics.TFont.GetStyle
 0001:00000FA0       Vcl.Graphics.TFont.SetStyle
 0001:00000FA8       Vcl.Graphics.TBrush.GetColor
 0001:00000FB0       Vcl.Graphics.TBrush.SetColor
 0001:00000FB8       Vcl.Graphics.TCanvas.SetFont
 0001:00000FC0       Vcl.Graphics.TCanvas.GetHandle
 0001:00000FC8       Vcl.Graphics.TBitmap.Create
 0001:00000FD0       Vcl.Graphics.TBitmap.LoadFromResourceName
 0001:00000FD8       Vcl.Graphics.TBitmap.SetTransparentMode
 0001:00000FE0       Vcl.Graphics.Finalization
 0001:00000FE8       Vcl.ActnList.Finalization
 0001:00000FF0       System.HelpIntfs.Finalization
 0001:00000FF8       Winapi.UxTheme.Finalization
 0001:00001000       Vcl.GraphUtil.Finalization
 0001:00001008       Vcl.StdCtrls.TCustomGroupBox.Destroy@
 0001:00001010       Vcl.StdCtrls.TGroupBox.Destroy@
 0001:00001018       Vcl.StdCtrls.TCustomEdit.Destroy@
 0001:00001020       Vcl.StdCtrls.TEdit.Destroy@
 0001:00001028       Vcl.StdCtrls.TCustomMemo.Destroy@
 0001:00001030       Vcl.StdCtrls.TMemo.Destroy@
 0001:00001038       Vcl.StdCtrls.TCustomComboBox.Destroy@
 0001:00001040       Vcl.StdCtrls.TComboBox.Destroy@
 0001:00001048       Vcl.StdCtrls.TCustomButton.Destroy@
 0001:00001050       Vcl.StdCtrls.TButton.Destroy@
 0001:00001058       Vcl.StdCtrls.TCustomCheckBox.Destroy@
 0001:00001060       Vcl.StdCtrls.TCheckBox.Destroy@
 0001:00001068       Vcl.StdCtrls.TRadioButton.Destroy@
 0001:00001070       Vcl.StdCtrls.TCustomListBox.Destroy@
 0001:00001078       Vcl.StdCtrls.TListBox.Destroy@
 0001:00001080       Vcl.StdCtrls.TScrollBar.Destroy@
 0001:00001088       Vcl.StdCtrls.TCustomStaticText.Destroy@
 0001:00001090       Vcl.StdCtrls.TStaticText.Destroy@
 0001:00001098       Vcl.StdCtrls.TCustomGroupBox.AdjustClientRect
 0001:000010A0       Vcl.StdCtrls.TCustomGroupBox.CreateParams
 0001:000010A8       Vcl.StdCtrls.TCustomGroupBox.Paint
 0001:000010B0       Vcl.StdCtrls.TCustomCombo.Clear
 0001:000010B8       Vcl.StdCtrls.TCustomCombo.DestroyWindowHandle
 0001:000010C0       Vcl.StdCtrls.TCustomCombo.SelectAll
 0001:000010C8       Vcl.StdCtrls.TCustomCombo.GetItemIndex
 0001:000010D0       Vcl.StdCtrls.TCustomCombo.SetItemIndex
 0001:000010D8       Vcl.StdCtrls.TCustomCombo.SetItemHeight
 0001:000010E0       Vcl.StdCtrls.TCustomComboBox.Change
 0001:000010E8       Vcl.StdCtrls.TCustomCombo.EditWndProc
 0001:000010F0       Vcl.StdCtrls.TCustomComboBox.SetCharCase
 0001:000010F8       Vcl.StdCtrls.TCustomComboBox.DrawItem
 0001:00001100       Vcl.StdCtrls.TCustomCombo.Loaded
 0001:00001108       Vcl.StdCtrls.TCustomCombo.AdjustDropDown
 0001:00001110       Vcl.StdCtrls.TCustomCombo.SetItems
 0001:00001118       Vcl.StdCtrls.TCustomCombo.ClearSelection
 0001:00001120       Vcl.StdCtrls.TCustomCombo.CopySelection
 0001:00001128       Vcl.StdCtrls.TCustomCombo.DeleteSelected
 0001:00001130       Vcl.StdCtrls.TCustomCombo.GetCount
 0001:00001138       Vcl.StdCtrls.TCustomCombo.SetDropDownCount
 0001:00001140       Vcl.StdCtrls.TCustomCombo.AddItem
 0001:00001148       Vcl.StdCtrls.TCustomComboBox.Create
 0001:00001150       Vcl.StdCtrls.TCustomComboBox.Destroy
 0001:00001158       Vcl.StdCtrls.TCustomComboBox.SetStyle
 0001:00001160       Vcl.StdCtrls.TCustomComboBox.GetItemHt
 0001:00001168       Vcl.StdCtrls.TCustomComboBox.IsItemHeightStored
[...]
  1836 0001:00011BB3  1838 0001:00011BC6  1840 0001:00011BD2  1841 0001:00011BFB
  1844 0001:00011C1B  1847 0001:00011C3D  1848 0001:00011C3F  1853 0001:00011C68
  1854 0001:00011C8A  1855 0001:00011C92  1856 0001:00011CA0  1857 0001:00011CAD
  1859 0001:00011CC7  1861 0001:00011CD7  1867 0001:00011CFC  1868 0001:00011D18
  1869 0001:00011D40  1870 0001:00011D4C  1871 0001:00011D78  1872 0001:00011D8F
  1880 0001:00011DC0  1881 0001:00011DE2  1882 0001:00011DEA  1883 0001:00011DF8
  1884 0001:00011E04  1886 0001:00011E1E  1887 0001:00011E44  1888 0001:00011E4D
  1890 0001:00011E86  1892 0001:00011E96  1899 0001:00011EC0  1900 0001:00011ED3
  1902 0001:00011ED8  1903 0001:00011EE7  1904 0001:00011EED  1906 0001:00011EF3
  1908 0001:00011F02  1911 0001:00011F2D  1913 0001:00011F31  1915 0001:00011F45
  1916 0001:00011F48  1922 0001:00011F54  1923 0001:00011F63  1924 0001:00011F6B
  1925 0001:00011F79  1926 0001:00011F88  1928 0001:00011FA2  1930 0001:00011FB2
  1934 0001:00011FBC  1935 0001:00011FC8  1936 0001:00011FD3  1937 0001:00011FD7
  1939 0001:00011FEF  1940 0001:00011FF1  1948 0001:00011FF8  1949 0001:0001201A
  1950 0001:00012022  1951 0001:00012030  1952 0001:00012040  1953 0001:0001204D
  1954 0001:0001205A  1956 0001:00012064  1957 0001:00012070  1961 0001:00012097
  1957 0001:00012098  1962 0001:000120A8  1964 0001:000120B8  1968 0001:000120E0
  1969 0001:000120E2  1970 0001:000120EE  1971 0001:000120F6  1973 0001:000120FB
  1980 0001:00012100  1981 0001:00012108  1983 0001:0001210D  1985 0001:0001211C
  1986 0001:0001212B  1989 0001:0001214C  1991 0001:00012150  1993 0001:00012169
  1994 0001:0001217C  1996 0001:00012189  1997 0001:00012192  1999 0001:000121A0
  2000 0001:000121A3  2004 0001:000121A8  2005 0001:000121AB  2007 0001:000121BA
  2008 0001:000121CE  2014 0001:000121D0  2015 0001:000121D8  2017 0001:000121DC
  2019 0001:000121EB  2020 0001:00012202  2021 0001:00012206  2023 0001:0001221E
  2024 0001:00012232  2035 0001:0001223C  2037 0001:0001224C  2039 0001:00012252
  2041 0001:00012261  2042 0001:00012270  2043 0001:00012282  2044 0001:00012285
  2046 0001:00012289  2047 0001:0001228C  2050 0001:00012293  2052 0001:00012298
  2053 0001:000122A6  2055 0001:000122BB  2057 0001:000122D2  2059 0001:000122E2
  2061 0001:000122F2  2063 0001:00012308  2066 0001:00012313  2068 0001:00012317
  2070 0001:0001232B  2072 0001:00012346  2074 0001:00012357  2078 0001:00012360
  2079 0001:00012366  2081 0001:00012376  2082 0001:0001238A  2088 0001:00012390
  2089 0001:00012395  2094 0001:00012398  2095 0001:0001239B  2096 0001:0001239F
  2098 0001:000123AD  2099 0001:000123B9  2102 0001:000123E4  2103 0001:000123FA
  2104 0001:00012413  2106 0001:00012417  2107 0001:00012419  2113 0001:000124A8
  2114 0001:000124AE  2115 0001:000124BF  2121 0001:00012538  2122 0001:0001253E
  2123 0001:0001254F  2128 0001:00012554  2129 0001:00012577  2132 0001:00012579
  2134 0001:000125A8  2130 0001:000125A9  2136 0001:000125AE  2137 0001:000125B3
  2140 0001:000125B5  2145 0001:000125E0  2146 0001:00012603  2149 0001:00012605
  2151 0001:00012634  2147 0001:00012635  2153 0001:0001263A  2154 0001:0001263F
  2157 0001:00012641  2162 0001:0001266C  2163 0001:00012693  2165 0001:0001269F
  2167 0001:000126B3  2168 0001:000126C1  2170 0001:000126F6  2172 0001:000126FD
  2175 0001:00012704  2178 0001:0001270C  2179 0001:0001270E  2182 0001:0001273C
  2184 0001:00012755  2187 0001:00012765  2189 0001:00012770  2190 0001:0001278A
  2194 0001:000127DC  2195 0001:00012800  2197 0001:0001280A  2198 0001:0001281D
  2199 0001:0001283C  2200 0001:00012842  2201 0001:00012855  2202 0001:00012874
  2203 0001:00012893  2204 0001:000128B5  2206 0001:000128D8  2208 0001:000128DE
  2209 0001:000128FD  2211 0001:0001291C  2213 0001:00012922  2214 0001:00012944
  2215 0001:00012966  2217 0001:00012988  2219 0001:0001298E  2220 0001:000129A4
  2222 0001:000129BA  2224 0001:000129C0  2225 0001:000129D6  2226 0001:000129EC
  2227 0001:00012A02  2228 0001:00012A18  2230 0001:00012A2E  2232 0001:00012A38
  2233 0001:00012A5A  2234 0001:00012A7C  2235 0001:00012A9E  2236 0001:00012AC0
  2237 0001:00012AE2  2238 0001:00012B04  2239 0001:00012B26  2240 0001:00012B48
  2241 0001:00012B6A  2243 0001:00012B8C  2247 0001:00013174  2248 0001:00013197
  2250 0001:000131A1  2251 0001:000131B0  2252 0001:000131CB  2253 0001:000131D1
  2254 0001:000131E0  2255 0001:000131FB  2256 0001:00013216  2257 0001:00013234
  2259 0001:00013253  2261 0001:00013259  2262 0001:00013274  2264 0001:0001328F
  2266 0001:00013295  2267 0001:000132B3  2268 0001:000132D1  2270 0001:000132EF
  2272 0001:000132F5  2273 0001:00013307  2275 0001:00013319  2277 0001:0001331F
  2278 0001:00013331  2279 0001:00013343  2280 0001:00013355  2281 0001:00013367
  2283 0001:00013379  2285 0001:00013383  2286 0001:000133A1  2287 0001:000133BF
  2288 0001:000133DD  2289 0001:000133FB  2290 0001:00013419  2291 0001:00013437
  2292 0001:00013455  2293 0001:00013473  2294 0001:00013491  2296 0001:000134AF
  2300 0001:00013A94  2301 0001:00013AB9  2303 0001:00013AC3  2304 0001:00013AE4
  2305 0001:00013B18  2306 0001:00013B1E  2307 0001:00013B3B  2308 0001:00013B6F
  2309 0001:00013BA3  2310 0001:00013BDB  2313 0001:00013C14  2315 0001:00013C1A
  2316 0001:00013C4E  2318 0001:00013C82  2320 0001:00013C8C  2321 0001:00013CC4
  2322 0001:00013CFC  2324 0001:00013D34  2326 0001:00013D3A  2327 0001:00013D5A
  2329 0001:00013D7A  2331 0001:00013D84  2332 0001:00013DA4  2333 0001:00013DC4
  2334 0001:00013DE4  2335 0001:00013E04  2337 0001:00013E24  2339 0001:00013E2E
  2340 0001:00013E66  2341 0001:00013E9E  2342 0001:00013ED6  2343 0001:00013F0E
  2344 0001:00013F46  2345 0001:00013F84  2346 0001:00013FC8  2347 0001:0001400C
  2348 0001:00014050  2350 0001:00014094  2354 0001:0001467C  2355 0001:000146A0
  2357 0001:000146AA  2358 0001:000146C3  2359 0001:000146E3  2360 0001:000146E9
  2361 0001:000146FE  2362 0001:0001471E  2363 0001:0001473E  2364 0001:0001475F
  2366 0001:00014780  2368 0001:00014786  2369 0001:000147A6  2371 0001:000147C6
  2373 0001:000147CC  2374 0001:000147ED  2375 0001:0001480E  2377 0001:0001482F
  2379 0001:00014835  2380 0001:0001484B  2382 0001:00014861  2384 0001:00014867
  2385 0001:0001487D  2386 0001:00014893  2387 0001:000148A9  2388 0001:000148BF
  2390 0001:000148D5  2392 0001:000148DF  2393 0001:00014900  2394 0001:00014921
  2395 0001:00014942  2396 0001:00014963  2397 0001:00014984  2398 0001:000149A5
  2399 0001:000149C6  2400 0001:000149E7  2401 0001:00014A08  2403 0001:00014A29
  2410 0001:00015010  2411 0001:00015045  2412 0001:00015054  2414 0001:0001505C
  2415 0001:00015070  2416 0001:0001508A  2418 0001:00015098  2419 0001:000150B2
  2420 0001:000150BE  2421 0001:000150D9  2422 0001:000150EC  2423 0001:000150F9
  2424 0001:00015104  2426 0001:00015110  2433 0001:000151AC  2434 0001:000151D3
  2435 0001:000151E1  2437 0001:000151E5  2438 0001:000151F4  2439 0001:00015202
  2440 0001:00015213  2442 0001:0001522B  2446 0001:0001523B  2447 0001:0001524D
  2448 0001:0001525B  2450 0001:00015273  2455 0001:00015292  2457 0001:000152A7
  2464 0001:000152CC  2465 0001:000152F3  2466 0001:000152FB  2467 0001:00015309
  2468 0001:00015317  2470 0001:0001531B  2471 0001:0001532A  2472 0001:00015338
  2473 0001:00015349  2475 0001:00015361  2479 0001:00015371  2480 0001:00015383
  2481 0001:00015391  2483 0001:000153A9  2487 0001:000153C6  2491 0001:000153E5
  2493 0001:000153FA  2497 0001:00015420  2498 0001:00015427  2500 0001:00015436
  2502 0001:00015447  2503 0001:00015451  2504 0001:0001545B  2508 0001:00015460
  2509 0001:00015467  2511 0001:00015476  2513 0001:00015487  2514 0001:00015491
  2515 0001:0001549B  2520 0001:000154A0  2521 0001:000154A1  2522 0001:000154AB
  2523 0001:000154BB  2526 0001:000154C0  2527 0001:000154C1  2528 0001:000154CB
  2529 0001:000154DB  2532 0001:000154E0  2533 0001:000154E1  2534 0001:000154EB
  2535 0001:000154FB  2538 0001:00015500  2539 0001:00015501  2540 0001:0001550B
  2541 0001:0001551B  2544 0001:00015520  2545 0001:00015521  2546 0001:0001552B
  2547 0001:0001553D  2550 0001:00015540  2551 0001:00015541  2552 0001:0001554B
  2553 0001:0001555E  2556 0001:00015560  2557 0001:00015561  2558 0001:0001556B
  2559 0001:0001557B  2562 0001:00015580  2563 0001:00015581  2564 0001:0001558B
  2565 0001:0001559B  2568 0001:000155A0  2569 0001:000155A1  2570 0001:000155AB
  2571 0001:000155BB  2574 0001:000155C0  2575 0001:000155C1  2576 0001:000155CB
  2577 0001:000155DD  2580 0001:000155E0  2581 0001:000155E1  2582 0001:000155EB
  2583 0001:000155FD  2586 0001:00015600  2587 0001:00015601  2588 0001:0001560B
  2589 0001:0001561D  2592 0001:00015620  2593 0001:00015625  2594 0001:0001562F
  2595 0001:00015643  2598 0001:00015648  2599 0001:00015649  2600 0001:00015653
  2601 0001:00015663  2604 0001:00015668  2605 0001:00015669  2606 0001:00015673
  2607 0001:00015683  2612 0001:00015688  2613 0001:0001568C  2615 0001:00015690
  2616 0001:00015697  2617 0001:0001569E  2620 0001:000156A8  2621 0001:000156B3
  2622 0001:000156BE  2623 0001:000156C9  2624 0001:000156D6  2625 0001:000156E3
  2627 0001:000156F0  2632 0001:000156F4  2633 0001:000156F8  2634 0001:00015703
  2635 0001:0001570E  2638 0001:00015714  2639 0001:00015718  2640 0001:00015723
  2641 0001:0001572E  2642 0001:00015737  2645 0001:0001573C  2647 0001:00015740
  2648 0001:00015749  2649 0001:00015754  2652 0001:00015758  2653 0001:00015759
  2654 0001:00015762  2657 0001:00015764  2658 0001:00015765  2659 0001:0001576E
  2664 0001:00015770  2665 0001:00015774  2667 0001:00015780  2668 0001:0001578B
  2669 0001:00015798  2674 0001:0001579C  2675 0001:000157A0  2677 0001:000157AC
  2678 0001:000157B7  2679 0001:000157C4  2684 0001:000157C8  2685 0001:000157CC
  2687 0001:000157D8  2688 0001:000157E3  2689 0001:000157F0  2694 0001:000157F4
  2695 0001:000157F8  2696 0001:00015801  2697 0001:0001580C  2698 0001:00015819
  2701 0001:00015820  2702 0001:00015824  2703 0001:0001582D  2704 0001:00015838
  2707 0001:0001583C  2708 0001:0001583D  2709 0001:00015846  2717 0001:00015848
  2718 0001:0001584F  2719 0001:0001585C  2721 0001:0001586F  2722 0001:00015886
  2732 0001:0001588C  2734 0001:00015894  2736 0001:000158B4  2737 0001:000158B8
  2739 0001:000158C6  2741 0001:000158DF  2742 0001:000158F2  2745 0001:000158F9
  2749 0001:000158FF  2750 0001:00015903  2753 0001:00015910  2755 0001:00015926
  2739 0001:00015929  2756 0001:0001592C  2758 0001:0001593E  2759 0001:00015942
  2762 0001:0001595C  2764 0001:00015962  2766 0001:0001596A  2770 0001:0001597A
  2772 0001:00015980  2773 0001:0001598A  2774 0001:00015995  2775 0001:0001599B
  2776 0001:000159A7  2777 0001:000159AE  2778 0001:000159B4  2779 0001:000159C3
  2782 0001:000159C8  2783 0001:000159CC  2784 0001:000159D5  2785 0001:000159E0
  2788 0001:000159E4  2789 0001:000159E8  2790 0001:000159F3  2791 0001:000159FC
  2792 0001:00015A07  2799 0001:00015A0C  2800 0001:00015A12  2802 0001:00015A14
  2803 0001:00015A1E  2805 0001:00015A28  2806 0001:00015A32  2807 0001:00015A39
  2808 0001:00015A3B  2803 0001:00015A3C  2809 0001:00015A3F  2816 0001:00015A48
  2817 0001:00015A57  2818 0001:00015A61  2820 0001:00015A71  2821 0001:00015A7D
  2822 0001:00015A84  2823 0001:00015A97  2818 0001:00015A9B  2824 0001:00015A9E
  2832 0001:00015AA8  2833 0001:00015AB3  2834 0001:00015ABD  2836 0001:00015AC7
  2837 0001:00015AD1  2838 0001:00015ADB  2839 0001:00015AEF  2840 0001:00015AFF
  2841 0001:00015B0F  2843 0001:00015B1D  2844 0001:00015B25  2845 0001:00015B2F
  2834 0001:00015B30  2846 0001:00015B33  2854 0001:00015B3C  2855 0001:00015B4B
  2857 0001:00015B59  2859 0001:00015B67  2860 0001:00015B71  2861 0001:00015B7B
  2862 0001:00015BAB  2863 0001:00015BBB  2864 0001:00015BCB  2865 0001:00015BDB
  2866 0001:00015BEB  2867 0001:00015BFB  2870 0001:00015C09  2871 0001:00015C11
  2872 0001:00015C20  2857 0001:00015C21  2873 0001:00015C28  2878 0001:00015C30
  2880 0001:00015C3C  2881 0001:00015C41  2882 0001:00015C45  2884 0001:00015C4C
  2887 0001:00015C52  2888 0001:00015C55  2892 0001:00015C58  2893 0001:00015C59
  2895 0001:00015C5E  2897 0001:00015C61  2899 0001:00015C6A  2903 0001:00015C6C
  2904 0001:00015C6D  2906 0001:00015C72  2907 0001:00015C75  2909 0001:00015C7E
  2913 0001:00015C80  2914 0001:00015C81  2916 0001:00015C86  2917 0001:00015C89
  2919 0001:00015C92  2923 0001:00015C94  2924 0001:00015C95  2926 0001:00015C9A
  2927 0001:00015C9D  2929 0001:00015CA6  2933 0001:00015CA8  2934 0001:00015CA9
  2936 0001:00015CAF  2937 0001:00015CB3  2939 0001:00015CBC  2943 0001:00015CC0
  2946 0001:00015CC6  2948 0001:00015CD2  2949 0001:00015CDC  2952 0001:00015CEE
  2953 0001:00015CF5  2956 0001:00015CFC  2960 0001:00015D00  2961 0001:00015D01
  2963 0001:00015D06  2964 0001:00015D09  2966 0001:00015D12  2971 0001:00015D14
  2973 0001:00015D19  2977 0001:00015D2B  2979 0001:00015D3A  2981 0001:00015D3D
  2985 0001:00015D40  2986 0001:00015D46  2988 0001:00015D4C  2989 0001:00015D5B
  2990 0001:00015D5E  2995 0001:00015D64  2997 0001:00015D69  3001 0001:00015D7B
  3003 0001:00015D8A  3005 0001:00015D8D  3010 0001:00015D90  3011 0001:00015DA1
  3015 0001:00015DA4  3016 0001:00015DA8  3017 0001:00015DB0  3018 0001:00015DBB
  3022 0001:00015DC0  3023 0001:00015DC4  3024 0001:00015DCC  3025 0001:00015DD7
  3029 0001:00015DDC  3030 0001:00015DE0  3031 0001:00015DE8  3032 0001:00015DF3
  3036 0001:00015DF8  3037 0001:00015DFC  3038 0001:00015E04  3039 0001:00015E0F
  3047 0001:00015E14  3048 0001:00015E2B  3049 0001:00015E34  3050 0001:00015E45
  3051 0001:00015E4F  3052 0001:00015E56  3056 0001:00015E74  3057 0001:00015E7F
  3058 0001:00015E88  3059 0001:00015E90  3060 0001:00015E9B  3064 0001:00015EAC
  3065 0001:00015EB2  3067 0001:00015EBD  3068 0001:00015EC7  3071 0001:00015ED1
  3072 0001:00015EDE  3077 0001:00015EE4  3078 0001:00015EED  3079 0001:00015EF8
  3080 0001:00015F02  3081 0001:00015F0B  3085 0001:00015F10  3086 0001:00015F11
  3087 0001:00015F18  3088 0001:00015F24  3092 0001:00015F28  3093 0001:00015F29
  3094 0001:00015F30  3095 0001:00015F3C  3100 0001:00015F40  3101 0001:00015F41
  3102 0001:00015F48  3103 0001:00015F55  3107 0001:00015F58  3108 0001:00015F59
  3109 0001:00015F60  3110 0001:00015F6D  3116 0001:00015F70  3117 0001:00015F8F
  3119 0001:00015F99  3120 0001:00015FA4  3122 0001:00015FAE  3123 0001:00015FD7
  3125 0001:00015FEF  3126 0001:00016025  3127 0001:0001603D  3131 0001:00016068
  3132 0001:0001606E  3133 0001:00016074  3135 0001:00016080  3136 0001:00016089
  3144 0001:0001608C  3145 0001:000160A3  3146 0001:000160AD  3148 0001:000160B2
  3149 0001:000160CC  3150 0001:000160F9  3152 0001:0001610B  3157 0001:00016130
  3158 0001:0001614D  3159 0001:00016162  3160 0001:00016183  3161 0001:0001618D
  3162 0001:0001619B  3167 0001:000161C0  3169 0001:000161D8  3170 0001:000161DF
  3171 0001:000161FA  3172 0001:00016200  3173 0001:0001620D  3175 0001:00016213
  3177 0001:00016225  3178 0001:00016263  3179 0001:00016269  3182 0001:00016278
  3184 0001:00016282  3189 0001:000162AC  3191 0001:000162C5  3192 0001:000162CC
  3193 0001:000162E7  3196 0001:000162ED  3197 0001:000162F0  3200 0001:000162FF
  3202 0001:00016309  3203 0001:00016319  3206 0001:0001632D  3207 0001:00016337
  3211 0001:00016345  3212 0001:00016355  3214 0001:000163B4  3217 0001:000163BA
  3218 0001:000163D0  3222 0001:000163DA  3223 0001:000163E6  3224 0001:000163F2
  3227 0001:0001641C  3228 0001:00016420  3229 0001:00016446  3231 0001:0001644C
  3232 0001:00016453  3233 0001:00016461  3234 0001:0001646A  3235 0001:00016471
  3237 0001:0001647A  3238 0001:00016481  3239 0001:0001648A  3242 0001:0001649F
  3243 0001:000164AA  3245 0001:000164BA  3249 0001:000164C0  3250 0001:000164C3
  3252 0001:000164E2  3257 0001:000164E4  3258 0001:000164E9  3263 0001:000164EC
  3264 0001:0001650B  3265 0001:00016515  3266 0001:00016521  3268 0001:00016534
  3269 0001:00016540  3271 0001:0001656C  3272 0001:00016576  3276 0001:000165A4
  3277 0001:000165AC  3279 0001:000165B5  3280 0001:000165C3  3282 0001:000165E2
  3283 0001:000165ED  3286 0001:000165FC  3290 0001:00016600  3291 0001:00016606
  3293 0001:0001660D  3294 0001:00016611  3295 0001:00016619  3296 0001:0001661E
  3298 0001:00016622  3299 0001:00016629  3302 0001:00016634  3307 0001:00016638
  3309 0001:0001663D  3310 0001:00016640  3311 0001:00016646  3313 0001:0001664B
  3318 0001:0001664C  3320 0001:00016651  3321 0001:00016654  3322 0001:0001665A
  3324 0001:0001665F  3328 0001:00016660  3329 0001:00016666  3331 0001:00016672
  3332 0001:0001667C  3333 0001:00016682  3335 0001:00016689  3339 0001:0001668C
  3340 0001:00016692  3342 0001:0001669E  3343 0001:000166A8  3344 0001:000166AE
  3346 0001:000166B5  3354 0001:000166B8  3355 0001:000166CD  3356 0001:000166D6
  3357 0001:000166D9  3361 0001:000166F4  3362 0001:000166F5  3363 0001:000166FD
  3367 0001:00016704  3368 0001:00016705  3369 0001:0001670D  3374 0001:00016714
  3375 0001:00016716  3383 0001:00016718  3384 0001:0001674D  3385 0001:00016750
  3386 0001:00016753  3387 0001:0001678B  3391 0001:000167F4  3392 0001:0001681C
  3393 0001:00016823  3394 0001:00016826  3395 0001:00016841  3403 0001:0001687C
  3404 0001:0001687F  3405 0001:0001688B  3407 0001:0001688F  3408 0001:0001689D
  3409 0001:000168AD  3410 0001:000168B2  3412 0001:000168B7  3416 0001:000168BC
  3417 0001:000168C0  3419 0001:000168C2  3420 0001:000168CB  3421 0001:000168D2
  3423 0001:000168D7  3424 0001:000168E3  3425 0001:000168E7  3434 0001:000168EC
  3435 0001:0001690D  3442 0001:00016929  3448 0001:00016931  3449 0001:00016940
  3450 0001:0001694E  3452 0001:00016950  3453 0001:00016957  3454 0001:0001695E
  3455 0001:00016969  3456 0001:00016974  3470 0001:000169A0  3472 0001:000169A4
  3473 0001:000169B0  3474 0001:000169BB  3477 0001:000169BE  3480 0001:000169C6
  3482 0001:000169CA  3483 0001:000169D5  3485 0001:000169EC  3486 0001:000169F5
  3489 0001:00016A05  3495 0001:00016A6C  3496 0001:00016A8F  3499 0001:00016A91
  3501 0001:00016AC0  3497 0001:00016AC1  3503 0001:00016AC6  3504 0001:00016ACB
  3507 0001:00016ACD  3513 0001:00016AF8  3514 0001:00016B1B  3517 0001:00016B1D
  3519 0001:00016B4C  3515 0001:00016B4D  3521 0001:00016B52  3522 0001:00016B57
  3525 0001:00016B59  3531 0001:00016B84  3532 0001:00016BA7  3535 0001:00016BA9
  3537 0001:00016BD8  3533 0001:00016BD9  3539 0001:00016BDE  3540 0001:00016BE3
  3543 0001:00016BE5  3549 0001:00016C10  3550 0001:00016C33  3553 0001:00016C35
  3555 0001:00016C64  3551 0001:00016C65  3557 0001:00016C6A  3558 0001:00016C6F
  3561 0001:00016C71  3567 0001:00016C9C  3568 0001:00016CBF  3571 0001:00016CC1
  3573 0001:00016CF0  3569 0001:00016CF1  3575 0001:00016CF6  3576 0001:00016CFB
  3579 0001:00016CFD  3587 0001:00016EAC  3588 0001:00016EB2  3589 0001:00016EC3
  3595 0001:00016EFC  3596 0001:00016F02  3597 0001:00016F13  3603 0001:00016F58
  3604 0001:00016F5E  3605 0001:00016F6F  3612 0001:00016FE8  3613 0001:00016FEE
  3614 0001:00016FFF  3621 0001:00017078  3622 0001:0001707E  3623 0001:0001708F

Line numbers for CPort(CPort.pas) segment .itext

  3625 0002:00000388  3626 0002:000003A6  3627 0002:000003B5  3628 0002:000003C4
  3629 0002:000003D3  3630 0002:000003E2  3631 0002:000003F1  3632 0002:00000400
  3633 0002:0000040F  3634 0002:0000041E  3635 0002:0000042D  3636 0002:0000043C
  3637 0002:0000044B  3638 0002:0000045A  3639 0002:00000469  3640 0002:00000478
  3641 0002:00000487  3642 0002:00000496  3643 0002:000004A5  3644 0002:000004B4
  3645 0002:000004C3  3646 0002:000004D2  3647 0002:000004E1  3648 0002:000004F0
  3649 0002:000004FF  3652 0002:0000050E

Line numbers for .CPortLibDXE2(CPortLibDXE2.dpk) segment .itext

    41 0002:00000B14

Bound resource files

CPortTrmSet.dfm
CPortImg.res
CPortSetup.dfm
CPortLibDXE2.res
C:\TEMP\dtf3321.tmp


Program entry point at 0002:00000B14
