
 Start         Length     Name                   Class
 0001:00401000 00001C94H .text                   CODE
 0002:00403000 000001C4H .itext                  ICODE
 0003:00404000 00000030H .data                   DATA
 0004:00405000 0000001CH .bss                    BSS
 0005:00000000 00000000H .tls                    TLS


Detailed map of segments

 0001:00000000 000000AE C=CODE     S=.text    G=(none)   M=System   ACBP=A9
 0001:000000B0 000001C3 C=CODE     S=.text    G=(none)   M=SysInit  ACBP=A9
 0001:00000274 0000004C C=CODE     S=.text    G=(none)   M=Windows  ACBP=A9
 0001:000002C0 0000002E C=CODE     S=.text    G=(none)   M=Classes  ACBP=A9
 0001:000002F0 00000006 C=CODE     S=.text    G=(none)   M=TypInfo  ACBP=A9
 0001:000002F8 00000006 C=CODE     S=.text    G=(none)   M=SysUtils ACBP=A9
 0001:00000300 00000006 C=CODE     S=.text    G=(none)   M=Variants ACBP=A9
 0001:00000308 00000006 C=CODE     S=.text    G=(none)   M=VarUtils ACBP=A9
 0001:00000310 00000006 C=CODE     S=.text    G=(none)   M=IniFiles ACBP=A9
 0001:00000318 00000006 C=CODE     S=.text    G=(none)   M=Registry ACBP=A9
 0001:00000320 00000006 C=CODE     S=.text    G=(none)   M=Graphics ACBP=A9
 0001:00000328 000000F6 C=CODE     S=.text    G=(none)   M=Controls ACBP=A9
 0001:00000420 00000006 C=CODE     S=.text    G=(none)   M=ActnList ACBP=A9
 0001:00000428 00000006 C=CODE     S=.text    G=(none)   M=Themes   ACBP=A9
 0001:00000430 00000006 C=CODE     S=.text    G=(none)   M=Menus    ACBP=A9
 0001:00000438 00000006 C=CODE     S=.text    G=(none)   M=UxTheme  ACBP=A9
 0001:00000440 00000006 C=CODE     S=.text    G=(none)   M=MultiMon ACBP=A9
 0001:00000448 00000006 C=CODE     S=.text    G=(none)   M=DwmApi   ACBP=A9
 0001:00000450 0000012E C=CODE     S=.text    G=(none)   M=Forms    ACBP=A9
 0001:00000580 00000006 C=CODE     S=.text    G=(none)   M=HelpIntfs ACBP=A9
 0001:00000588 00000016 C=CODE     S=.text    G=(none)   M=Dialogs  ACBP=A9
 0001:000005A0 00000006 C=CODE     S=.text    G=(none)   M=Printers ACBP=A9
 0001:000005A8 00000006 C=CODE     S=.text    G=(none)   M=ExtCtrls ACBP=A9
 0001:000005B0 00000006 C=CODE     S=.text    G=(none)   M=GraphUtil ACBP=A9
 0001:000005B8 00000006 C=CODE     S=.text    G=(none)   M=Clipbrd  ACBP=A9
 0001:000005C0 00000006 C=CODE     S=.text    G=(none)   M=FlatSB   ACBP=A9
 0001:000005C8 00000006 C=CODE     S=.text    G=(none)   M=Buttons  ACBP=A9
 0001:000005D0 00000016 C=CODE     S=.text    G=(none)   M=DesignIntf ACBP=A9
 0001:000005E8 000000F6 C=CODE     S=.text    G=(none)   M=DesignEditors ACBP=A9
 0001:000006E0 00000006 C=CODE     S=.text    G=(none)   M=ToolsAPI ACBP=A9
 0001:000006E8 00000006 C=CODE     S=.text    G=(none)   M=XMLIntf  ACBP=A9
 0001:000006F0 00000006 C=CODE     S=.text    G=(none)   M=xmldom   ACBP=A9
 0001:000006F8 00000006 C=CODE     S=.text    G=(none)   M=msxmldom ACBP=A9
 0001:00000700 00000006 C=CODE     S=.text    G=(none)   M=ComObj   ACBP=A9
 0001:00000708 00000006 C=CODE     S=.text    G=(none)   M=ComCtrls ACBP=A9
 0001:00000710 00000006 C=CODE     S=.text    G=(none)   M=ExtActns ACBP=A9
 0001:00000718 00000006 C=CODE     S=.text    G=(none)   M=ExtDlgs  ACBP=A9
 0001:00000720 00000006 C=CODE     S=.text    G=(none)   M=Mapi     ACBP=A9
 0001:00000728 00000006 C=CODE     S=.text    G=(none)   M=DockForm ACBP=A9
 0001:00000730 00000006 C=CODE     S=.text    G=(none)   M=IDEMessages ACBP=A9
 0001:00000738 00000006 C=CODE     S=.text    G=(none)   M=DeskForm ACBP=A9
 0001:00000740 00000006 C=CODE     S=.text    G=(none)   M=BaseDock ACBP=A9
 0001:00000748 00000006 C=CODE     S=.text    G=(none)   M=PercentageDockTree ACBP=A9
 0001:00000750 00000006 C=CODE     S=.text    G=(none)   M=CaptionedDockTree ACBP=A9
 0001:00000758 00000006 C=CODE     S=.text    G=(none)   M=DockTabSet ACBP=A9
 0001:00000760 00000006 C=CODE     S=.text    G=(none)   M=Tabs     ACBP=A9
 0001:00000768 00000006 C=CODE     S=.text    G=(none)   M=DeskUtil ACBP=A9
 0001:00000770 00000006 C=CODE     S=.text    G=(none)   M=ActnMan  ACBP=A9
 0001:00000778 00000006 C=CODE     S=.text    G=(none)   M=ActnMenus ACBP=A9
 0001:00000780 00000006 C=CODE     S=.text    G=(none)   M=XPStyleActnCtrls ACBP=A9
 0001:00000788 00000006 C=CODE     S=.text    G=(none)   M=Proxies  ACBP=A9
 0001:00000790 00000006 C=CODE     S=.text    G=(none)   M=PropertyCategories ACBP=A9
 0001:00000798 00000016 C=CODE     S=.text    G=(none)   M=CPort    ACBP=A9
 0001:000007B0 0000000E C=CODE     S=.text    G=(none)   M=CPortCtl ACBP=A9
 0001:000007C0 00000296 C=CODE     S=.text    G=(none)   M=CPortAbout ACBP=A9
 0001:00000A58 00000EA2 C=CODE     S=.text    G=(none)   M=CPortReg ACBP=A9
 0001:000018FC 00000397 C=CODE     S=.text    G=(none)   M=.DsgnCPortD2007 ACBP=A9
 0002:00000000 00000006 C=ICODE    S=.itext   G=(none)   M=System   ACBP=A9
 0002:00000008 00000011 C=ICODE    S=.itext   G=(none)   M=Windows  ACBP=A9
 0002:0000001C 00000006 C=ICODE    S=.itext   G=(none)   M=Classes  ACBP=A9
 0002:00000024 00000006 C=ICODE    S=.itext   G=(none)   M=TypInfo  ACBP=A9
 0002:0000002C 00000006 C=ICODE    S=.itext   G=(none)   M=SysUtils ACBP=A9
 0002:00000034 00000006 C=ICODE    S=.itext   G=(none)   M=Variants ACBP=A9
 0002:0000003C 00000006 C=ICODE    S=.itext   G=(none)   M=VarUtils ACBP=A9
 0002:00000044 00000006 C=ICODE    S=.itext   G=(none)   M=IniFiles ACBP=A9
 0002:0000004C 00000006 C=ICODE    S=.itext   G=(none)   M=Registry ACBP=A9
 0002:00000054 00000006 C=ICODE    S=.itext   G=(none)   M=Graphics ACBP=A9
 0002:0000005C 00000006 C=ICODE    S=.itext   G=(none)   M=Controls ACBP=A9
 0002:00000064 00000006 C=ICODE    S=.itext   G=(none)   M=ActnList ACBP=A9
 0002:0000006C 00000006 C=ICODE    S=.itext   G=(none)   M=Themes   ACBP=A9
 0002:00000074 00000006 C=ICODE    S=.itext   G=(none)   M=Menus    ACBP=A9
 0002:0000007C 00000006 C=ICODE    S=.itext   G=(none)   M=UxTheme  ACBP=A9
 0002:00000084 00000006 C=ICODE    S=.itext   G=(none)   M=MultiMon ACBP=A9
 0002:0000008C 00000006 C=ICODE    S=.itext   G=(none)   M=DwmApi   ACBP=A9
 0002:00000094 00000006 C=ICODE    S=.itext   G=(none)   M=Forms    ACBP=A9
 0002:0000009C 00000006 C=ICODE    S=.itext   G=(none)   M=HelpIntfs ACBP=A9
 0002:000000A4 00000006 C=ICODE    S=.itext   G=(none)   M=Dialogs  ACBP=A9
 0002:000000AC 00000006 C=ICODE    S=.itext   G=(none)   M=Printers ACBP=A9
 0002:000000B4 00000006 C=ICODE    S=.itext   G=(none)   M=ExtCtrls ACBP=A9
 0002:000000BC 00000006 C=ICODE    S=.itext   G=(none)   M=GraphUtil ACBP=A9
 0002:000000C4 00000006 C=ICODE    S=.itext   G=(none)   M=Clipbrd  ACBP=A9
 0002:000000CC 00000006 C=ICODE    S=.itext   G=(none)   M=FlatSB   ACBP=A9
 0002:000000D4 00000006 C=ICODE    S=.itext   G=(none)   M=Buttons  ACBP=A9
 0002:000000DC 00000006 C=ICODE    S=.itext   G=(none)   M=DesignEditors ACBP=A9
 0002:000000E4 00000006 C=ICODE    S=.itext   G=(none)   M=ToolsAPI ACBP=A9
 0002:000000EC 00000006 C=ICODE    S=.itext   G=(none)   M=XMLIntf  ACBP=A9
 0002:000000F4 00000006 C=ICODE    S=.itext   G=(none)   M=xmldom   ACBP=A9
 0002:000000FC 00000006 C=ICODE    S=.itext   G=(none)   M=msxmldom ACBP=A9
 0002:00000104 00000006 C=ICODE    S=.itext   G=(none)   M=ComObj   ACBP=A9
 0002:0000010C 00000006 C=ICODE    S=.itext   G=(none)   M=ComCtrls ACBP=A9
 0002:00000114 00000006 C=ICODE    S=.itext   G=(none)   M=ExtActns ACBP=A9
 0002:0000011C 00000006 C=ICODE    S=.itext   G=(none)   M=ExtDlgs  ACBP=A9
 0002:00000124 00000006 C=ICODE    S=.itext   G=(none)   M=Mapi     ACBP=A9
 0002:0000012C 00000006 C=ICODE    S=.itext   G=(none)   M=DockForm ACBP=A9
 0002:00000134 00000006 C=ICODE    S=.itext   G=(none)   M=IDEMessages ACBP=A9
 0002:0000013C 00000006 C=ICODE    S=.itext   G=(none)   M=DeskForm ACBP=A9
 0002:00000144 00000006 C=ICODE    S=.itext   G=(none)   M=BaseDock ACBP=A9
 0002:0000014C 00000006 C=ICODE    S=.itext   G=(none)   M=PercentageDockTree ACBP=A9
 0002:00000154 00000006 C=ICODE    S=.itext   G=(none)   M=CaptionedDockTree ACBP=A9
 0002:0000015C 00000006 C=ICODE    S=.itext   G=(none)   M=DockTabSet ACBP=A9
 0002:00000164 00000006 C=ICODE    S=.itext   G=(none)   M=Tabs     ACBP=A9
 0002:0000016C 00000006 C=ICODE    S=.itext   G=(none)   M=DeskUtil ACBP=A9
 0002:00000174 00000006 C=ICODE    S=.itext   G=(none)   M=ActnMan  ACBP=A9
 0002:0000017C 00000006 C=ICODE    S=.itext   G=(none)   M=ActnMenus ACBP=A9
 0002:00000184 00000006 C=ICODE    S=.itext   G=(none)   M=XPStyleActnCtrls ACBP=A9
 0002:0000018C 00000006 C=ICODE    S=.itext   G=(none)   M=Proxies  ACBP=A9
 0002:00000194 00000006 C=ICODE    S=.itext   G=(none)   M=PropertyCategories ACBP=A9
 0002:0000019C 00000006 C=ICODE    S=.itext   G=(none)   M=CPort    ACBP=A9
 0002:000001A4 00000006 C=ICODE    S=.itext   G=(none)   M=CPortCtl ACBP=A9
 0002:000001AC 00000008 C=ICODE    S=.itext   G=(none)   M=CPortAbout ACBP=A9
 0002:000001B4 00000008 C=ICODE    S=.itext   G=(none)   M=CPortReg ACBP=A9
 0002:000001BC 00000005 C=ICODE    S=.itext   G=(none)   M=.DsgnCPortD2007 ACBP=A9
 0003:00000000 0000002C C=DATA     S=.data    G=DGROUP   M=SysInit  ACBP=A9
 0004:00000000 0000000C C=BSS      S=.bss     G=DGROUP   M=SysInit  ACBP=A9
 0004:0000000C 00000008 C=BSS      S=.bss     G=DGROUP   M=Windows  ACBP=A9
 0004:00000014 00000004 C=BSS      S=.bss     G=DGROUP   M=CPortAbout ACBP=A9
 0004:00000018 00000004 C=BSS      S=.bss     G=DGROUP   M=CPortReg ACBP=A9


  Address             Publics by Name

 0002:000001BC       .DsgnCPortD2007..DsgnCPortD2007
 0001:00001C74       .DsgnCPortD2007.@GetPackageInfoTable
 0001:00001C7C       .DsgnCPortD2007.@PackageLoad
 0001:00001C88       .DsgnCPortD2007.@PackageUnload
 0004:00000014       CPortAbout..2
 0001:000007C0       CPortAbout..TAboutBox
 0002:000001AC       CPortAbout.CPortAbout
 0001:00000A28       CPortAbout.Finalization
 0001:000009D8       CPortAbout.ShowAbout
 0001:000009FC       CPortAbout.TAboutBox.FormCreate
 0004:00000018       CPortReg..6
 0001:00000D24       CPortReg..TComFontProperty
 0001:00000A58       CPortReg..TComLibraryEditor
 0001:00000B00       CPortReg..TComPortEditor
 0001:00000C50       CPortReg..TComPortProperty
 0001:00000BA4       CPortReg..TComTerminalEditor
 0002:000001B4       CPortReg.CPortReg
 0001:000018CC       CPortReg.Finalization
 0001:00001120       CPortReg.Register
 0001:00001084       CPortReg.TComFontProperty.Edit
 0001:00001114       CPortReg.TComFontProperty.GetAttributes
 0001:00000DF8       CPortReg.TComLibraryEditor.ExecuteVerb
 0001:00000E04       CPortReg.TComLibraryEditor.GetVerb
 0001:00000E44       CPortReg.TComLibraryEditor.GetVerbCount
 0001:00000E4C       CPortReg.TComPortEditor.Edit
 0001:00000EA8       CPortReg.TComPortEditor.ExecuteVerb
 0001:00000EC4       CPortReg.TComPortEditor.GetVerb
 0001:00000F04       CPortReg.TComPortEditor.GetVerbCount
 0001:00000FE8       CPortReg.TComPortProperty.GetAttributes
 0001:00000FF4       CPortReg.TComPortProperty.GetValues
 0001:00000F14       CPortReg.TComTerminalEditor.Edit
 0001:00000F70       CPortReg.TComTerminalEditor.ExecuteVerb
 0001:00000F8C       CPortReg.TComTerminalEditor.GetVerb
 0001:00000FD8       CPortReg.TComTerminalEditor.GetVerbCount
 0001:000001F8       SysInit.@InitPkg
 0001:0000025C       SysInit.@PackageLoad
 0001:00000268       SysInit.@PackageUnload
 0001:000000E8       SysInit.AllocTlsBuffer
 0001:000001A4       SysInit.ExitProcessTLS
 0001:0000016C       SysInit.ExitThreadTLS
 0001:000000B0       SysInit.FreeLibrary
 0001:000000F4       SysInit.GetTlsSize
 0004:00000004       SysInit.HInstance
 0001:000001C8       SysInit.InitializeModule
 0001:00000140       SysInit.InitProcessTLS
 0001:000000FC       SysInit.InitThreadTLS
 0001:000000B8       SysInit.LocalAlloc
 0001:000000C0       SysInit.LocalFree
 0003:00000004       SysInit.Module
 0004:00000000       SysInit.ModuleIsLib
 0004:00000001       SysInit.ModuleIsPackage
 0001:000000C8       SysInit.TlsAlloc
 0004:00000008       SysInit.tlsBuffer
 0001:000000D0       SysInit.TlsFree
 0001:000000D8       SysInit.TlsGetValue
 0003:00000000       SysInit.TlsIndex
 0005:00000000       SysInit.TlsLast
 0003:0000001C       SysInit.TlsProc
 0001:000000E0       SysInit.TlsSetValue
 0001:000001D4       SysInit.UninitializeModule
 0004:0000000C       Windows..3
 0001:0000027C       Windows.Finalization
 0001:00000274       Windows.FreeLibrary
 0004:00000010       Windows.HtmlHelpModule
 0002:00000008       Windows.Windows


  Address             Publics by Value

 0001:000000B0       SysInit.FreeLibrary
 0001:000000B8       SysInit.LocalAlloc
 0001:000000C0       SysInit.LocalFree
 0001:000000C8       SysInit.TlsAlloc
 0001:000000D0       SysInit.TlsFree
 0001:000000D8       SysInit.TlsGetValue
 0001:000000E0       SysInit.TlsSetValue
 0001:000000E8       SysInit.AllocTlsBuffer
 0001:000000F4       SysInit.GetTlsSize
 0001:000000FC       SysInit.InitThreadTLS
 0001:00000140       SysInit.InitProcessTLS
 0001:0000016C       SysInit.ExitThreadTLS
 0001:000001A4       SysInit.ExitProcessTLS
 0001:000001C8       SysInit.InitializeModule
 0001:000001D4       SysInit.UninitializeModule
 0001:000001F8       SysInit.@InitPkg
 0001:0000025C       SysInit.@PackageLoad
 0001:00000268       SysInit.@PackageUnload
 0001:00000274       Windows.FreeLibrary
 0001:0000027C       Windows.Finalization
 0001:000007C0       CPortAbout..TAboutBox
 0001:000009D8       CPortAbout.ShowAbout
 0001:000009FC       CPortAbout.TAboutBox.FormCreate
 0001:00000A28       CPortAbout.Finalization
 0001:00000A58       CPortReg..TComLibraryEditor
 0001:00000B00       CPortReg..TComPortEditor
 0001:00000BA4       CPortReg..TComTerminalEditor
 0001:00000C50       CPortReg..TComPortProperty
 0001:00000D24       CPortReg..TComFontProperty
 0001:00000DF8       CPortReg.TComLibraryEditor.ExecuteVerb
 0001:00000E04       CPortReg.TComLibraryEditor.GetVerb
 0001:00000E44       CPortReg.TComLibraryEditor.GetVerbCount
 0001:00000E4C       CPortReg.TComPortEditor.Edit
 0001:00000EA8       CPortReg.TComPortEditor.ExecuteVerb
 0001:00000EC4       CPortReg.TComPortEditor.GetVerb
 0001:00000F04       CPortReg.TComPortEditor.GetVerbCount
 0001:00000F14       CPortReg.TComTerminalEditor.Edit
 0001:00000F70       CPortReg.TComTerminalEditor.ExecuteVerb
 0001:00000F8C       CPortReg.TComTerminalEditor.GetVerb
 0001:00000FD8       CPortReg.TComTerminalEditor.GetVerbCount
 0001:00000FE8       CPortReg.TComPortProperty.GetAttributes
 0001:00000FF4       CPortReg.TComPortProperty.GetValues
 0001:00001084       CPortReg.TComFontProperty.Edit
 0001:00001114       CPortReg.TComFontProperty.GetAttributes
 0001:00001120       CPortReg.Register
 0001:000018CC       CPortReg.Finalization
 0001:00001C74       .DsgnCPortD2007.@GetPackageInfoTable
 0001:00001C7C       .DsgnCPortD2007.@PackageLoad
 0001:00001C88       .DsgnCPortD2007.@PackageUnload
 0002:00000008       Windows.Windows
 0002:000001AC       CPortAbout.CPortAbout
 0002:000001B4       CPortReg.CPortReg
 0002:000001BC       .DsgnCPortD2007..DsgnCPortD2007
 0003:00000000       SysInit.TlsIndex
 0003:00000004       SysInit.Module
 0003:0000001C       SysInit.TlsProc
 0004:00000000       SysInit.ModuleIsLib
 0004:00000001       SysInit.ModuleIsPackage
 0004:00000004       SysInit.HInstance
 0004:00000008       SysInit.tlsBuffer
 0004:0000000C       Windows..3
 0004:00000010       Windows.HtmlHelpModule
 0004:00000014       CPortAbout..2
 0004:00000018       CPortReg..6
 0005:00000000       SysInit.TlsLast


Line numbers for CPortAbout(CPortAbout.pas) segment .text

    47 0001:000009D8    48 0001:000009D9    50 0001:000009E9    51 0001:000009F3
    53 0001:000009FA    57 0001:000009FC    58 0001:00000A0C

Line numbers for CPortAbout(CPortAbout.pas) segment .itext

    60 0002:000001AC

Line numbers for CPortReg(CPortReg.pas) segment .text

   124 0001:00000DF8   125 0001:00000DFC   126 0001:00000E01   129 0001:00000E04
   130 0001:00000E07   131 0001:00000E0B   132 0001:00000E17   136 0001:00000E44
   137 0001:00000E49   153 0001:00000E4C   154 0001:00000E62   155 0001:00000E75
   156 0001:00000E87   159 0001:00000EA8   160 0001:00000EAE   161 0001:00000EB7
   162 0001:00000EBA   163 0001:00000EC1   176 0001:00000EC4   177 0001:00000ECD
   178 0001:00000ED8   179 0001:00000EDB   180 0001:00000EE7   183 0001:00000F04
   184 0001:00000F07   185 0001:00000F0F   192 0001:00000F14   193 0001:00000F2A
   194 0001:00000F3D   195 0001:00000F4F   198 0001:00000F70   199 0001:00000F76
   200 0001:00000F7F   201 0001:00000F82   202 0001:00000F89   215 0001:00000F8C
   216 0001:00000F95   217 0001:00000FA0   218 0001:00000FA3   219 0001:00000FAF
   222 0001:00000FD8   223 0001:00000FDB   224 0001:00000FE3   232 0001:00000FE8
   233 0001:00000FEF   239 0001:00000FF4   240 0001:00001010   241 0001:0000101E
   242 0001:00001025   243 0001:0000103B   242 0001:00001054   244 0001:00001057
   245 0001:0000105E   254 0001:00001084   255 0001:0000108B   256 0001:000010A2
   257 0001:000010B0   258 0001:000010C1   259 0001:000010D6   261 0001:000010FC
   263 0001:0000110C   267 0001:00001114   268 0001:0000111B   345 0001:00001120
   346 0001:00001126   348 0001:0000116C   349 0001:0000117C   350 0001:0000118C
   351 0001:0000119C   352 0001:000011AC   353 0001:000011BC   354 0001:000011CC
   355 0001:000011E7   375 0001:00001202   381 0001:00001311   383 0001:0000135D
   385 0001:000013B2   387 0001:000013E3   391 0001:00001474

Line numbers for CPortReg(CPortReg.pas) segment .itext

   393 0002:000001B4

Line numbers for .DsgnCPortD2007(DsgnCPortD2007.dpk) segment .itext

    38 0002:000001BC

Bound resource files

CPortAbout.dfm
CPortImg.res
DsgnCPortD2007.res
C:\TEMP\dtfFF09.tmp


Program entry point at 0002:000001BC
